Archive member included to satisfy reference by file (symbol)

.\CortexM3\ARM_GCC_541\Debug\Final_Project.a(INT_Led.o)
                              .\CortexM3\ARM_GCC_541\Debug\main.o (INT_Led_Write)
.\CortexM3\ARM_GCC_541\Debug\Final_Project.a(RED_Led.o)
                              .\CortexM3\ARM_GCC_541\Debug\main.o (RED_Led_Write)
.\CortexM3\ARM_GCC_541\Debug\Final_Project.a(GREEN_Led.o)
                              .\CortexM3\ARM_GCC_541\Debug\main.o (GREEN_Led_Write)
.\CortexM3\ARM_GCC_541\Debug\Final_Project.a(BLUE_Led.o)
                              .\CortexM3\ARM_GCC_541\Debug\main.o (BLUE_Led_Write)
.\CortexM3\ARM_GCC_541\Debug\Final_Project.a(isr_LIS3DH.o)
                              .\CortexM3\ARM_GCC_541\Debug\main.o (isr_LIS3DH_StartEx)
.\CortexM3\ARM_GCC_541\Debug\Final_Project.a(SDO_LIS3DH.o)
                              .\CortexM3\ARM_GCC_541\Debug\main.o (SDO_LIS3DH_Write)
.\CortexM3\ARM_GCC_541\Debug\Final_Project.a(CS_LIS3DH.o)
                              .\CortexM3\ARM_GCC_541\Debug\main.o (CS_LIS3DH_Write)
.\CortexM3\ARM_GCC_541\Debug\Final_Project.a(I2C_Master.o)
                              .\CortexM3\ARM_GCC_541\Debug\I2C_interface.o (I2C_Master_Start)
.\CortexM3\ARM_GCC_541\Debug\Final_Project.a(I2C_Master_INT.o)
                              .\CortexM3\ARM_GCC_541\Debug\Final_Project.a(I2C_Master.o) (I2C_Master_ISR)
.\CortexM3\ARM_GCC_541\Debug\Final_Project.a(I2C_Master_PM.o)
                              .\CortexM3\ARM_GCC_541\Debug\Final_Project.a(I2C_Master.o) (I2C_Master_backup)
.\CortexM3\ARM_GCC_541\Debug\Final_Project.a(I2C_Master_MASTER.o)
                              .\CortexM3\ARM_GCC_541\Debug\Final_Project.a(I2C_Master.o) (I2C_Master_mstrStatus)
.\CortexM3\ARM_GCC_541\Debug\Final_Project.a(UART_Debug.o)
                              .\CortexM3\ARM_GCC_541\Debug\main.o (UART_Debug_Start)
.\CortexM3\ARM_GCC_541\Debug\Final_Project.a(CS_1.o)
                              .\CortexM3\ARM_GCC_541\Debug\SPI_Interface.o (CS_1_Write)
.\CortexM3\ARM_GCC_541\Debug\Final_Project.a(SPIM_1.o)
                              .\CortexM3\ARM_GCC_541\Debug\main.o (SPIM_1_Stop)
.\CortexM3\ARM_GCC_541\Debug\Final_Project.a(SPIM_1_INT.o)
                              .\CortexM3\ARM_GCC_541\Debug\Final_Project.a(SPIM_1.o) (SPIM_1_TX_ISR)
.\CortexM3\ARM_GCC_541\Debug\Final_Project.a(Timer.o)
                              .\CortexM3\ARM_GCC_541\Debug\Interrupt_Routines.o (Timer_ReadStatusRegister)
.\CortexM3\ARM_GCC_541\Debug\Final_Project.a(isr_TIMER.o)
                              .\CortexM3\ARM_GCC_541\Debug\main.o (isr_TIMER_StartEx)
.\CortexM3\ARM_GCC_541\Debug\Final_Project.a(isr_Button.o)
                              .\CortexM3\ARM_GCC_541\Debug\main.o (isr_Button_StartEx)
.\CortexM3\ARM_GCC_541\Debug\Final_Project.a(Timer_Button.o)
                              .\CortexM3\ARM_GCC_541\Debug\Interrupt_Routines.o (Timer_Button_ReadStatusRegister)
.\CortexM3\ARM_GCC_541\Debug\Final_Project.a(UART_Debug_IntClock.o)
                              .\CortexM3\ARM_GCC_541\Debug\Final_Project.a(UART_Debug.o) (UART_Debug_IntClock_Start)
.\CortexM3\ARM_GCC_541\Debug\Final_Project.a(SPIM_1_IntClock.o)
                              .\CortexM3\ARM_GCC_541\Debug\Final_Project.a(SPIM_1.o) (SPIM_1_IntClock_Start)
.\CortexM3\ARM_GCC_541\Debug\Final_Project.a(CyLib.o)
                              .\CortexM3\ARM_GCC_541\Debug\Cm3Start.o (CyHalt)
.\CortexM3\ARM_GCC_541\Debug\Final_Project.a(cyPm.o)
                              .\CortexM3\ARM_GCC_541\Debug\Final_Project.a(CyLib.o) (CyPmReadStatus)
.\CortexM3\ARM_GCC_541\Debug\Final_Project.a(CyBootAsmGnu.o)
                              .\CortexM3\ARM_GCC_541\Debug\cyfitter_cfg.o (CyDelayCycles)
.\CortexM3\ARM_GCC_541\Debug\Final_Project.a(CyFlash.o)
                              .\CortexM3\ARM_GCC_541\Debug\Final_Project.a(cyPm.o) (CyFlash_SetWaitCycles)
.\CortexM3\ARM_GCC_541\Debug\Final_Project.a(CySpc.o)
                              .\CortexM3\ARM_GCC_541\Debug\Final_Project.a(CyFlash.o) (CySpcStart)
c:/program files (x86)/cypress/psoc creator/4.3/psoc creator/import/gnu/arm/5.4.1/bin/../lib/gcc/arm-none-eabi/5.4.1/armv7-m\libgcc.a(_arm_addsubdf3.o)
                              .\CortexM3\ARM_GCC_541\Debug\main.o (__aeabi_dsub)
c:/program files (x86)/cypress/psoc creator/4.3/psoc creator/import/gnu/arm/5.4.1/bin/../lib/gcc/arm-none-eabi/5.4.1/armv7-m\libgcc.a(_arm_muldivdf3.o)
                              .\CortexM3\ARM_GCC_541\Debug\main.o (__aeabi_dmul)
c:/program files (x86)/cypress/psoc creator/4.3/psoc creator/import/gnu/arm/5.4.1/bin/../lib/gcc/arm-none-eabi/5.4.1/armv7-m\libgcc.a(_arm_fixunsdfsi.o)
                              .\CortexM3\ARM_GCC_541\Debug\main.o (__aeabi_d2uiz)
c:/program files (x86)/cypress/psoc creator/4.3/psoc creator/import/gnu/arm/5.4.1/bin/../lib/gcc/arm-none-eabi/5.4.1/../../../../arm-none-eabi/lib/armv7-m\libg_nano.a(lib_a-errno.o)
[...]
Memory Configuration

Name             Origin             Length             Attributes
rom              0x00000000         0x00040000         xr
ram              0x1fff8000         0x00010000         xrw
*default*        0x00000000         0xffffffff

Linker script and memory map

LOAD c:/program files (x86)/cypress/psoc creator/4.3/psoc creator/import/gnu/arm/5.4.1/bin/../lib/gcc/arm-none-eabi/5.4.1/armv7-m/crti.o
LOAD c:/program files (x86)/cypress/psoc creator/4.3/psoc creator/import/gnu/arm/5.4.1/bin/../lib/gcc/arm-none-eabi/5.4.1/armv7-m/crtbegin.o
LOAD c:/program files (x86)/cypress/psoc creator/4.3/psoc creator/import/gnu/arm/5.4.1/bin/../lib/gcc/arm-none-eabi/5.4.1/../../../../arm-none-eabi/lib/armv7-m/crt0.o
START GROUP
LOAD .\CortexM3\ARM_GCC_541\Debug\main.o
LOAD .\CortexM3\ARM_GCC_541\Debug\I2C_interface.o
LOAD .\CortexM3\ARM_GCC_541\Debug\Ctrl_Reg_Functions.o
LOAD .\CortexM3\ARM_GCC_541\Debug\Interrupt_Routines.o
LOAD .\CortexM3\ARM_GCC_541\Debug\SPI_Interface.o
LOAD .\CortexM3\ARM_GCC_541\Debug\EEPROM_Interface.o
LOAD .\CortexM3\ARM_GCC_541\Debug\cyfitter_cfg.o
LOAD .\CortexM3\ARM_GCC_541\Debug\cymetadata.o
LOAD .\CortexM3\ARM_GCC_541\Debug\Cm3Start.o
LOAD .\CortexM3\ARM_GCC_541\Debug\Final_Project.a
LOAD C:\Program Files (x86)\Cypress\PSoC Creator\4.3\PSoC Creator\psoc\content\cycomponentlibrary\CyComponentLibrary.cylib\CortexM3\ARM_GCC_541\Debug\CyComponentLibrary.a
END GROUP
START GROUP
LOAD c:/program files (x86)/cypress/psoc creator/4.3/psoc creator/import/gnu/arm/5.4.1/bin/../lib/gcc/arm-none-eabi/5.4.1/armv7-m\libgcc.a
LOAD c:/program files (x86)/cypress/psoc creator/4.3/psoc creator/import/gnu/arm/5.4.1/bin/../lib/gcc/arm-none-eabi/5.4.1/../../../../arm-none-eabi/lib/armv7-m\libg_nano.a
LOAD c:/program files (x86)/cypress/psoc creator/4.3/psoc creator/import/gnu/arm/5.4.1/bin/../lib/gcc/arm-none-eabi/5.4.1/../../../../arm-none-eabi/lib/armv7-m\libc_nano.a
END GROUP
START GROUP
LOAD c:/program files (x86)/cypress/psoc creator/4.3/psoc creator/import/gnu/arm/5.4.1/bin/../lib/gcc/arm-none-eabi/5.4.1/armv7-m\libgcc.a
LOAD c:/program files (x86)/cypress/psoc creator/4.3/psoc creator/import/gnu/arm/5.4.1/bin/../lib/gcc/arm-none-eabi/5.4.1/../../../../arm-none-eabi/lib/armv7-m\libc_nano.a
END GROUP
LOAD c:/program files (x86)/cypress/psoc creator/4.3/psoc creator/import/gnu/arm/5.4.1/bin/../lib/gcc/arm-none-eabi/5.4.1/armv7-m/crtend.o
LOAD c:/program files (x86)/cypress/psoc creator/4.3/psoc creator/import/gnu/arm/5.4.1/bin/../lib/gcc/arm-none-eabi/5.4.1/armv7-m/crtn.o
START GROUP
LOAD c:/program files (x86)/cypress/psoc creator/4.3/psoc creator/import/gnu/arm/5.4.1/bin/../lib/gcc/arm-none-eabi/5.4.1/armv7-m\libgcc.a
LOAD c:/program files (x86)/cypress/psoc creator/4.3/psoc creator/import/gnu/arm/5.4.1/bin/../lib/gcc/arm-none-eabi/5.4.1/../../../../arm-none-eabi/lib/armv7-m\libc.a
LOAD c:/program files (x86)/cypress/psoc creator/4.3/psoc creator/import/gnu/arm/5.4.1/bin/../lib/gcc/arm-none-eabi/5.4.1/../../../../arm-none-eabi/lib/armv7-m\libnosys.a
END GROUP
                0x00000000                CY_APPL_ORIGIN = 0x0
                0x00000100                CY_FLASH_ROW_SIZE = 0x100
                0x00000020                CY_ECC_ROW_SIZE = 0x20
                0x00000000                CY_EE_IN_BTLDR = 0x0
                0x00000000                CY_APPL_LOADABLE = 0x0
                0x00000800                CY_EE_SIZE = 0x800
                0x00000001                CY_APPL_NUM = 0x1
                0x00000001                CY_APPL_MAX = 0x1
                0x00000040                CY_METADATA_SIZE = 0x40
                0x00000000                CY_APPL_LOADABLE = 0x0
                0x00000000                CY_CHECKSUM_EXCLUDE_SIZE = ALIGN (0x0, CY_FLASH_ROW_SIZE)
                [!provide]                PROVIDE (__cy_heap_start, _end)
                0x00000001                PROVIDE (__cy_region_num, ((__cy_regions_end - __cy_regions) / 0x10))
                0x20008000                PROVIDE (__cy_stack, (ORIGIN (ram) + LENGTH (ram)))
                [!provide]                PROVIDE (__cy_heap_end, (__cy_stack - 0x800))

.cybootloader   0x00000000        0x0
 *(.cybootloader)
                0x00000000                appl1_start = CY_APPL_ORIGIN?CY_APPL_ORIGIN:ALIGN (CY_FLASH_ROW_SIZE)
                0x0001ff00                appl2_start = (appl1_start + ALIGN ((((LENGTH (rom) - appl1_start) - (0x2 * CY_FLASH_ROW_SIZE)) / 0x2), CY_FLASH_ROW_SIZE))
                0x00000000                appl_start = (CY_APPL_NUM == 0x1)?appl1_start:appl2_start
                0x00000000                ecc_offset = ((appl_start / CY_FLASH_ROW_SIZE) * CY_ECC_ROW_SIZE)
                0x00000000                ee_offset = (CY_APPL_LOADABLE && ! (CY_EE_IN_BTLDR))?((CY_EE_SIZE / CY_APPL_MAX) * (CY_APPL_NUM - 0x1)):0x0
                0x00000800                ee_size = (CY_APPL_LOADABLE && ! (CY_EE_IN_BTLDR))?(CY_EE_SIZE / CY_APPL_MAX):CY_EE_SIZE
                [!provide]                PROVIDE (CY_ECC_OFFSET, ecc_offset)

.text           0x00000000     0x3354
 CREATE_OBJECT_SYMBOLS
                0x00000000                PROVIDE (__cy_interrupt_vector, RomVectors)
 *(.romvectors)
 .romvectors    0x00000000       0x10 .\CortexM3\ARM_GCC_541\Debug\Cm3Start.o
                0x00000000                RomVectors
                0x00000001                ASSERT ((. != __cy_interrupt_vector), No interrupt vector)
                0x00000001                ASSERT (CY_APPL_ORIGIN?(SIZEOF (.cybootloader) <= CY_APPL_ORIGIN):0x1, Wrong image location)
                0x00000010                PROVIDE (__cy_reset, Reset)
 *(.text.Reset)
 .text.Reset    0x00000010       0x18 .\CortexM3\ARM_GCC_541\Debug\Cm3Start.o
                0x00000010                Reset
                0x00000001                ASSERT ((. != __cy_reset), No reset code)
 *(.dma_init)
                0x00000001                ASSERT ((((appl_start + .) <= 0x10000) || 0x1), DMA Init must be within the first 64k of flash)
 *(.text .text.* .gnu.linkonce.t.*)
 .text          0x00000028       0x5c c:/program files (x86)/cypress/psoc creator/4.3/psoc creator/import/gnu/arm/5.4.1/bin/../lib/gcc/arm-none-eabi/5.4.1/armv7-m/crtbegin.o
 *fill*         0x00000084        0x4 
 .text.main     0x00000088      0x830 .\CortexM3\ARM_GCC_541\Debug\main.o
                0x00000088                main
 .text.I2C_Peripheral_Start
                0x000008b8        0xc .\CortexM3\ARM_GCC_541\Debug\I2C_interface.o
                0x000008b8                I2C_Peripheral_Start
 .text.I2C_Peripheral_Stop
                0x000008c4        0xc .\CortexM3\ARM_GCC_541\Debug\I2C_interface.o
                0x000008c4                I2C_Peripheral_Stop
 .text.I2C_Peripheral_ReadRegister
                0x000008d0       0x40 .\CortexM3\ARM_GCC_541\Debug\I2C_interface.o
                0x000008d0                I2C_Peripheral_ReadRegister
 .text.I2C_Peripheral_ReadRegisterMulti
                0x00000910       0x64 .\CortexM3\ARM_GCC_541\Debug\I2C_interface.o
                0x00000910                I2C_Peripheral_ReadRegisterMulti
 .text.I2C_Peripheral_WriteRegister
                0x00000974       0x30 .\CortexM3\ARM_GCC_541\Debug\I2C_interface.o
                0x00000974                I2C_Peripheral_WriteRegister
 .text.I2C_Peripheral_IsDeviceConnected
                0x000009a4       0x18 .\CortexM3\ARM_GCC_541\Debug\I2C_interface.o
                0x000009a4                I2C_Peripheral_IsDeviceConnected
 .text.ISR_LIS3DH_FIFO_WATERMARK
                0x000009bc       0x60 .\CortexM3\ARM_GCC_541\Debug\Interrupt_Routines.o
                0x000009bc                ISR_LIS3DH_FIFO_WATERMARK
 .text.ISR_TIMER
                0x00000a1c      0x1b4 .\CortexM3\ARM_GCC_541\Debug\Interrupt_Routines.o
                0x00000a1c                ISR_TIMER
 .text.ISR_COUNTER_BUTTON
                0x00000bd0       0x38 .\CortexM3\ARM_GCC_541\Debug\Interrupt_Routines.o
                0x00000bd0                ISR_COUNTER_BUTTON
 .text.SPI_Interface_tradeByte
                0x00000c08       0x2c .\CortexM3\ARM_GCC_541\Debug\SPI_Interface.o
                0x00000c08                SPI_Interface_tradeByte
 .text.SPI_Interface_ReadByte
                0x00000c34       0x34 .\CortexM3\ARM_GCC_541\Debug\SPI_Interface.o
                0x00000c34                SPI_Interface_ReadByte
 .text.SPI_Interface_Multi_RW
                0x00000c68       0xb8 .\CortexM3\ARM_GCC_541\Debug\SPI_Interface.o
                0x00000c68                SPI_Interface_Multi_RW
 .text.EEPROM_readStatus
                0x00000d20        0xc .\CortexM3\ARM_GCC_541\Debug\EEPROM_Interface.o
                0x00000d20                EEPROM_readStatus
 .text.EEPROM_writeEnable
                0x00000d2c        0xc .\CortexM3\ARM_GCC_541\Debug\EEPROM_Interface.o
                0x00000d2c                EEPROM_writeEnable
 .text.EEPROM_readByte
                0x00000d38       0x30 .\CortexM3\ARM_GCC_541\Debug\EEPROM_Interface.o
                0x00000d38                EEPROM_readByte
 .text.EEPROM_writeByte
                0x00000d68       0x38 .\CortexM3\ARM_GCC_541\Debug\EEPROM_Interface.o
                0x00000d68                EEPROM_writeByte
 .text.EEPROM_readPage
                0x00000da0       0x24 .\CortexM3\ARM_GCC_541\Debug\EEPROM_Interface.o
                0x00000da0                EEPROM_readPage
 .text.EEPROM_writePage
                0x00000dc4       0x5c .\CortexM3\ARM_GCC_541\Debug\EEPROM_Interface.o
                0x00000dc4                EEPROM_writePage
 .text.EEPROM_waitForWriteComplete
                0x00000e20       0x10 .\CortexM3\ARM_GCC_541\Debug\EEPROM_Interface.o
                0x00000e20                EEPROM_waitForWriteComplete
 .text.CyClockStartupError
                0x00000e30        0x4 .\CortexM3\ARM_GCC_541\Debug\cyfitter_cfg.o
 .text.cfg_write_bytes32
                0x00000e34       0x34 .\CortexM3\ARM_GCC_541\Debug\cyfitter_cfg.o
 .text.AnalogSetDefault
                0x00000e68       0x40 .\CortexM3\ARM_GCC_541\Debug\cyfitter_cfg.o
 .text.CYMEMZERO
                0x00000ea8        0xc .\CortexM3\ARM_GCC_541\Debug\cyfitter_cfg.o
 .text.CYCONFIGCPY
                0x00000eb4        0x8 .\CortexM3\ARM_GCC_541\Debug\cyfitter_cfg.o
 .text.ClockSetup
                0x00000ebc      0x120 .\CortexM3\ARM_GCC_541\Debug\cyfitter_cfg.o
 .text.cyfitter_cfg
                0x00000fdc      0x13c .\CortexM3\ARM_GCC_541\Debug\cyfitter_cfg.o
                0x00000fdc                cyfitter_cfg
 .text.IntDefaultHandler
                0x00001118       0x10 .\CortexM3\ARM_GCC_541\Debug\Cm3Start.o
                0x00001118                IntDefaultHandler
 .text._sbrk    0x00001128       0x30 .\CortexM3\ARM_GCC_541\Debug\Cm3Start.o
                0x00001128                _sbrk
 .text.Start_c  0x00001158       0x4c .\CortexM3\ARM_GCC_541\Debug\Cm3Start.o
                0x00001158                Start_c
 .text.initialize_psoc
                0x000011a4       0x68 .\CortexM3\ARM_GCC_541\Debug\Cm3Start.o
                0x000011a4                initialize_psoc
 .text.INT_Led_Write
                0x0000120c       0x18 .\CortexM3\ARM_GCC_541\Debug\Final_Project.a(INT_Led.o)
                0x0000120c                INT_Led_Write
 .text.RED_Led_Write
                0x00001224       0x18 .\CortexM3\ARM_GCC_541\Debug\Final_Project.a(RED_Led.o)
                0x00001224                RED_Led_Write
 .text.RED_Led_Read
                0x0000123c        0xc .\CortexM3\ARM_GCC_541\Debug\Final_Project.a(RED_Led.o)
                0x0000123c                RED_Led_Read
 .text.GREEN_Led_Write
                0x00001248       0x18 .\CortexM3\ARM_GCC_541\Debug\Final_Project.a(GREEN_Led.o)
                0x00001248                GREEN_Led_Write
 .text.GREEN_Led_Read
                0x00001260       0x10 .\CortexM3\ARM_GCC_541\Debug\Final_Project.a(GREEN_Led.o)
                0x00001260                GREEN_Led_Read
 .text.BLUE_Led_Write
                0x00001270       0x18 .\CortexM3\ARM_GCC_541\Debug\Final_Project.a(BLUE_Led.o)
                0x00001270                BLUE_Led_Write
 .text.BLUE_Led_Read
                0x00001288       0x10 .\CortexM3\ARM_GCC_541\Debug\Final_Project.a(BLUE_Led.o)
                0x00001288                BLUE_Led_Read
 .text.isr_LIS3DH_SetVector
                0x00001298        0xc .\CortexM3\ARM_GCC_541\Debug\Final_Project.a(isr_LIS3DH.o)
                0x00001298                isr_LIS3DH_SetVector
 .text.isr_LIS3DH_SetPriority
                0x000012a4       0x10 .\CortexM3\ARM_GCC_541\Debug\Final_Project.a(isr_LIS3DH.o)
                0x000012a4                isr_LIS3DH_SetPriority
 .text.isr_LIS3DH_Enable
                0x000012b4        0xc .\CortexM3\ARM_GCC_541\Debug\Final_Project.a(isr_LIS3DH.o)
                0x000012b4                isr_LIS3DH_Enable
 .text.isr_LIS3DH_Disable
                0x000012c0        0xc .\CortexM3\ARM_GCC_541\Debug\Final_Project.a(isr_LIS3DH.o)
                0x000012c0                isr_LIS3DH_Disable
 .text.isr_LIS3DH_StartEx
                0x000012cc       0x1c .\CortexM3\ARM_GCC_541\Debug\Final_Project.a(isr_LIS3DH.o)
                0x000012cc                isr_LIS3DH_StartEx
 .text.isr_LIS3DH_Stop
                0x000012e8       0x14 .\CortexM3\ARM_GCC_541\Debug\Final_Project.a(isr_LIS3DH.o)
                0x000012e8                isr_LIS3DH_Stop
 .text.SDO_LIS3DH_Write
                0x000012fc       0x18 .\CortexM3\ARM_GCC_541\Debug\Final_Project.a(SDO_LIS3DH.o)
                0x000012fc                SDO_LIS3DH_Write
 .text.CS_LIS3DH_Write
                0x00001314       0x18 .\CortexM3\ARM_GCC_541\Debug\Final_Project.a(CS_LIS3DH.o)
                0x00001314                CS_LIS3DH_Write
 .text.I2C_Master_Init
                0x0000132c       0x68 .\CortexM3\ARM_GCC_541\Debug\Final_Project.a(I2C_Master.o)
                0x0000132c                I2C_Master_Init
 .text.I2C_Master_Enable
                0x00001394       0x24 .\CortexM3\ARM_GCC_541\Debug\Final_Project.a(I2C_Master.o)
                0x00001394                I2C_Master_Enable
 .text.I2C_Master_Start
                0x000013b8       0x28 .\CortexM3\ARM_GCC_541\Debug\Final_Project.a(I2C_Master.o)
                0x000013b8                I2C_Master_Start
 .text.I2C_Master_Stop
                0x000013e0       0xb4 .\CortexM3\ARM_GCC_541\Debug\Final_Project.a(I2C_Master.o)
                0x000013e0                I2C_Master_Stop
 .text.I2C_Master_ISR
                0x00001494      0x2d0 .\CortexM3\ARM_GCC_541\Debug\Final_Project.a(I2C_Master_INT.o)
                0x00001494                I2C_Master_ISR
 .text.I2C_Master_MasterSendStart
                0x00001764       0x80 .\CortexM3\ARM_GCC_541\Debug\Final_Project.a(I2C_Master_MASTER.o)
                0x00001764                I2C_Master_MasterSendStart
 .text.I2C_Master_MasterSendRestart
                0x000017e4       0x6c .\CortexM3\ARM_GCC_541\Debug\Final_Project.a(I2C_Master_MASTER.o)
                0x000017e4                I2C_Master_MasterSendRestart
 .text.I2C_Master_MasterSendStop
                0x00001850       0x38 .\CortexM3\ARM_GCC_541\Debug\Final_Project.a(I2C_Master_MASTER.o)
                0x00001850                I2C_Master_MasterSendStop
 .text.I2C_Master_MasterWriteByte
                0x00001888       0x58 .\CortexM3\ARM_GCC_541\Debug\Final_Project.a(I2C_Master_MASTER.o)
                0x00001888                I2C_Master_MasterWriteByte
 .text.I2C_Master_MasterReadByte
                0x000018e0       0x58 .\CortexM3\ARM_GCC_541\Debug\Final_Project.a(I2C_Master_MASTER.o)
                0x000018e0                I2C_Master_MasterReadByte
 .text.UART_Debug_Init
                0x00001938       0x28 .\CortexM3\ARM_GCC_541\Debug\Final_Project.a(UART_Debug.o)
                0x00001938                UART_Debug_Init
 .text.UART_Debug_Enable
                0x00001960       0x38 .\CortexM3\ARM_GCC_541\Debug\Final_Project.a(UART_Debug.o)
                0x00001960                UART_Debug_Enable
 .text.UART_Debug_Start
                0x00001998       0x1c .\CortexM3\ARM_GCC_541\Debug\Final_Project.a(UART_Debug.o)
                0x00001998                UART_Debug_Start
 .text.UART_Debug_PutChar
                0x000019b4       0x18 .\CortexM3\ARM_GCC_541\Debug\Final_Project.a(UART_Debug.o)
                0x000019b4                UART_Debug_PutChar
 .text.UART_Debug_PutString
                0x000019cc       0x24 .\CortexM3\ARM_GCC_541\Debug\Final_Project.a(UART_Debug.o)
                0x000019cc                UART_Debug_PutString
 .text.CS_1_Write
                0x000019f0       0x18 .\CortexM3\ARM_GCC_541\Debug\Final_Project.a(CS_1.o)
                0x000019f0                CS_1_Write
 .text.SPIM_1_EnableTxInt
                0x00001a08        0xc .\CortexM3\ARM_GCC_541\Debug\Final_Project.a(SPIM_1.o)
                0x00001a08                SPIM_1_EnableTxInt
 .text.SPIM_1_EnableRxInt
                0x00001a14        0xc .\CortexM3\ARM_GCC_541\Debug\Final_Project.a(SPIM_1.o)
                0x00001a14                SPIM_1_EnableRxInt
 .text.SPIM_1_Enable
                0x00001a20       0x3c .\CortexM3\ARM_GCC_541\Debug\Final_Project.a(SPIM_1.o)
                0x00001a20                SPIM_1_Enable
 .text.SPIM_1_DisableTxInt
                0x00001a5c        0xc .\CortexM3\ARM_GCC_541\Debug\Final_Project.a(SPIM_1.o)
                0x00001a5c                SPIM_1_DisableTxInt
 .text.SPIM_1_DisableRxInt
                0x00001a68        0xc .\CortexM3\ARM_GCC_541\Debug\Final_Project.a(SPIM_1.o)
                0x00001a68                SPIM_1_DisableRxInt
 .text.SPIM_1_Stop
                0x00001a74       0x30 .\CortexM3\ARM_GCC_541\Debug\Final_Project.a(SPIM_1.o)
                0x00001a74                SPIM_1_Stop
 .text.SPIM_1_ReadTxStatus
                0x00001aa4       0x28 .\CortexM3\ARM_GCC_541\Debug\Final_Project.a(SPIM_1.o)
                0x00001aa4                SPIM_1_ReadTxStatus
 .text.SPIM_1_ReadRxStatus
                0x00001acc       0x28 .\CortexM3\ARM_GCC_541\Debug\Final_Project.a(SPIM_1.o)
                0x00001acc                SPIM_1_ReadRxStatus
 .text.SPIM_1_WriteTxData
                0x00001af4       0xd4 .\CortexM3\ARM_GCC_541\Debug\Final_Project.a(SPIM_1.o)
                0x00001af4                SPIM_1_WriteTxData
 .text.SPIM_1_ReadRxData
                0x00001bc8       0x64 .\CortexM3\ARM_GCC_541\Debug\Final_Project.a(SPIM_1.o)
                0x00001bc8                SPIM_1_ReadRxData
 .text.SPIM_1_ClearRxBuffer
                0x00001c2c       0x40 .\CortexM3\ARM_GCC_541\Debug\Final_Project.a(SPIM_1.o)
                0x00001c2c                SPIM_1_ClearRxBuffer
 .text.SPIM_1_ClearTxBuffer
                0x00001c6c       0x54 .\CortexM3\ARM_GCC_541\Debug\Final_Project.a(SPIM_1.o)
                0x00001c6c                SPIM_1_ClearTxBuffer
 .text.SPIM_1_PutArray
                0x00001cc0       0x20 .\CortexM3\ARM_GCC_541\Debug\Final_Project.a(SPIM_1.o)
                0x00001cc0                SPIM_1_PutArray
 .text.SPIM_1_ClearFIFO
                0x00001ce0       0x3c .\CortexM3\ARM_GCC_541\Debug\Final_Project.a(SPIM_1.o)
                0x00001ce0                SPIM_1_ClearFIFO
 .text.SPIM_1_Init
                0x00001d1c       0x90 .\CortexM3\ARM_GCC_541\Debug\Final_Project.a(SPIM_1.o)
                0x00001d1c                SPIM_1_Init
 .text.SPIM_1_Start
                0x00001dac       0x1c .\CortexM3\ARM_GCC_541\Debug\Final_Project.a(SPIM_1.o)
                0x00001dac                SPIM_1_Start
 .text.SPIM_1_TX_ISR
                0x00001dc8       0xa0 .\CortexM3\ARM_GCC_541\Debug\Final_Project.a(SPIM_1_INT.o)
                0x00001dc8                SPIM_1_TX_ISR
 .text.SPIM_1_RX_ISR
                0x00001e68       0xa0 .\CortexM3\ARM_GCC_541\Debug\Final_Project.a(SPIM_1_INT.o)
                0x00001e68                SPIM_1_RX_ISR
 .text.Timer_Enable
                0x00001f08       0x28 .\CortexM3\ARM_GCC_541\Debug\Final_Project.a(Timer.o)
                0x00001f08                Timer_Enable
 .text.Timer_SetInterruptMode
                0x00001f30        0xc .\CortexM3\ARM_GCC_541\Debug\Final_Project.a(Timer.o)
                0x00001f30                Timer_SetInterruptMode
 .text.Timer_ReadStatusRegister
                0x00001f3c        0xc .\CortexM3\ARM_GCC_541\Debug\Final_Project.a(Timer.o)
                0x00001f3c                Timer_ReadStatusRegister
 .text.Timer_WritePeriod
                0x00001f48        0xc .\CortexM3\ARM_GCC_541\Debug\Final_Project.a(Timer.o)
                0x00001f48                Timer_WritePeriod
 .text.Timer_WriteCounter
                0x00001f54        0xc .\CortexM3\ARM_GCC_541\Debug\Final_Project.a(Timer.o)
                0x00001f54                Timer_WriteCounter
 .text.Timer_Init
                0x00001f60       0x64 .\CortexM3\ARM_GCC_541\Debug\Final_Project.a(Timer.o)
                0x00001f60                Timer_Init
 .text.Timer_Start
                0x00001fc4       0x1c .\CortexM3\ARM_GCC_541\Debug\Final_Project.a(Timer.o)
                0x00001fc4                Timer_Start
 .text.isr_TIMER_SetVector
                0x00001fe0       0x10 .\CortexM3\ARM_GCC_541\Debug\Final_Project.a(isr_TIMER.o)
                0x00001fe0                isr_TIMER_SetVector
 .text.isr_TIMER_SetPriority
                0x00001ff0       0x10 .\CortexM3\ARM_GCC_541\Debug\Final_Project.a(isr_TIMER.o)
                0x00001ff0                isr_TIMER_SetPriority
 .text.isr_TIMER_Enable
                0x00002000       0x10 .\CortexM3\ARM_GCC_541\Debug\Final_Project.a(isr_TIMER.o)
                0x00002000                isr_TIMER_Enable
 .text.isr_TIMER_Disable
                0x00002010       0x10 .\CortexM3\ARM_GCC_541\Debug\Final_Project.a(isr_TIMER.o)
                0x00002010                isr_TIMER_Disable
 .text.isr_TIMER_StartEx
                0x00002020       0x1c .\CortexM3\ARM_GCC_541\Debug\Final_Project.a(isr_TIMER.o)
                0x00002020                isr_TIMER_StartEx
 .text.isr_TIMER_Stop
                0x0000203c       0x14 .\CortexM3\ARM_GCC_541\Debug\Final_Project.a(isr_TIMER.o)
                0x0000203c                isr_TIMER_Stop
 .text.isr_Button_SetVector
                0x00002050       0x10 .\CortexM3\ARM_GCC_541\Debug\Final_Project.a(isr_Button.o)
                0x00002050                isr_Button_SetVector
 .text.isr_Button_SetPriority
                0x00002060       0x10 .\CortexM3\ARM_GCC_541\Debug\Final_Project.a(isr_Button.o)
                0x00002060                isr_Button_SetPriority
 .text.isr_Button_Enable
                0x00002070       0x10 .\CortexM3\ARM_GCC_541\Debug\Final_Project.a(isr_Button.o)
                0x00002070                isr_Button_Enable
 .text.isr_Button_Disable
                0x00002080       0x10 .\CortexM3\ARM_GCC_541\Debug\Final_Project.a(isr_Button.o)
                0x00002080                isr_Button_Disable
 .text.isr_Button_StartEx
                0x00002090       0x1c .\CortexM3\ARM_GCC_541\Debug\Final_Project.a(isr_Button.o)
                0x00002090                isr_Button_StartEx
 .text.Timer_Button_Enable
                0x000020ac       0x28 .\CortexM3\ARM_GCC_541\Debug\Final_Project.a(Timer_Button.o)
                0x000020ac                Timer_Button_Enable
 .text.Timer_Button_SetInterruptMode
                0x000020d4        0xc .\CortexM3\ARM_GCC_541\Debug\Final_Project.a(Timer_Button.o)
                0x000020d4                Timer_Button_SetInterruptMode
 .text.Timer_Button_ReadStatusRegister
                0x000020e0        0xc .\CortexM3\ARM_GCC_541\Debug\Final_Project.a(Timer_Button.o)
                0x000020e0                Timer_Button_ReadStatusRegister
 .text.Timer_Button_WritePeriod
                0x000020ec        0xc .\CortexM3\ARM_GCC_541\Debug\Final_Project.a(Timer_Button.o)
                0x000020ec                Timer_Button_WritePeriod
 .text.Timer_Button_WriteCounter
                0x000020f8        0xc .\CortexM3\ARM_GCC_541\Debug\Final_Project.a(Timer_Button.o)
                0x000020f8                Timer_Button_WriteCounter
 .text.Timer_Button_Init
                0x00002104       0x88 .\CortexM3\ARM_GCC_541\Debug\Final_Project.a(Timer_Button.o)
                0x00002104                Timer_Button_Init
 .text.Timer_Button_Start
                0x0000218c       0x1c .\CortexM3\ARM_GCC_541\Debug\Final_Project.a(Timer_Button.o)
                0x0000218c                Timer_Button_Start
 .text.UART_Debug_IntClock_Start
                0x000021a8       0x1c .\CortexM3\ARM_GCC_541\Debug\Final_Project.a(UART_Debug_IntClock.o)
                0x000021a8                UART_Debug_IntClock_Start
 .text.SPIM_1_IntClock_Start
                0x000021c4       0x1c .\CortexM3\ARM_GCC_541\Debug\Final_Project.a(SPIM_1_IntClock.o)
                0x000021c4                SPIM_1_IntClock_Start
 .text.SPIM_1_IntClock_Stop
                0x000021e0       0x1c .\CortexM3\ARM_GCC_541\Debug\Final_Project.a(SPIM_1_IntClock.o)
                0x000021e0                SPIM_1_IntClock_Stop
 .text.CyHalt   0x000021fc        0x4 .\CortexM3\ARM_GCC_541\Debug\Final_Project.a(CyLib.o)
                0x000021fc                CyHalt
 .text.CyDelay  0x00002200       0x2c .\CortexM3\ARM_GCC_541\Debug\Final_Project.a(CyLib.o)
                0x00002200                CyDelay
 .text.CyDelayUs
                0x0000222c       0x14 .\CortexM3\ARM_GCC_541\Debug\Final_Project.a(CyLib.o)
                0x0000222c                CyDelayUs
 .text.CyIntSetVector
                0x00002240       0x28 .\CortexM3\ARM_GCC_541\Debug\Final_Project.a(CyLib.o)
                0x00002240                CyIntSetVector
 .text.CyIntSetPriority
                0x00002268       0x30 .\CortexM3\ARM_GCC_541\Debug\Final_Project.a(CyLib.o)
                0x00002268                CyIntSetPriority
 .text          0x00002298       0x20 .\CortexM3\ARM_GCC_541\Debug\Final_Project.a(CyBootAsmGnu.o)
                0x00002298                CyDelayCycles
                0x000022a8                CyEnterCriticalSection
                0x000022b0                CyExitCriticalSection
 .text          0x000022b8      0x370 c:/program files (x86)/cypress/psoc creator/4.3/psoc creator/import/gnu/arm/5.4.1/bin/../lib/gcc/arm-none-eabi/5.4.1/armv7-m\libgcc.a(_arm_addsubdf3.o)
                0x000022b8                __aeabi_drsub
                0x000022c0                __aeabi_dsub
                0x000022c0                __subdf3
                0x000022c4                __aeabi_dadd
                0x000022c4                __adddf3
                0x0000253c                __floatunsidf
                0x0000253c                __aeabi_ui2d
                0x0000255c                __floatsidf
                0x0000255c                __aeabi_i2d
                0x00002580                __aeabi_f2d
                0x00002580                __extendsfdf2
                0x000025bc                __floatundidf
                0x000025bc                __aeabi_ul2d
                0x000025cc                __floatdidf
                0x000025cc                __aeabi_l2d
 .text          0x00002628      0x424 c:/program files (x86)/cypress/psoc creator/4.3/psoc creator/import/gnu/arm/5.4.1/bin/../lib/gcc/arm-none-eabi/5.4.1/armv7-m\libgcc.a(_arm_muldivdf3.o)
                0x00002628                __aeabi_dmul
                0x00002628                __muldf3
                0x0000287c                __divdf3
                0x0000287c                __aeabi_ddiv
 .text          0x00002a4c       0x40 c:/program files (x86)/cypress/psoc creator/4.3/psoc creator/import/gnu/arm/5.4.1/bin/../lib/gcc/arm-none-eabi/5.4.1/armv7-m\libgcc.a(_arm_fixunsdfsi.o)
                0x00002a4c                __aeabi_d2uiz
                0x00002a4c                __fixunsdfsi
 .text.__errno  0x00002a8c        0xc c:/program files (x86)/cypress/psoc creator/4.3/psoc creator/import/gnu/arm/5.4.1/bin/../lib/gcc/arm-none-eabi/5.4.1/../../../../arm-none-eabi/lib/armv7-m\libg_nano.a(lib_a-errno.o)
                0x00002a8c                __errno
 .text.__libc_init_array
                0x00002a98       0x4c c:/program files (x86)/cypress/psoc creator/4.3/psoc creator/import/gnu/arm/5.4.1/bin/../lib/gcc/arm-none-eabi/5.4.1/../../../../arm-none-eabi/lib/armv7-m\libg_nano.a(lib_a-init.o)
                0x00002a98                __libc_init_array
 .text.memcpy   0x00002ae4       0x16 c:/program files (x86)/cypress/psoc creator/4.3/psoc creator/import/gnu/arm/5.4.1/bin/../lib/gcc/arm-none-eabi/5.4.1/../../../../arm-none-eabi/lib/armv7-m\libg_nano.a(lib_a-memcpy-stub.o)
                0x00002ae4                memcpy
 .text.memset   0x00002afa       0x10 c:/program files (x86)/cypress/psoc creator/4.3/psoc creator/import/gnu/arm/5.4.1/bin/../lib/gcc/arm-none-eabi/5.4.1/../../../../arm-none-eabi/lib/armv7-m\libg_nano.a(lib_a-memset.o)
                0x00002afa                memset
 *fill*         0x00002b0a        0x2 
 .text.sprintf  0x00002b0c       0x48 c:/program files (x86)/cypress/psoc creator/4.3/psoc creator/import/gnu/arm/5.4.1/bin/../lib/gcc/arm-none-eabi/5.4.1/../../../../arm-none-eabi/lib/armv7-m\libg_nano.a(lib_a-sprintf.o)
                0x00002b0c                siprintf
                0x00002b0c                sprintf
 .text.__ssputs_r
                0x00002b54       0xb2 c:/program files (x86)/cypress/psoc creator/4.3/psoc creator/import/gnu/arm/5.4.1/bin/../lib/gcc/arm-none-eabi/5.4.1/../../../../arm-none-eabi/lib/armv7-m\libg_nano.a(lib_a-nano-svfprintf.o)
                0x00002b54                __ssputs_r
 *fill*         0x00002c06        0x2 
 .text._svfprintf_r
                0x00002c08      0x1e8 c:/program files (x86)/cypress/psoc creator/4.3/psoc creator/import/gnu/arm/5.4.1/bin/../lib/gcc/arm-none-eabi/5.4.1/../../../../arm-none-eabi/lib/armv7-m\libg_nano.a(lib_a-nano-svfprintf.o)
                0x00002c08                _svfiprintf_r
                0x00002c08                _svfprintf_r
 .text._printf_common
                0x00002df0       0xec c:/program files (x86)/cypress/psoc creator/4.3/psoc creator/import/gnu/arm/5.4.1/bin/../lib/gcc/arm-none-eabi/5.4.1/../../../../arm-none-eabi/lib/armv7-m\libg_nano.a(lib_a-nano-vfprintf_i.o)
                0x00002df0                _printf_common
 .text._printf_i
                0x00002edc      0x24c c:/program files (x86)/cypress/psoc creator/4.3/psoc creator/import/gnu/arm/5.4.1/bin/../lib/gcc/arm-none-eabi/5.4.1/../../../../arm-none-eabi/lib/armv7-m\libg_nano.a(lib_a-nano-vfprintf_i.o)
                0x00002edc                _printf_i
 .text.memchr   0x00003128       0x1c c:/program files (x86)/cypress/psoc creator/4.3/psoc creator/import/gnu/arm/5.4.1/bin/../lib/gcc/arm-none-eabi/5.4.1/../../../../arm-none-eabi/lib/armv7-m\libg_nano.a(lib_a-memchr-stub.o)
                0x00003128                memchr
 .text.memmove  0x00003144       0x36 c:/program files (x86)/cypress/psoc creator/4.3/psoc creator/import/gnu/arm/5.4.1/bin/../lib/gcc/arm-none-eabi/5.4.1/../../../../arm-none-eabi/lib/armv7-m\libg_nano.a(lib_a-memmove.o)
                0x00003144                memmove
 *fill*         0x0000317a        0x2 
 .text._free_r  0x0000317c       0x98 c:/program files (x86)/cypress/psoc creator/4.3/psoc creator/import/gnu/arm/5.4.1/bin/../lib/gcc/arm-none-eabi/5.4.1/../../../../arm-none-eabi/lib/armv7-m\libg_nano.a(lib_a-nano-freer.o)
                0x0000317c                _free_r
 .text._malloc_r
                0x00003214       0xbc c:/program files (x86)/cypress/psoc creator/4.3/psoc creator/import/gnu/arm/5.4.1/bin/../lib/gcc/arm-none-eabi/5.4.1/../../../../arm-none-eabi/lib/armv7-m\libg_nano.a(lib_a-nano-mallocr.o)
                0x00003214                _malloc_r
 .text._realloc_r
                0x000032d0       0x4c c:/program files (x86)/cypress/psoc creator/4.3/psoc creator/import/gnu/arm/5.4.1/bin/../lib/gcc/arm-none-eabi/5.4.1/../../../../arm-none-eabi/lib/armv7-m\libg_nano.a(lib_a-nano-reallocr.o)
                0x000032d0                _realloc_r
 .text._sbrk_r  0x0000331c       0x20 c:/program files (x86)/cypress/psoc creator/4.3/psoc creator/import/gnu/arm/5.4.1/bin/../lib/gcc/arm-none-eabi/5.4.1/../../../../arm-none-eabi/lib/armv7-m\libg_nano.a(lib_a-sbrkr.o)
                0x0000331c                _sbrk_r
 .text.__malloc_lock
                0x0000333c        0x2 c:/program files (x86)/cypress/psoc creator/4.3/psoc creator/import/gnu/arm/5.4.1/bin/../lib/gcc/arm-none-eabi/5.4.1/../../../../arm-none-eabi/lib/armv7-m\libg_nano.a(lib_a-mlock.o)
                0x0000333c                __malloc_lock
 .text.__malloc_unlock
                0x0000333e        0x2 c:/program files (x86)/cypress/psoc creator/4.3/psoc creator/import/gnu/arm/5.4.1/bin/../lib/gcc/arm-none-eabi/5.4.1/../../../../arm-none-eabi/lib/armv7-m\libg_nano.a(lib_a-mlock.o)
                0x0000333e                __malloc_unlock
 .text._malloc_usable_size_r
                0x00003340       0x14 c:/program files (x86)/cypress/psoc creator/4.3/psoc creator/import/gnu/arm/5.4.1/bin/../lib/gcc/arm-none-eabi/5.4.1/../../../../arm-none-eabi/lib/armv7-m\libg_nano.a(lib_a-nano-msizer.o)
                0x00003340                _malloc_usable_size_r
 *(.plt)
 *(.gnu.warning)
 *(.glue_7t)
 .glue_7t       0x00003354        0x0 linker stubs
 *(.glue_7)
 .glue_7        0x00003354        0x0 linker stubs
 *(.vfp11_veneer)
 .vfp11_veneer  0x00003354        0x0 linker stubs
 *(.bootloader)
 *(.ARM.extab* .gnu.linkonce.armextab.*)
 *(.gcc_except_table)

.v4_bx          0x00003354        0x0
 .v4_bx         0x00003354        0x0 linker stubs

.iplt           0x00003354        0x0
 .iplt          0x00003354        0x0 c:/program files (x86)/cypress/psoc creator/4.3/psoc creator/import/gnu/arm/5.4.1/bin/../lib/gcc/arm-none-eabi/5.4.1/armv7-m/crtbegin.o

.eh_frame_hdr
 *(.eh_frame_hdr)

.eh_frame       0x00003354        0x4
 *(.eh_frame)
 .eh_frame      0x00003354        0x0 c:/program files (x86)/cypress/psoc creator/4.3/psoc creator/import/gnu/arm/5.4.1/bin/../lib/gcc/arm-none-eabi/5.4.1/armv7-m/crtbegin.o
 .eh_frame      0x00003354        0x4 c:/program files (x86)/cypress/psoc creator/4.3/psoc creator/import/gnu/arm/5.4.1/bin/../lib/gcc/arm-none-eabi/5.4.1/armv7-m/crtend.o
                [!provide]                PROVIDE (__exidx_start, .)

.ARM.exidx
 *(.ARM.exidx* .gnu.linkonce.armexidx.*)
                0x00003358                __exidx_end = .

.rodata         0x00003358      0x618
 *(.rodata .rodata.* .gnu.linkonce.r.*)
 .rodata        0x00003358        0x6 .\CortexM3\ARM_GCC_541\Debug\main.o
 *fill*         0x0000335e        0x2 
 .rodata.str1.4
                0x00003360      0x4fe .\CortexM3\ARM_GCC_541\Debug\main.o
 *fill*         0x0000385e        0x2 
 .rodata.str1.4
                0x00003860       0x44 .\CortexM3\ARM_GCC_541\Debug\Interrupt_Routines.o
                                 0x42 (size before relaxing)
 .rodata        0x000038a4       0x5c .\CortexM3\ARM_GCC_541\Debug\cyfitter_cfg.o
                0x000038a4                ADC_DelSig_AMux__addrTable
                0x000038ac                ADC_DelSig_AMux__maskTable
 .rodata.str1.1
                0x00003900        0x2 c:/program files (x86)/cypress/psoc creator/4.3/psoc creator/import/gnu/arm/5.4.1/bin/../lib/gcc/arm-none-eabi/5.4.1/../../../../arm-none-eabi/lib/armv7-m\libg_nano.a(lib_a-impure.o)
 .rodata.str1.1
                0x00003902       0x11 c:/program files (x86)/cypress/psoc creator/4.3/psoc creator/import/gnu/arm/5.4.1/bin/../lib/gcc/arm-none-eabi/5.4.1/../../../../arm-none-eabi/lib/armv7-m\libg_nano.a(lib_a-nano-svfprintf.o)
 .rodata.str1.1
                0x00003913       0x22 c:/program files (x86)/cypress/psoc creator/4.3/psoc creator/import/gnu/arm/5.4.1/bin/../lib/gcc/arm-none-eabi/5.4.1/../../../../arm-none-eabi/lib/armv7-m\libg_nano.a(lib_a-nano-vfprintf_i.o)
                0x00003938                . = ALIGN (0x4)
 *fill*         0x00003935        0x3 
 *(.init)
 .init          0x00003938        0x4 c:/program files (x86)/cypress/psoc creator/4.3/psoc creator/import/gnu/arm/5.4.1/bin/../lib/gcc/arm-none-eabi/5.4.1/armv7-m/crti.o
                0x00003938                _init
 .init          0x0000393c        0x8 c:/program files (x86)/cypress/psoc creator/4.3/psoc creator/import/gnu/arm/5.4.1/bin/../lib/gcc/arm-none-eabi/5.4.1/armv7-m/crtn.o
                0x00003944                . = ALIGN (0x4)
                0x00003944                __preinit_array_start = .
 *(.preinit_array)
                0x00003944                __preinit_array_end = .
                0x00003944                . = ALIGN (0x4)
                0x00003944                __init_array_start = .
 *(SORT(.init_array.*))
 *(.init_array)
 .init_array    0x00003944        0x4 c:/program files (x86)/cypress/psoc creator/4.3/psoc creator/import/gnu/arm/5.4.1/bin/../lib/gcc/arm-none-eabi/5.4.1/armv7-m/crtbegin.o
 .init_array    0x00003948        0x4 .\CortexM3\ARM_GCC_541\Debug\Cm3Start.o
                0x0000394c                __init_array_end = .
                0x0000394c                . = ALIGN (0x4)
 *(.fini)
 .fini          0x0000394c        0x4 c:/program files (x86)/cypress/psoc creator/4.3/psoc creator/import/gnu/arm/5.4.1/bin/../lib/gcc/arm-none-eabi/5.4.1/armv7-m/crti.o
                0x0000394c                _fini
 .fini          0x00003950        0x8 c:/program files (x86)/cypress/psoc creator/4.3/psoc creator/import/gnu/arm/5.4.1/bin/../lib/gcc/arm-none-eabi/5.4.1/armv7-m/crtn.o
                0x00003958                . = ALIGN (0x4)
                0x00003958                __fini_array_start = .
 *(.fini_array)
 .fini_array    0x00003958        0x4 c:/program files (x86)/cypress/psoc creator/4.3/psoc creator/import/gnu/arm/5.4.1/bin/../lib/gcc/arm-none-eabi/5.4.1/armv7-m/crtbegin.o
 *(SORT(.fini_array.*))
                0x0000395c                __fini_array_end = .
                0x0000395c                . = ALIGN (0x4)
 *crtbegin.o(.ctors)
 *(EXCLUDE_FILE(*crtend.o) .ctors)
 *(SORT(.ctors.*))
 *crtend.o(.ctors)
                0x0000395c                . = ALIGN (0x4)
 *crtbegin.o(.dtors)
 *(EXCLUDE_FILE(*crtend.o) .dtors)
 *(SORT(.dtors.*))
 *crtend.o(.dtors)
                0x0000395c                . = ALIGN (0x4)
                0x0000395c                __cy_regions = .
                0x0000395c        0x4 LONG 0x3970 __cy_region_init_ram
                0x00003960        0x4 LONG 0x1fff80c8 __cy_region_start_data
                0x00003964        0x4 LONG 0x88 __cy_region_init_size_ram
                0x00003968        0x4 LONG 0x108 __cy_region_zero_size_ram
                0x0000396c                __cy_regions_end = .
                0x00003970                . = ALIGN (0x8)
 *fill*         0x0000396c        0x4 
                0x00003970                _etext = .

.cy_checksum_exclude
                0x00003970        0x0
 *(.cy_checksum_exclude)

.ramvectors     0x1fff8000       0xc0
                0x1fff8000                __cy_region_start_ram = .
 *(.ramvectors)
 .ramvectors    0x1fff8000       0xc0 .\CortexM3\ARM_GCC_541\Debug\Cm3Start.o
                0x1fff8000                CyRamVectors

.noinit         0x1fff80c0        0x1
 *(.noinit)
 .noinit        0x1fff80c0        0x1 .\CortexM3\ARM_GCC_541\Debug\Final_Project.a(CyLib.o)
                0x1fff80c0                CyResetStatus

.data           0x1fff80c8       0x88 load address 0x00003970
                0x1fff80c8                __cy_region_start_data = .
 *(.jcr)
 .jcr           0x1fff80c8        0x0 c:/program files (x86)/cypress/psoc creator/4.3/psoc creator/import/gnu/arm/5.4.1/bin/../lib/gcc/arm-none-eabi/5.4.1/armv7-m/crtbegin.o
 .jcr           0x1fff80c8        0x4 c:/program files (x86)/cypress/psoc creator/4.3/psoc creator/import/gnu/arm/5.4.1/bin/../lib/gcc/arm-none-eabi/5.4.1/armv7-m/crtend.o
 *(.got.plt)
 *(.got)
 *(.shdata)
 *(.data .data.* .gnu.linkonce.d.*)
 .data          0x1fff80cc        0x4 .\CortexM3\ARM_GCC_541\Debug\Cm3Start.o
 .data          0x1fff80d0        0x6 .\CortexM3\ARM_GCC_541\Debug\Final_Project.a(I2C_Master_PM.o)
                0x1fff80d0                I2C_Master_backup
 *fill*         0x1fff80d6        0x2 
 .data          0x1fff80d8       0x10 .\CortexM3\ARM_GCC_541\Debug\Final_Project.a(CyLib.o)
                0x1fff80d8                cydelay_32k_ms
                0x1fff80dc                cydelay_freq_khz
                0x1fff80e0                cydelay_freq_mhz
                0x1fff80e4                cydelay_freq_hz
 .data.impure_data
                0x1fff80e8       0x60 c:/program files (x86)/cypress/psoc creator/4.3/psoc creator/import/gnu/arm/5.4.1/bin/../lib/gcc/arm-none-eabi/5.4.1/../../../../arm-none-eabi/lib/armv7-m\libg_nano.a(lib_a-impure.o)
 .data._impure_ptr
                0x1fff8148        0x4 c:/program files (x86)/cypress/psoc creator/4.3/psoc creator/import/gnu/arm/5.4.1/bin/../lib/gcc/arm-none-eabi/5.4.1/../../../../arm-none-eabi/lib/armv7-m\libg_nano.a(lib_a-impure.o)
                0x1fff8148                _impure_ptr
                0x1fff8150                . = ALIGN (0x8)
 *fill*         0x1fff814c        0x4 
 *(.ram)
                0x1fff8150                _edata = .

.igot.plt       0x1fff8150        0x0 load address 0x000039f8
 .igot.plt      0x1fff8150        0x0 c:/program files (x86)/cypress/psoc creator/4.3/psoc creator/import/gnu/arm/5.4.1/bin/../lib/gcc/arm-none-eabi/5.4.1/armv7-m/crtbegin.o

.bss            0x1fff8150      0x108 load address 0x000039f8
                0x1fff8150                PROVIDE (__bss_start__, .)
 *(.shbss)
 *(.bss .bss.* .gnu.linkonce.b.*)
 .bss           0x1fff8150       0x1c c:/program files (x86)/cypress/psoc creator/4.3/psoc creator/import/gnu/arm/5.4.1/bin/../lib/gcc/arm-none-eabi/5.4.1/armv7-m/crtbegin.o
 .bss           0x1fff816c        0x4 .\CortexM3\ARM_GCC_541\Debug\Interrupt_Routines.o
                0x1fff816c                counter_button
                0x1fff816e                timer_counter
 .bss           0x1fff8170        0x1 .\CortexM3\ARM_GCC_541\Debug\Final_Project.a(I2C_Master.o)
                0x1fff8170                I2C_Master_initVar
 .bss           0x1fff8171        0x2 .\CortexM3\ARM_GCC_541\Debug\Final_Project.a(UART_Debug.o)
                0x1fff8171                UART_Debug_initVar
 .bss           0x1fff8173        0x1 .\CortexM3\ARM_GCC_541\Debug\Final_Project.a(SPIM_1.o)
                0x1fff8173                SPIM_1_initVar
 .bss           0x1fff8174        0x1 .\CortexM3\ARM_GCC_541\Debug\Final_Project.a(Timer.o)
                0x1fff8174                Timer_initVar
 .bss           0x1fff8175        0x1 .\CortexM3\ARM_GCC_541\Debug\Final_Project.a(Timer_Button.o)
                0x1fff8175                Timer_Button_initVar
 *fill*         0x1fff8176        0x2 
 .bss.__malloc_sbrk_start
                0x1fff8178        0x4 c:/program files (x86)/cypress/psoc creator/4.3/psoc creator/import/gnu/arm/5.4.1/bin/../lib/gcc/arm-none-eabi/5.4.1/../../../../arm-none-eabi/lib/armv7-m\libg_nano.a(lib_a-nano-mallocr.o)
                0x1fff8178                __malloc_sbrk_start
 .bss.__malloc_free_list
                0x1fff817c        0x4 c:/program files (x86)/cypress/psoc creator/4.3/psoc creator/import/gnu/arm/5.4.1/bin/../lib/gcc/arm-none-eabi/5.4.1/../../../../arm-none-eabi/lib/armv7-m\libg_nano.a(lib_a-nano-mallocr.o)
                0x1fff817c                __malloc_free_list
 *(COMMON)
 COMMON         0x1fff8180       0x15 .\CortexM3\ARM_GCC_541\Debug\main.o
                0x1fff8180                counter_blue
                0x1fff8182                counter_red
                0x1fff8184                period_red
                0x1fff8188                timestamp
                0x1fff818c                period_blue
                0x1fff818e                counter_green
                0x1fff8190                period_green
                0x1fff8192                flag_eeprom
                0x1fff8193                OVR_FLAG
                0x1fff8194                status
 *fill*         0x1fff8195        0x3 
 COMMON         0x1fff8198       0x35 .\CortexM3\ARM_GCC_541\Debug\Interrupt_Routines.o
                0x1fff8198                mex
                0x1fff81ca                int1_src_reg
                0x1fff81cb                watermark
                0x1fff81cc                error
 COMMON         0x1fff81cd        0x1 .\CortexM3\ARM_GCC_541\Debug\Final_Project.a(I2C_Master.o)
                0x1fff81cd                I2C_Master_state
 *fill*         0x1fff81ce        0x2 
 COMMON         0x1fff81d0        0xf .\CortexM3\ARM_GCC_541\Debug\Final_Project.a(I2C_Master_MASTER.o)
                0x1fff81d0                I2C_Master_mstrRdBufIndex
                0x1fff81d1                I2C_Master_mstrWrBufIndex
                0x1fff81d2                I2C_Master_mstrWrBufSize
                0x1fff81d4                I2C_Master_mstrWrBufPtr
                0x1fff81d8                I2C_Master_mstrRdBufPtr
                0x1fff81dc                I2C_Master_mstrControl
                0x1fff81dd                I2C_Master_mstrStatus
                0x1fff81de                I2C_Master_mstrRdBufSize
 *fill*         0x1fff81df        0x1 
 COMMON         0x1fff81e0       0x72 .\CortexM3\ARM_GCC_541\Debug\Final_Project.a(SPIM_1.o)
                0x1fff81e0                SPIM_1_swStatusTx
                0x1fff81e4                SPIM_1_txBuffer
                0x1fff8216                SPIM_1_txBufferFull
                0x1fff8217                SPIM_1_rxBufferWrite
                0x1fff8218                SPIM_1_rxBufferFull
                0x1fff8219                SPIM_1_rxBufferRead
                0x1fff821a                SPIM_1_txBufferWrite
                0x1fff821b                SPIM_1_swStatusRx
                0x1fff821c                SPIM_1_txBufferRead
                0x1fff8220                SPIM_1_rxBuffer
 *fill*         0x1fff8252        0x2 
 COMMON         0x1fff8254        0x4 c:/program files (x86)/cypress/psoc creator/4.3/psoc creator/import/gnu/arm/5.4.1/bin/../lib/gcc/arm-none-eabi/5.4.1/../../../../arm-none-eabi/lib/armv7-m\libg_nano.a(lib_a-reent.o)
                0x1fff8254                errno
                0x1fff8258                . = ALIGN (0x8)
 *(.ram.b)
                0x1fff8258                _end = .
                0x1fff8258                __end = .
                0x1fff8258                PROVIDE (end, .)
                0x1fff8258                PROVIDE (__bss_end__, .)
                0x00003970                __cy_region_init_ram = LOADADDR (.data)
                0x00000088                __cy_region_init_size_ram = (_edata - ADDR (.data))
                0x00000108                __cy_region_zero_size_ram = (_end - _edata)

.heap           0x1fff8258       0x80 load address 0x000039f8
                0x1fff8258                . = _end
                0x1fff82d8                . = (. + 0x80)
 *fill*         0x1fff8258       0x80 
                0x1fff82d8                __cy_heap_limit = .

.stack          0x20007800      0x800
                0x20007800                __cy_stack_limit = .
                0x20008000                . = (. + 0x800)
 *fill*         0x20007800      0x800 
                0x00000001                ASSERT ((__cy_stack_limit >= __cy_heap_limit), region RAM overflowed with stack)
                0x00000000                cy_checksum_exclude_size = (CY_APPL_LOADABLE == 0x1)?SIZEOF (.cy_checksum_exclude):0x0
                0x00000001                ASSERT ((cy_checksum_exclude_size <= CY_CHECKSUM_EXCLUDE_SIZE), CY_BOOT: Section .cy_checksum_exclude size exceedes specified limit.)

.cyloadermeta
 *(.cyloadermeta)

.cyloadablemeta
 *(.cyloadablemeta)

.cyconfigecc    0x80000000      0x6ac
 *(.cyconfigecc)
 .cyconfigecc   0x80000000      0x6ac .\CortexM3\ARM_GCC_541\Debug\cymetadata.o
                0x80000000                cy_meta_configecc

.cycustnvl      0x90000000        0x4
 *(.cycustnvl)
 .cycustnvl     0x90000000        0x4 .\CortexM3\ARM_GCC_541\Debug\cymetadata.o
                0x90000000                cy_meta_custnvl

.cywolatch      0x90100000        0x4
 *(.cywolatch)
 .cywolatch     0x90100000        0x4 .\CortexM3\ARM_GCC_541\Debug\cymetadata.o
                0x90100000                cy_meta_wonvl

.cyeeprom       0x90200000        0x0
 *(.cyeeprom)
                0x00000001                ASSERT ((. <= ((0x90200000 + ee_offset) + ee_size)), .cyeeprom data will not fit in EEPROM)

.cyflashprotect
                0x90400000      0x100
 *(.cyflashprotect)
 .cyflashprotect
                0x90400000      0x100 .\CortexM3\ARM_GCC_541\Debug\cymetadata.o
                0x90400000                cy_meta_flashprotect

.cymeta         0x90500000        0xc
 *(.cymeta)
 .cymeta        0x90500000        0xc .\CortexM3\ARM_GCC_541\Debug\cymetadata.o
                0x90500000                cy_metadata

.rel.dyn        0x000039f8        0x0 load address 0x9050000c
 .rel.iplt      0x000039f8        0x0 c:/program files (x86)/cypress/psoc creator/4.3/psoc creator/import/gnu/arm/5.4.1/bin/../lib/gcc/arm-none-eabi/5.4.1/armv7-m/crtbegin.o

.stab
 *(.stab)

.stabstr
 *(.stabstr)

.debug
 *(.debug)

.line
 *(.line)

.debug_srcinfo
 *(.debug_srcinfo)

.debug_sfnames
 *(.debug_sfnames)

.debug_aranges  0x00000000      0xe60
 *(.debug_aranges)
 .debug_aranges
                0x00000000       0x20 .\CortexM3\ARM_GCC_541\Debug\main.o
 .debug_aranges
                0x00000020       0x50 .\CortexM3\ARM_GCC_541\Debug\I2C_interface.o
 .debug_aranges
                0x00000070       0x18 .\CortexM3\ARM_GCC_541\Debug\Ctrl_Reg_Functions.o
 .debug_aranges
                0x00000088       0x30 .\CortexM3\ARM_GCC_541\Debug\Interrupt_Routines.o
 .debug_aranges
                0x000000b8       0x38 .\CortexM3\ARM_GCC_541\Debug\SPI_Interface.o
 .debug_aranges
                0x000000f0       0x50 .\CortexM3\ARM_GCC_541\Debug\EEPROM_Interface.o
 .debug_aranges
                0x00000140       0x68 .\CortexM3\ARM_GCC_541\Debug\cyfitter_cfg.o
 .debug_aranges
                0x000001a8       0x18 .\CortexM3\ARM_GCC_541\Debug\cymetadata.o
 .debug_aranges
                0x000001c0       0x48 .\CortexM3\ARM_GCC_541\Debug\Cm3Start.o
 .debug_aranges
                0x00000208       0x38 .\CortexM3\ARM_GCC_541\Debug\Final_Project.a(INT_Led.o)
 .debug_aranges
                0x00000240       0x38 .\CortexM3\ARM_GCC_541\Debug\Final_Project.a(RED_Led.o)
 .debug_aranges
                0x00000278       0x38 .\CortexM3\ARM_GCC_541\Debug\Final_Project.a(GREEN_Led.o)
 .debug_aranges
                0x000002b0       0x38 .\CortexM3\ARM_GCC_541\Debug\Final_Project.a(BLUE_Led.o)
 .debug_aranges
                0x000002e8       0x80 .\CortexM3\ARM_GCC_541\Debug\Final_Project.a(isr_LIS3DH.o)
 .debug_aranges
                0x00000368       0x38 .\CortexM3\ARM_GCC_541\Debug\Final_Project.a(SDO_LIS3DH.o)
 .debug_aranges
                0x000003a0       0x38 .\CortexM3\ARM_GCC_541\Debug\Final_Project.a(CS_LIS3DH.o)
 .debug_aranges
                0x000003d8       0x38 .\CortexM3\ARM_GCC_541\Debug\Final_Project.a(I2C_Master.o)
 .debug_aranges
                0x00000410       0x20 .\CortexM3\ARM_GCC_541\Debug\Final_Project.a(I2C_Master_INT.o)
 .debug_aranges
                0x00000430       0x38 .\CortexM3\ARM_GCC_541\Debug\Final_Project.a(I2C_Master_PM.o)
 .debug_aranges
                0x00000468       0x80 .\CortexM3\ARM_GCC_541\Debug\Final_Project.a(I2C_Master_MASTER.o)
 .debug_aranges
                0x000004e8       0xf0 .\CortexM3\ARM_GCC_541\Debug\Final_Project.a(UART_Debug.o)
 .debug_aranges
                0x000005d8       0x38 .\CortexM3\ARM_GCC_541\Debug\Final_Project.a(CS_1.o)
 .debug_aranges
                0x00000610       0xd8 .\CortexM3\ARM_GCC_541\Debug\Final_Project.a(SPIM_1.o)
 .debug_aranges
                0x000006e8       0x28 .\CortexM3\ARM_GCC_541\Debug\Final_Project.a(SPIM_1_INT.o)
 .debug_aranges
                0x00000710       0x88 .\CortexM3\ARM_GCC_541\Debug\Final_Project.a(Timer.o)
 .debug_aranges
                0x00000798       0x80 .\CortexM3\ARM_GCC_541\Debug\Final_Project.a(isr_TIMER.o)
 .debug_aranges
                0x00000818       0x80 .\CortexM3\ARM_GCC_541\Debug\Final_Project.a(isr_Button.o)
 .debug_aranges
                0x00000898       0x88 .\CortexM3\ARM_GCC_541\Debug\Final_Project.a(Timer_Button.o)
 .debug_aranges
                0x00000920       0x70 .\CortexM3\ARM_GCC_541\Debug\Final_Project.a(UART_Debug_IntClock.o)
 .debug_aranges
                0x00000990       0x70 .\CortexM3\ARM_GCC_541\Debug\Final_Project.a(SPIM_1_IntClock.o)
 .debug_aranges
                0x00000a00      0x2a0 .\CortexM3\ARM_GCC_541\Debug\Final_Project.a(CyLib.o)
 .debug_aranges
                0x00000ca0       0x98 .\CortexM3\ARM_GCC_541\Debug\Final_Project.a(cyPm.o)
 .debug_aranges
                0x00000d38       0x20 .\CortexM3\ARM_GCC_541\Debug\Final_Project.a(CyBootAsmGnu.o)
 .debug_aranges
                0x00000d58       0x88 .\CortexM3\ARM_GCC_541\Debug\Final_Project.a(CyFlash.o)
 .debug_aranges
                0x00000de0       0x80 .\CortexM3\ARM_GCC_541\Debug\Final_Project.a(CySpc.o)

.debug_pubnames
 *(.debug_pubnames)

.debug_info     0x00000000     0x8ae7
 *(.debug_info .gnu.linkonce.wi.*)
 .debug_info    0x00000000     0x110e .\CortexM3\ARM_GCC_541\Debug\main.o
 .debug_info    0x0000110e      0x4c6 .\CortexM3\ARM_GCC_541\Debug\I2C_interface.o
 .debug_info    0x000015d4       0xae .\CortexM3\ARM_GCC_541\Debug\Ctrl_Reg_Functions.o
 .debug_info    0x00001682      0x400 .\CortexM3\ARM_GCC_541\Debug\Interrupt_Routines.o
 .debug_info    0x00001a82      0x3d4 .\CortexM3\ARM_GCC_541\Debug\SPI_Interface.o
 .debug_info    0x00001e56      0x3b4 .\CortexM3\ARM_GCC_541\Debug\EEPROM_Interface.o
 .debug_info    0x0000220a      0x6c7 .\CortexM3\ARM_GCC_541\Debug\cyfitter_cfg.o
 .debug_info    0x000028d1      0x139 .\CortexM3\ARM_GCC_541\Debug\cymetadata.o
 .debug_info    0x00002a0a      0x3bb .\CortexM3\ARM_GCC_541\Debug\Cm3Start.o
 .debug_info    0x00002dc5      0x11f .\CortexM3\ARM_GCC_541\Debug\Final_Project.a(INT_Led.o)
 .debug_info    0x00002ee4      0x11f .\CortexM3\ARM_GCC_541\Debug\Final_Project.a(RED_Led.o)
 .debug_info    0x00003003      0x11f .\CortexM3\ARM_GCC_541\Debug\Final_Project.a(GREEN_Led.o)
 .debug_info    0x00003122      0x11f .\CortexM3\ARM_GCC_541\Debug\Final_Project.a(BLUE_Led.o)
 .debug_info    0x00003241      0x2d2 .\CortexM3\ARM_GCC_541\Debug\Final_Project.a(isr_LIS3DH.o)
 .debug_info    0x00003513      0x11f .\CortexM3\ARM_GCC_541\Debug\Final_Project.a(SDO_LIS3DH.o)
 .debug_info    0x00003632      0x11f .\CortexM3\ARM_GCC_541\Debug\Final_Project.a(CS_LIS3DH.o)
 .debug_info    0x00003751      0x2ab .\CortexM3\ARM_GCC_541\Debug\Final_Project.a(I2C_Master.o)
 .debug_info    0x000039fc      0x184 .\CortexM3\ARM_GCC_541\Debug\Final_Project.a(I2C_Master_INT.o)
 .debug_info    0x00003b80      0x207 .\CortexM3\ARM_GCC_541\Debug\Final_Project.a(I2C_Master_PM.o)
 .debug_info    0x00003d87      0x407 .\CortexM3\ARM_GCC_541\Debug\Final_Project.a(I2C_Master_MASTER.o)
 .debug_info    0x0000418e      0x60c .\CortexM3\ARM_GCC_541\Debug\Final_Project.a(UART_Debug.o)
 .debug_info    0x0000479a      0x11f .\CortexM3\ARM_GCC_541\Debug\Final_Project.a(CS_1.o)
 .debug_info    0x000048b9      0x709 .\CortexM3\ARM_GCC_541\Debug\Final_Project.a(SPIM_1.o)
 .debug_info    0x00004fc2      0x18d .\CortexM3\ARM_GCC_541\Debug\Final_Project.a(SPIM_1_INT.o)
 .debug_info    0x0000514f      0x293 .\CortexM3\ARM_GCC_541\Debug\Final_Project.a(Timer.o)
 .debug_info    0x000053e2      0x2d2 .\CortexM3\ARM_GCC_541\Debug\Final_Project.a(isr_TIMER.o)
 .debug_info    0x000056b4      0x2d2 .\CortexM3\ARM_GCC_541\Debug\Final_Project.a(isr_Button.o)
 .debug_info    0x00005986      0x293 .\CortexM3\ARM_GCC_541\Debug\Final_Project.a(Timer_Button.o)
 .debug_info    0x00005c19      0x283 .\CortexM3\ARM_GCC_541\Debug\Final_Project.a(UART_Debug_IntClock.o)
 .debug_info    0x00005e9c      0x283 .\CortexM3\ARM_GCC_541\Debug\Final_Project.a(SPIM_1_IntClock.o)
 .debug_info    0x0000611f     0x1374 .\CortexM3\ARM_GCC_541\Debug\Final_Project.a(CyLib.o)
 .debug_info    0x00007493      0xa2a .\CortexM3\ARM_GCC_541\Debug\Final_Project.a(cyPm.o)
 .debug_info    0x00007ebd       0x8d .\CortexM3\ARM_GCC_541\Debug\Final_Project.a(CyBootAsmGnu.o)
 .debug_info    0x00007f4a      0x64d .\CortexM3\ARM_GCC_541\Debug\Final_Project.a(CyFlash.o)
 .debug_info    0x00008597      0x550 .\CortexM3\ARM_GCC_541\Debug\Final_Project.a(CySpc.o)

.debug_abbrev   0x00000000     0x2637
 *(.debug_abbrev)
 .debug_abbrev  0x00000000      0x1af .\CortexM3\ARM_GCC_541\Debug\main.o
 .debug_abbrev  0x000001af       0xf5 .\CortexM3\ARM_GCC_541\Debug\I2C_interface.o
 .debug_abbrev  0x000002a4       0x4b .\CortexM3\ARM_GCC_541\Debug\Ctrl_Reg_Functions.o
 .debug_abbrev  0x000002ef       0xdd .\CortexM3\ARM_GCC_541\Debug\Interrupt_Routines.o
 .debug_abbrev  0x000003cc      0x12b .\CortexM3\ARM_GCC_541\Debug\SPI_Interface.o
 .debug_abbrev  0x000004f7      0x11c .\CortexM3\ARM_GCC_541\Debug\EEPROM_Interface.o
 .debug_abbrev  0x00000613      0x22d .\CortexM3\ARM_GCC_541\Debug\cyfitter_cfg.o
 .debug_abbrev  0x00000840       0x77 .\CortexM3\ARM_GCC_541\Debug\cymetadata.o
 .debug_abbrev  0x000008b7      0x1e8 .\CortexM3\ARM_GCC_541\Debug\Cm3Start.o
 .debug_abbrev  0x00000a9f       0x90 .\CortexM3\ARM_GCC_541\Debug\Final_Project.a(INT_Led.o)
 .debug_abbrev  0x00000b2f       0x90 .\CortexM3\ARM_GCC_541\Debug\Final_Project.a(RED_Led.o)
 .debug_abbrev  0x00000bbf       0x90 .\CortexM3\ARM_GCC_541\Debug\Final_Project.a(GREEN_Led.o)
 .debug_abbrev  0x00000c4f       0x90 .\CortexM3\ARM_GCC_541\Debug\Final_Project.a(BLUE_Led.o)
 .debug_abbrev  0x00000cdf      0x173 .\CortexM3\ARM_GCC_541\Debug\Final_Project.a(isr_LIS3DH.o)
 .debug_abbrev  0x00000e52       0x90 .\CortexM3\ARM_GCC_541\Debug\Final_Project.a(SDO_LIS3DH.o)
 .debug_abbrev  0x00000ee2       0x90 .\CortexM3\ARM_GCC_541\Debug\Final_Project.a(CS_LIS3DH.o)
 .debug_abbrev  0x00000f72      0x10a .\CortexM3\ARM_GCC_541\Debug\Final_Project.a(I2C_Master.o)
 .debug_abbrev  0x0000107c       0xb6 .\CortexM3\ARM_GCC_541\Debug\Final_Project.a(I2C_Master_INT.o)
 .debug_abbrev  0x00001132       0xfe .\CortexM3\ARM_GCC_541\Debug\Final_Project.a(I2C_Master_PM.o)
 .debug_abbrev  0x00001230      0x13c .\CortexM3\ARM_GCC_541\Debug\Final_Project.a(I2C_Master_MASTER.o)
 .debug_abbrev  0x0000136c      0x175 .\CortexM3\ARM_GCC_541\Debug\Final_Project.a(UART_Debug.o)
 .debug_abbrev  0x000014e1       0x90 .\CortexM3\ARM_GCC_541\Debug\Final_Project.a(CS_1.o)
 .debug_abbrev  0x00001571      0x162 .\CortexM3\ARM_GCC_541\Debug\Final_Project.a(SPIM_1.o)
 .debug_abbrev  0x000016d3       0x8a .\CortexM3\ARM_GCC_541\Debug\Final_Project.a(SPIM_1_INT.o)
 .debug_abbrev  0x0000175d      0x11a .\CortexM3\ARM_GCC_541\Debug\Final_Project.a(Timer.o)
 .debug_abbrev  0x00001877      0x173 .\CortexM3\ARM_GCC_541\Debug\Final_Project.a(isr_TIMER.o)
 .debug_abbrev  0x000019ea      0x173 .\CortexM3\ARM_GCC_541\Debug\Final_Project.a(isr_Button.o)
 .debug_abbrev  0x00001b5d      0x11a .\CortexM3\ARM_GCC_541\Debug\Final_Project.a(Timer_Button.o)
 .debug_abbrev  0x00001c77      0x139 .\CortexM3\ARM_GCC_541\Debug\Final_Project.a(UART_Debug_IntClock.o)
 .debug_abbrev  0x00001db0      0x139 .\CortexM3\ARM_GCC_541\Debug\Final_Project.a(SPIM_1_IntClock.o)
 .debug_abbrev  0x00001ee9      0x254 .\CortexM3\ARM_GCC_541\Debug\Final_Project.a(CyLib.o)
 .debug_abbrev  0x0000213d      0x1ab .\CortexM3\ARM_GCC_541\Debug\Final_Project.a(cyPm.o)
 .debug_abbrev  0x000022e8       0x14 .\CortexM3\ARM_GCC_541\Debug\Final_Project.a(CyBootAsmGnu.o)
 .debug_abbrev  0x000022fc      0x1a7 .\CortexM3\ARM_GCC_541\Debug\Final_Project.a(CyFlash.o)
 .debug_abbrev  0x000024a3      0x194 .\CortexM3\ARM_GCC_541\Debug\Final_Project.a(CySpc.o)

.debug_line     0x00000000     0x3ce4
 *(.debug_line)
 .debug_line    0x00000000      0x4a1 .\CortexM3\ARM_GCC_541\Debug\main.o
 .debug_line    0x000004a1      0x209 .\CortexM3\ARM_GCC_541\Debug\I2C_interface.o
 .debug_line    0x000006aa      0x13f .\CortexM3\ARM_GCC_541\Debug\Ctrl_Reg_Functions.o
 .debug_line    0x000007e9      0x2c0 .\CortexM3\ARM_GCC_541\Debug\Interrupt_Routines.o
 .debug_line    0x00000aa9      0x1f4 .\CortexM3\ARM_GCC_541\Debug\SPI_Interface.o
 .debug_line    0x00000c9d      0x1ef .\CortexM3\ARM_GCC_541\Debug\EEPROM_Interface.o
 .debug_line    0x00000e8c      0x22b .\CortexM3\ARM_GCC_541\Debug\cyfitter_cfg.o
 .debug_line    0x000010b7      0x141 .\CortexM3\ARM_GCC_541\Debug\cymetadata.o
 .debug_line    0x000011f8      0x234 .\CortexM3\ARM_GCC_541\Debug\Cm3Start.o
 .debug_line    0x0000142c       0x94 .\CortexM3\ARM_GCC_541\Debug\Final_Project.a(INT_Led.o)
 .debug_line    0x000014c0       0x94 .\CortexM3\ARM_GCC_541\Debug\Final_Project.a(RED_Led.o)
 .debug_line    0x00001554       0x96 .\CortexM3\ARM_GCC_541\Debug\Final_Project.a(GREEN_Led.o)
 .debug_line    0x000015ea       0x95 .\CortexM3\ARM_GCC_541\Debug\Final_Project.a(BLUE_Led.o)
 .debug_line    0x0000167f      0x137 .\CortexM3\ARM_GCC_541\Debug\Final_Project.a(isr_LIS3DH.o)
 .debug_line    0x000017b6       0x97 .\CortexM3\ARM_GCC_541\Debug\Final_Project.a(SDO_LIS3DH.o)
 .debug_line    0x0000184d       0x96 .\CortexM3\ARM_GCC_541\Debug\Final_Project.a(CS_LIS3DH.o)
 .debug_line    0x000018e3       0xee .\CortexM3\ARM_GCC_541\Debug\Final_Project.a(I2C_Master.o)
 .debug_line    0x000019d1      0x122 .\CortexM3\ARM_GCC_541\Debug\Final_Project.a(I2C_Master_INT.o)
 .debug_line    0x00001af3       0xc9 .\CortexM3\ARM_GCC_541\Debug\Final_Project.a(I2C_Master_PM.o)
 .debug_line    0x00001bbc      0x20b .\CortexM3\ARM_GCC_541\Debug\Final_Project.a(I2C_Master_MASTER.o)
 .debug_line    0x00001dc7      0x2c8 .\CortexM3\ARM_GCC_541\Debug\Final_Project.a(UART_Debug.o)
 .debug_line    0x0000208f       0x91 .\CortexM3\ARM_GCC_541\Debug\Final_Project.a(CS_1.o)
 .debug_line    0x00002120      0x29e .\CortexM3\ARM_GCC_541\Debug\Final_Project.a(SPIM_1.o)
 .debug_line    0x000023be       0xaa .\CortexM3\ARM_GCC_541\Debug\Final_Project.a(SPIM_1_INT.o)
 .debug_line    0x00002468      0x153 .\CortexM3\ARM_GCC_541\Debug\Final_Project.a(Timer.o)
 .debug_line    0x000025bb      0x136 .\CortexM3\ARM_GCC_541\Debug\Final_Project.a(isr_TIMER.o)
 .debug_line    0x000026f1      0x137 .\CortexM3\ARM_GCC_541\Debug\Final_Project.a(isr_Button.o)
 .debug_line    0x00002828      0x15f .\CortexM3\ARM_GCC_541\Debug\Final_Project.a(Timer_Button.o)
 .debug_line    0x00002987      0x182 .\CortexM3\ARM_GCC_541\Debug\Final_Project.a(UART_Debug_IntClock.o)
 .debug_line    0x00002b09      0x17e .\CortexM3\ARM_GCC_541\Debug\Final_Project.a(SPIM_1_IntClock.o)
 .debug_line    0x00002c87      0x816 .\CortexM3\ARM_GCC_541\Debug\Final_Project.a(CyLib.o)
 .debug_line    0x0000349d      0x367 .\CortexM3\ARM_GCC_541\Debug\Final_Project.a(cyPm.o)
 .debug_line    0x00003804       0x66 .\CortexM3\ARM_GCC_541\Debug\Final_Project.a(CyBootAsmGnu.o)
 .debug_line    0x0000386a      0x21a .\CortexM3\ARM_GCC_541\Debug\Final_Project.a(CyFlash.o)
 .debug_line    0x00003a84      0x260 .\CortexM3\ARM_GCC_541\Debug\Final_Project.a(CySpc.o)

.debug_frame    0x00000000     0x2568
 *(.debug_frame)
 .debug_frame   0x00000000       0x40 .\CortexM3\ARM_GCC_541\Debug\main.o
 .debug_frame   0x00000040       0xfc .\CortexM3\ARM_GCC_541\Debug\I2C_interface.o
 .debug_frame   0x0000013c       0x70 .\CortexM3\ARM_GCC_541\Debug\Interrupt_Routines.o
 .debug_frame   0x000001ac       0x88 .\CortexM3\ARM_GCC_541\Debug\SPI_Interface.o
 .debug_frame   0x00000234       0xf8 .\CortexM3\ARM_GCC_541\Debug\EEPROM_Interface.o
 .debug_frame   0x0000032c      0x104 .\CortexM3\ARM_GCC_541\Debug\cyfitter_cfg.o
 .debug_frame   0x00000430       0xb8 .\CortexM3\ARM_GCC_541\Debug\Cm3Start.o
 .debug_frame   0x000004e8       0x50 .\CortexM3\ARM_GCC_541\Debug\Final_Project.a(INT_Led.o)
 .debug_frame   0x00000538       0x50 .\CortexM3\ARM_GCC_541\Debug\Final_Project.a(RED_Led.o)
 .debug_frame   0x00000588       0x50 .\CortexM3\ARM_GCC_541\Debug\Final_Project.a(GREEN_Led.o)
 .debug_frame   0x000005d8       0x50 .\CortexM3\ARM_GCC_541\Debug\Final_Project.a(BLUE_Led.o)
 .debug_frame   0x00000628      0x104 .\CortexM3\ARM_GCC_541\Debug\Final_Project.a(isr_LIS3DH.o)
 .debug_frame   0x0000072c       0x50 .\CortexM3\ARM_GCC_541\Debug\Final_Project.a(SDO_LIS3DH.o)
 .debug_frame   0x0000077c       0x50 .\CortexM3\ARM_GCC_541\Debug\Final_Project.a(CS_LIS3DH.o)
 .debug_frame   0x000007cc       0x90 .\CortexM3\ARM_GCC_541\Debug\Final_Project.a(I2C_Master.o)
 .debug_frame   0x0000085c       0x30 .\CortexM3\ARM_GCC_541\Debug\Final_Project.a(I2C_Master_INT.o)
 .debug_frame   0x0000088c       0x74 .\CortexM3\ARM_GCC_541\Debug\Final_Project.a(I2C_Master_PM.o)
 .debug_frame   0x00000900      0x138 .\CortexM3\ARM_GCC_541\Debug\Final_Project.a(I2C_Master_MASTER.o)
 .debug_frame   0x00000a38      0x250 .\CortexM3\ARM_GCC_541\Debug\Final_Project.a(UART_Debug.o)
 .debug_frame   0x00000c88       0x50 .\CortexM3\ARM_GCC_541\Debug\Final_Project.a(CS_1.o)
 .debug_frame   0x00000cd8      0x260 .\CortexM3\ARM_GCC_541\Debug\Final_Project.a(SPIM_1.o)
 .debug_frame   0x00000f38       0x30 .\CortexM3\ARM_GCC_541\Debug\Final_Project.a(SPIM_1_INT.o)
 .debug_frame   0x00000f68      0x108 .\CortexM3\ARM_GCC_541\Debug\Final_Project.a(Timer.o)
 .debug_frame   0x00001070      0x104 .\CortexM3\ARM_GCC_541\Debug\Final_Project.a(isr_TIMER.o)
 .debug_frame   0x00001174      0x104 .\CortexM3\ARM_GCC_541\Debug\Final_Project.a(isr_Button.o)
 .debug_frame   0x00001278      0x108 .\CortexM3\ARM_GCC_541\Debug\Final_Project.a(Timer_Button.o)
 .debug_frame   0x00001380       0xe0 .\CortexM3\ARM_GCC_541\Debug\Final_Project.a(UART_Debug_IntClock.o)
 .debug_frame   0x00001460       0xe0 .\CortexM3\ARM_GCC_541\Debug\Final_Project.a(SPIM_1_IntClock.o)
 .debug_frame   0x00001540      0x738 .\CortexM3\ARM_GCC_541\Debug\Final_Project.a(CyLib.o)
 .debug_frame   0x00001c78      0x1f8 .\CortexM3\ARM_GCC_541\Debug\Final_Project.a(cyPm.o)
 .debug_frame   0x00001e70      0x194 .\CortexM3\ARM_GCC_541\Debug\Final_Project.a(CyFlash.o)
 .debug_frame   0x00002004      0x180 .\CortexM3\ARM_GCC_541\Debug\Final_Project.a(CySpc.o)
 .debug_frame   0x00002184       0x20 c:/program files (x86)/cypress/psoc creator/4.3/psoc creator/import/gnu/arm/5.4.1/bin/../lib/gcc/arm-none-eabi/5.4.1/../../../../arm-none-eabi/lib/armv7-m\libg_nano.a(lib_a-errno.o)
 .debug_frame   0x000021a4       0x28 c:/program files (x86)/cypress/psoc creator/4.3/psoc creator/import/gnu/arm/5.4.1/bin/../lib/gcc/arm-none-eabi/5.4.1/../../../../arm-none-eabi/lib/armv7-m\libg_nano.a(lib_a-exit.o)
 .debug_frame   0x000021cc       0x2c c:/program files (x86)/cypress/psoc creator/4.3/psoc creator/import/gnu/arm/5.4.1/bin/../lib/gcc/arm-none-eabi/5.4.1/../../../../arm-none-eabi/lib/armv7-m\libg_nano.a(lib_a-init.o)
 .debug_frame   0x000021f8       0x28 c:/program files (x86)/cypress/psoc creator/4.3/psoc creator/import/gnu/arm/5.4.1/bin/../lib/gcc/arm-none-eabi/5.4.1/../../../../arm-none-eabi/lib/armv7-m\libg_nano.a(lib_a-memcpy-stub.o)
 .debug_frame   0x00002220       0x20 c:/program files (x86)/cypress/psoc creator/4.3/psoc creator/import/gnu/arm/5.4.1/bin/../lib/gcc/arm-none-eabi/5.4.1/../../../../arm-none-eabi/lib/armv7-m\libg_nano.a(lib_a-memset.o)
 .debug_frame   0x00002240       0x70 c:/program files (x86)/cypress/psoc creator/4.3/psoc creator/import/gnu/arm/5.4.1/bin/../lib/gcc/arm-none-eabi/5.4.1/../../../../arm-none-eabi/lib/armv7-m\libg_nano.a(lib_a-sprintf.o)
 .debug_frame   0x000022b0       0x90 c:/program files (x86)/cypress/psoc creator/4.3/psoc creator/import/gnu/arm/5.4.1/bin/../lib/gcc/arm-none-eabi/5.4.1/../../../../arm-none-eabi/lib/armv7-m\libg_nano.a(lib_a-nano-svfprintf.o)
 .debug_frame   0x00002340       0x60 c:/program files (x86)/cypress/psoc creator/4.3/psoc creator/import/gnu/arm/5.4.1/bin/../lib/gcc/arm-none-eabi/5.4.1/../../../../arm-none-eabi/lib/armv7-m\libg_nano.a(lib_a-nano-vfprintf_i.o)
 .debug_frame   0x000023a0       0x28 c:/program files (x86)/cypress/psoc creator/4.3/psoc creator/import/gnu/arm/5.4.1/bin/../lib/gcc/arm-none-eabi/5.4.1/../../../../arm-none-eabi/lib/armv7-m\libg_nano.a(lib_a-memchr-stub.o)
 .debug_frame   0x000023c8       0x28 c:/program files (x86)/cypress/psoc creator/4.3/psoc creator/import/gnu/arm/5.4.1/bin/../lib/gcc/arm-none-eabi/5.4.1/../../../../arm-none-eabi/lib/armv7-m\libg_nano.a(lib_a-memmove.o)
 .debug_frame   0x000023f0       0x38 c:/program files (x86)/cypress/psoc creator/4.3/psoc creator/import/gnu/arm/5.4.1/bin/../lib/gcc/arm-none-eabi/5.4.1/../../../../arm-none-eabi/lib/armv7-m\libg_nano.a(lib_a-nano-freer.o)
 .debug_frame   0x00002428       0x2c c:/program files (x86)/cypress/psoc creator/4.3/psoc creator/import/gnu/arm/5.4.1/bin/../lib/gcc/arm-none-eabi/5.4.1/../../../../arm-none-eabi/lib/armv7-m\libg_nano.a(lib_a-nano-mallocr.o)
 .debug_frame   0x00002454       0x3c c:/program files (x86)/cypress/psoc creator/4.3/psoc creator/import/gnu/arm/5.4.1/bin/../lib/gcc/arm-none-eabi/5.4.1/../../../../arm-none-eabi/lib/armv7-m\libg_nano.a(lib_a-nano-reallocr.o)
 .debug_frame   0x00002490       0x2c c:/program files (x86)/cypress/psoc creator/4.3/psoc creator/import/gnu/arm/5.4.1/bin/../lib/gcc/arm-none-eabi/5.4.1/../../../../arm-none-eabi/lib/armv7-m\libg_nano.a(lib_a-sbrkr.o)
 .debug_frame   0x000024bc       0x30 c:/program files (x86)/cypress/psoc creator/4.3/psoc creator/import/gnu/arm/5.4.1/bin/../lib/gcc/arm-none-eabi/5.4.1/../../../../arm-none-eabi/lib/armv7-m\libg_nano.a(lib_a-mlock.o)
 .debug_frame   0x000024ec       0x20 c:/program files (x86)/cypress/psoc creator/4.3/psoc creator/import/gnu/arm/5.4.1/bin/../lib/gcc/arm-none-eabi/5.4.1/../../../../arm-none-eabi/lib/armv7-m\libg_nano.a(lib_a-nano-msizer.o)
 .debug_frame   0x0000250c       0x5c c:/program files (x86)/cypress/psoc creator/4.3/psoc creator/import/gnu/arm/5.4.1/bin/../lib/gcc/arm-none-eabi/5.4.1/../../../../arm-none-eabi/lib/armv7-m\libg_nano.a(lib_a-reent.o)

.debug_str      0x00000000     0x2f94
 *(.debug_str)
 .debug_str     0x00000000      0x58e .\CortexM3\ARM_GCC_541\Debug\main.o
                                0x636 (size before relaxing)
 .debug_str     0x0000058e      0x109 .\CortexM3\ARM_GCC_541\Debug\I2C_interface.o
                                0x363 (size before relaxing)
 .debug_str     0x00000697       0x15 .\CortexM3\ARM_GCC_541\Debug\Ctrl_Reg_Functions.o
                                0x1ac (size before relaxing)
 .debug_str     0x000006ac       0xd6 .\CortexM3\ARM_GCC_541\Debug\Interrupt_Routines.o
                                0x391 (size before relaxing)
 .debug_str     0x00000782      0x154 .\CortexM3\ARM_GCC_541\Debug\SPI_Interface.o
                                0x2f0 (size before relaxing)
 .debug_str     0x000008d6       0x65 .\CortexM3\ARM_GCC_541\Debug\EEPROM_Interface.o
                                0x2c6 (size before relaxing)
 .debug_str     0x0000093b      0x211 .\CortexM3\ARM_GCC_541\Debug\cyfitter_cfg.o
                                0x3a9 (size before relaxing)
 .debug_str     0x00000b4c       0x75 .\CortexM3\ARM_GCC_541\Debug\cymetadata.o
                                0x1e1 (size before relaxing)
 .debug_str     0x00000bc1      0x144 .\CortexM3\ARM_GCC_541\Debug\Cm3Start.o
                                0x307 (size before relaxing)
 .debug_str     0x00000d05       0x67 .\CortexM3\ARM_GCC_541\Debug\Final_Project.a(INT_Led.o)
                                0x1e9 (size before relaxing)
 .debug_str     0x00000d6c       0x4a .\CortexM3\ARM_GCC_541\Debug\Final_Project.a(RED_Led.o)
                                0x1e9 (size before relaxing)
 .debug_str     0x00000db6       0x50 .\CortexM3\ARM_GCC_541\Debug\Final_Project.a(GREEN_Led.o)
                                0x1f3 (size before relaxing)
 .debug_str     0x00000e06       0x4d .\CortexM3\ARM_GCC_541\Debug\Final_Project.a(BLUE_Led.o)
                                0x1ee (size before relaxing)
 .debug_str     0x00000e53      0x121 .\CortexM3\ARM_GCC_541\Debug\Final_Project.a(isr_LIS3DH.o)
                                0x2e9 (size before relaxing)
 .debug_str     0x00000f74       0x63 .\CortexM3\ARM_GCC_541\Debug\Final_Project.a(SDO_LIS3DH.o)
                                0x1f8 (size before relaxing)
 .debug_str     0x00000fd7       0x5f .\CortexM3\ARM_GCC_541\Debug\Final_Project.a(CS_LIS3DH.o)
                                0x1f3 (size before relaxing)
 .debug_str     0x00001036      0x167 .\CortexM3\ARM_GCC_541\Debug\Final_Project.a(I2C_Master.o)
                                0x332 (size before relaxing)
 .debug_str     0x0000119d       0xb7 .\CortexM3\ARM_GCC_541\Debug\Final_Project.a(I2C_Master_INT.o)
                                0x2a9 (size before relaxing)
 .debug_str     0x00001254       0x79 .\CortexM3\ARM_GCC_541\Debug\Final_Project.a(I2C_Master_PM.o)
                                0x2b9 (size before relaxing)
 .debug_str     0x000012cd      0x14b .\CortexM3\ARM_GCC_541\Debug\Final_Project.a(I2C_Master_MASTER.o)
                                0x442 (size before relaxing)
 .debug_str     0x00001418      0x33b .\CortexM3\ARM_GCC_541\Debug\Final_Project.a(UART_Debug.o)
                                0x52c (size before relaxing)
 .debug_str     0x00001753       0x4b .\CortexM3\ARM_GCC_541\Debug\Final_Project.a(CS_1.o)
                                0x1da (size before relaxing)
 .debug_str     0x0000179e      0x276 .\CortexM3\ARM_GCC_541\Debug\Final_Project.a(SPIM_1.o)
                                0x527 (size before relaxing)
 .debug_str     0x00001a14       0x40 .\CortexM3\ARM_GCC_541\Debug\Final_Project.a(SPIM_1_INT.o)
                                0x292 (size before relaxing)
 .debug_str     0x00001a54      0x12d .\CortexM3\ARM_GCC_541\Debug\Final_Project.a(Timer.o)
                                0x2f2 (size before relaxing)
 .debug_str     0x00001b81       0xfd .\CortexM3\ARM_GCC_541\Debug\Final_Project.a(isr_TIMER.o)
                                0x2db (size before relaxing)
 .debug_str     0x00001c7e      0x119 .\CortexM3\ARM_GCC_541\Debug\Final_Project.a(isr_Button.o)
                                0x2e9 (size before relaxing)
 .debug_str     0x00001d97      0x16e .\CortexM3\ARM_GCC_541\Debug\Final_Project.a(Timer_Button.o)
                                0x362 (size before relaxing)
 .debug_str     0x00001f05      0x1bf .\CortexM3\ARM_GCC_541\Debug\Final_Project.a(UART_Debug_IntClock.o)
                                0x37b (size before relaxing)
 .debug_str     0x000020c4      0x14c .\CortexM3\ARM_GCC_541\Debug\Final_Project.a(SPIM_1_IntClock.o)
                                0x34b (size before relaxing)
 .debug_str     0x00002210      0x7bf .\CortexM3\ARM_GCC_541\Debug\Final_Project.a(CyLib.o)
                                0xa44 (size before relaxing)
 .debug_str     0x000029cf      0x365 .\CortexM3\ARM_GCC_541\Debug\Final_Project.a(cyPm.o)
                                0x730 (size before relaxing)
 .debug_str     0x00002d34      0x1b4 .\CortexM3\ARM_GCC_541\Debug\Final_Project.a(CyFlash.o)
                                0x3bd (size before relaxing)
 .debug_str     0x00002ee8       0xac .\CortexM3\ARM_GCC_541\Debug\Final_Project.a(CySpc.o)
                                0x335 (size before relaxing)

.debug_loc      0x00000000     0x3570
 *(.debug_loc)
 .debug_loc     0x00000000      0x52a .\CortexM3\ARM_GCC_541\Debug\main.o
 .debug_loc     0x0000052a      0x328 .\CortexM3\ARM_GCC_541\Debug\I2C_interface.o
 .debug_loc     0x00000852      0x16c .\CortexM3\ARM_GCC_541\Debug\SPI_Interface.o
 .debug_loc     0x000009be      0x15a .\CortexM3\ARM_GCC_541\Debug\EEPROM_Interface.o
 .debug_loc     0x00000b18      0x2cb .\CortexM3\ARM_GCC_541\Debug\cyfitter_cfg.o
 .debug_loc     0x00000de3      0x144 .\CortexM3\ARM_GCC_541\Debug\Cm3Start.o
 .debug_loc     0x00000f27       0x42 .\CortexM3\ARM_GCC_541\Debug\Final_Project.a(INT_Led.o)
 .debug_loc     0x00000f69       0x42 .\CortexM3\ARM_GCC_541\Debug\Final_Project.a(RED_Led.o)
 .debug_loc     0x00000fab       0x42 .\CortexM3\ARM_GCC_541\Debug\Final_Project.a(GREEN_Led.o)
 .debug_loc     0x00000fed       0x42 .\CortexM3\ARM_GCC_541\Debug\Final_Project.a(BLUE_Led.o)
 .debug_loc     0x0000102f       0x56 .\CortexM3\ARM_GCC_541\Debug\Final_Project.a(isr_LIS3DH.o)
 .debug_loc     0x00001085       0x42 .\CortexM3\ARM_GCC_541\Debug\Final_Project.a(SDO_LIS3DH.o)
 .debug_loc     0x000010c7       0x42 .\CortexM3\ARM_GCC_541\Debug\Final_Project.a(CS_LIS3DH.o)
 .debug_loc     0x00001109       0x39 .\CortexM3\ARM_GCC_541\Debug\Final_Project.a(I2C_Master.o)
 .debug_loc     0x00001142       0x29 .\CortexM3\ARM_GCC_541\Debug\Final_Project.a(I2C_Master_INT.o)
 .debug_loc     0x0000116b       0x13 .\CortexM3\ARM_GCC_541\Debug\Final_Project.a(I2C_Master_PM.o)
 .debug_loc     0x0000117e      0x52f .\CortexM3\ARM_GCC_541\Debug\Final_Project.a(I2C_Master_MASTER.o)
 .debug_loc     0x000016ad      0x258 .\CortexM3\ARM_GCC_541\Debug\Final_Project.a(UART_Debug.o)
 .debug_loc     0x00001905       0x42 .\CortexM3\ARM_GCC_541\Debug\Final_Project.a(CS_1.o)
 .debug_loc     0x00001947      0x20d .\CortexM3\ARM_GCC_541\Debug\Final_Project.a(SPIM_1.o)
 .debug_loc     0x00001b54       0x74 .\CortexM3\ARM_GCC_541\Debug\Final_Project.a(SPIM_1_INT.o)
 .debug_loc     0x00001bc8       0x56 .\CortexM3\ARM_GCC_541\Debug\Final_Project.a(isr_TIMER.o)
 .debug_loc     0x00001c1e       0x56 .\CortexM3\ARM_GCC_541\Debug\Final_Project.a(isr_Button.o)
 .debug_loc     0x00001c74      0x128 .\CortexM3\ARM_GCC_541\Debug\Final_Project.a(UART_Debug_IntClock.o)
 .debug_loc     0x00001d9c      0x128 .\CortexM3\ARM_GCC_541\Debug\Final_Project.a(SPIM_1_IntClock.o)
 .debug_loc     0x00001ec4      0xa11 .\CortexM3\ARM_GCC_541\Debug\Final_Project.a(CyLib.o)
 .debug_loc     0x000028d5      0x1e4 .\CortexM3\ARM_GCC_541\Debug\Final_Project.a(cyPm.o)
 .debug_loc     0x00002ab9      0x3b2 .\CortexM3\ARM_GCC_541\Debug\Final_Project.a(CyFlash.o)
 .debug_loc     0x00002e6b      0x705 .\CortexM3\ARM_GCC_541\Debug\Final_Project.a(CySpc.o)

.debug_macinfo
 *(.debug_macinfo)

.debug_ranges   0x00000000      0xc28
 *(.debug_ranges)
 .debug_ranges  0x00000000       0x10 .\CortexM3\ARM_GCC_541\Debug\main.o
 .debug_ranges  0x00000010       0x58 .\CortexM3\ARM_GCC_541\Debug\I2C_interface.o
 .debug_ranges  0x00000068       0x20 .\CortexM3\ARM_GCC_541\Debug\Interrupt_Routines.o
 .debug_ranges  0x00000088       0x28 .\CortexM3\ARM_GCC_541\Debug\SPI_Interface.o
 .debug_ranges  0x000000b0       0x40 .\CortexM3\ARM_GCC_541\Debug\EEPROM_Interface.o
 .debug_ranges  0x000000f0       0x58 .\CortexM3\ARM_GCC_541\Debug\cyfitter_cfg.o
 .debug_ranges  0x00000148       0x38 .\CortexM3\ARM_GCC_541\Debug\Cm3Start.o
 .debug_ranges  0x00000180       0x28 .\CortexM3\ARM_GCC_541\Debug\Final_Project.a(INT_Led.o)
 .debug_ranges  0x000001a8       0x28 .\CortexM3\ARM_GCC_541\Debug\Final_Project.a(RED_Led.o)
 .debug_ranges  0x000001d0       0x28 .\CortexM3\ARM_GCC_541\Debug\Final_Project.a(GREEN_Led.o)
 .debug_ranges  0x000001f8       0x28 .\CortexM3\ARM_GCC_541\Debug\Final_Project.a(BLUE_Led.o)
 .debug_ranges  0x00000220       0x70 .\CortexM3\ARM_GCC_541\Debug\Final_Project.a(isr_LIS3DH.o)
 .debug_ranges  0x00000290       0x28 .\CortexM3\ARM_GCC_541\Debug\Final_Project.a(SDO_LIS3DH.o)
 .debug_ranges  0x000002b8       0x28 .\CortexM3\ARM_GCC_541\Debug\Final_Project.a(CS_LIS3DH.o)
 .debug_ranges  0x000002e0       0x28 .\CortexM3\ARM_GCC_541\Debug\Final_Project.a(I2C_Master.o)
 .debug_ranges  0x00000308       0x10 .\CortexM3\ARM_GCC_541\Debug\Final_Project.a(I2C_Master_INT.o)
 .debug_ranges  0x00000318       0x28 .\CortexM3\ARM_GCC_541\Debug\Final_Project.a(I2C_Master_PM.o)
 .debug_ranges  0x00000340       0x70 .\CortexM3\ARM_GCC_541\Debug\Final_Project.a(I2C_Master_MASTER.o)
 .debug_ranges  0x000003b0       0xe0 .\CortexM3\ARM_GCC_541\Debug\Final_Project.a(UART_Debug.o)
 .debug_ranges  0x00000490       0x28 .\CortexM3\ARM_GCC_541\Debug\Final_Project.a(CS_1.o)
 .debug_ranges  0x000004b8       0xc8 .\CortexM3\ARM_GCC_541\Debug\Final_Project.a(SPIM_1.o)
 .debug_ranges  0x00000580       0x18 .\CortexM3\ARM_GCC_541\Debug\Final_Project.a(SPIM_1_INT.o)
 .debug_ranges  0x00000598       0x78 .\CortexM3\ARM_GCC_541\Debug\Final_Project.a(Timer.o)
 .debug_ranges  0x00000610       0x70 .\CortexM3\ARM_GCC_541\Debug\Final_Project.a(isr_TIMER.o)
 .debug_ranges  0x00000680       0x70 .\CortexM3\ARM_GCC_541\Debug\Final_Project.a(isr_Button.o)
 .debug_ranges  0x000006f0       0x78 .\CortexM3\ARM_GCC_541\Debug\Final_Project.a(Timer_Button.o)
 .debug_ranges  0x00000768       0x60 .\CortexM3\ARM_GCC_541\Debug\Final_Project.a(UART_Debug_IntClock.o)
 .debug_ranges  0x000007c8       0x60 .\CortexM3\ARM_GCC_541\Debug\Final_Project.a(SPIM_1_IntClock.o)
 .debug_ranges  0x00000828      0x290 .\CortexM3\ARM_GCC_541\Debug\Final_Project.a(CyLib.o)
 .debug_ranges  0x00000ab8       0x88 .\CortexM3\ARM_GCC_541\Debug\Final_Project.a(cyPm.o)
 .debug_ranges  0x00000b40       0x78 .\CortexM3\ARM_GCC_541\Debug\Final_Project.a(CyFlash.o)
 .debug_ranges  0x00000bb8       0x70 .\CortexM3\ARM_GCC_541\Debug\Final_Project.a(CySpc.o)

.comment        0x00000000       0x6e
 .comment       0x00000000       0x6e .\CortexM3\ARM_GCC_541\Debug\main.o
                                 0x6f (size before relaxing)
 .comment       0x0000006e       0x6f .\CortexM3\ARM_GCC_541\Debug\I2C_interface.o
 .comment       0x0000006e       0x6f .\CortexM3\ARM_GCC_541\Debug\Ctrl_Reg_Functions.o
 .comment       0x0000006e       0x6f .\CortexM3\ARM_GCC_541\Debug\Interrupt_Routines.o
 .comment       0x0000006e       0x6f .\CortexM3\ARM_GCC_541\Debug\SPI_Interface.o
 .comment       0x0000006e       0x6f .\CortexM3\ARM_GCC_541\Debug\EEPROM_Interface.o
 .comment       0x0000006e       0x6f .\CortexM3\ARM_GCC_541\Debug\cyfitter_cfg.o
 .comment       0x0000006e       0x6f .\CortexM3\ARM_GCC_541\Debug\cymetadata.o
 .comment       0x0000006e       0x6f .\CortexM3\ARM_GCC_541\Debug\Cm3Start.o
 .comment       0x0000006e       0x6f .\CortexM3\ARM_GCC_541\Debug\Final_Project.a(INT_Led.o)
 .comment       0x0000006e       0x6f .\CortexM3\ARM_GCC_541\Debug\Final_Project.a(RED_Led.o)
 .comment       0x0000006e       0x6f .\CortexM3\ARM_GCC_541\Debug\Final_Project.a(GREEN_Led.o)
 .comment       0x0000006e       0x6f .\CortexM3\ARM_GCC_541\Debug\Final_Project.a(BLUE_Led.o)
 .comment       0x0000006e       0x6f .\CortexM3\ARM_GCC_541\Debug\Final_Project.a(isr_LIS3DH.o)
 .comment       0x0000006e       0x6f .\CortexM3\ARM_GCC_541\Debug\Final_Project.a(SDO_LIS3DH.o)
 .comment       0x0000006e       0x6f .\CortexM3\ARM_GCC_541\Debug\Final_Project.a(CS_LIS3DH.o)
 .comment       0x0000006e       0x6f .\CortexM3\ARM_GCC_541\Debug\Final_Project.a(I2C_Master.o)
 .comment       0x0000006e       0x6f .\CortexM3\ARM_GCC_541\Debug\Final_Project.a(I2C_Master_INT.o)
 .comment       0x0000006e       0x6f .\CortexM3\ARM_GCC_541\Debug\Final_Project.a(I2C_Master_PM.o)
 .comment       0x0000006e       0x6f .\CortexM3\ARM_GCC_541\Debug\Final_Project.a(I2C_Master_MASTER.o)
 .comment       0x0000006e       0x6f .\CortexM3\ARM_GCC_541\Debug\Final_Project.a(UART_Debug.o)
 .comment       0x0000006e       0x6f .\CortexM3\ARM_GCC_541\Debug\Final_Project.a(CS_1.o)
 .comment       0x0000006e       0x6f .\CortexM3\ARM_GCC_541\Debug\Final_Project.a(SPIM_1.o)
 .comment       0x0000006e       0x6f .\CortexM3\ARM_GCC_541\Debug\Final_Project.a(SPIM_1_INT.o)
 .comment       0x0000006e       0x6f .\CortexM3\ARM_GCC_541\Debug\Final_Project.a(Timer.o)
 .comment       0x0000006e       0x6f .\CortexM3\ARM_GCC_541\Debug\Final_Project.a(isr_TIMER.o)
 .comment       0x0000006e       0x6f .\CortexM3\ARM_GCC_541\Debug\Final_Project.a(isr_Button.o)
 .comment       0x0000006e       0x6f .\CortexM3\ARM_GCC_541\Debug\Final_Project.a(Timer_Button.o)
 .comment       0x0000006e       0x6f .\CortexM3\ARM_GCC_541\Debug\Final_Project.a(UART_Debug_IntClock.o)
 .comment       0x0000006e       0x6f .\CortexM3\ARM_GCC_541\Debug\Final_Project.a(SPIM_1_IntClock.o)
 .comment       0x0000006e       0x6f .\CortexM3\ARM_GCC_541\Debug\Final_Project.a(CyLib.o)
 .comment       0x0000006e       0x6f .\CortexM3\ARM_GCC_541\Debug\Final_Project.a(cyPm.o)
 .comment       0x0000006e       0x6f .\CortexM3\ARM_GCC_541\Debug\Final_Project.a(CyFlash.o)
 .comment       0x0000006e       0x6f .\CortexM3\ARM_GCC_541\Debug\Final_Project.a(CySpc.o)

.debug_weaknames
 *(.debug_weaknames)

.debug_funcnames
 *(.debug_funcnames)

.debug_typenames
 *(.debug_typenames)

.debug_varnames
 *(.debug_varnames)

.note.gnu.arm.ident
 *(.note.gnu.arm.ident)

.ARM.attributes
                0x00000000       0x29
 *(.ARM.attributes)
 .ARM.attributes
                0x00000000       0x1d c:/program files (x86)/cypress/psoc creator/4.3/psoc creator/import/gnu/arm/5.4.1/bin/../lib/gcc/arm-none-eabi/5.4.1/armv7-m/crti.o
 .ARM.attributes
                0x0000001d       0x2d c:/program files (x86)/cypress/psoc creator/4.3/psoc creator/import/gnu/arm/5.4.1/bin/../lib/gcc/arm-none-eabi/5.4.1/armv7-m/crtbegin.o
 .ARM.attributes
                0x0000004a       0x1b c:/program files (x86)/cypress/psoc creator/4.3/psoc creator/import/gnu/arm/5.4.1/bin/../lib/gcc/arm-none-eabi/5.4.1/../../../../arm-none-eabi/lib/armv7-m/crt0.o
 .ARM.attributes
                0x00000065       0x33 .\CortexM3\ARM_GCC_541\Debug\main.o
 .ARM.attributes
                0x00000098       0x33 .\CortexM3\ARM_GCC_541\Debug\I2C_interface.o
 .ARM.attributes
                0x000000cb       0x33 .\CortexM3\ARM_GCC_541\Debug\Ctrl_Reg_Functions.o
 .ARM.attributes
                0x000000fe       0x33 .\CortexM3\ARM_GCC_541\Debug\Interrupt_Routines.o
 .ARM.attributes
                0x00000131       0x33 .\CortexM3\ARM_GCC_541\Debug\SPI_Interface.o
 .ARM.attributes
                0x00000164       0x33 .\CortexM3\ARM_GCC_541\Debug\EEPROM_Interface.o
 .ARM.attributes
                0x00000197       0x33 .\CortexM3\ARM_GCC_541\Debug\cyfitter_cfg.o
 .ARM.attributes
                0x000001ca       0x33 .\CortexM3\ARM_GCC_541\Debug\cymetadata.o
 .ARM.attributes
                0x000001fd       0x33 .\CortexM3\ARM_GCC_541\Debug\Cm3Start.o
 .ARM.attributes
                0x00000230       0x33 .\CortexM3\ARM_GCC_541\Debug\Final_Project.a(INT_Led.o)
 .ARM.attributes
                0x00000263       0x33 .\CortexM3\ARM_GCC_541\Debug\Final_Project.a(RED_Led.o)
 .ARM.attributes
                0x00000296       0x33 .\CortexM3\ARM_GCC_541\Debug\Final_Project.a(GREEN_Led.o)
 .ARM.attributes
                0x000002c9       0x33 .\CortexM3\ARM_GCC_541\Debug\Final_Project.a(BLUE_Led.o)
 .ARM.attributes
                0x000002fc       0x33 .\CortexM3\ARM_GCC_541\Debug\Final_Project.a(isr_LIS3DH.o)
 .ARM.attributes
                0x0000032f       0x33 .\CortexM3\ARM_GCC_541\Debug\Final_Project.a(SDO_LIS3DH.o)
 .ARM.attributes
                0x00000362       0x33 .\CortexM3\ARM_GCC_541\Debug\Final_Project.a(CS_LIS3DH.o)
 .ARM.attributes
                0x00000395       0x33 .\CortexM3\ARM_GCC_541\Debug\Final_Project.a(I2C_Master.o)
 .ARM.attributes
                0x000003c8       0x33 .\CortexM3\ARM_GCC_541\Debug\Final_Project.a(I2C_Master_INT.o)
 .ARM.attributes
                0x000003fb       0x33 .\CortexM3\ARM_GCC_541\Debug\Final_Project.a(I2C_Master_PM.o)
 .ARM.attributes
                0x0000042e       0x33 .\CortexM3\ARM_GCC_541\Debug\Final_Project.a(I2C_Master_MASTER.o)
 .ARM.attributes
                0x00000461       0x33 .\CortexM3\ARM_GCC_541\Debug\Final_Project.a(UART_Debug.o)
 .ARM.attributes
                0x00000494       0x33 .\CortexM3\ARM_GCC_541\Debug\Final_Project.a(CS_1.o)
 .ARM.attributes
                0x000004c7       0x33 .\CortexM3\ARM_GCC_541\Debug\Final_Project.a(SPIM_1.o)
 .ARM.attributes
                0x000004fa       0x33 .\CortexM3\ARM_GCC_541\Debug\Final_Project.a(SPIM_1_INT.o)
 .ARM.attributes
                0x0000052d       0x33 .\CortexM3\ARM_GCC_541\Debug\Final_Project.a(Timer.o)
 .ARM.attributes
                0x00000560       0x33 .\CortexM3\ARM_GCC_541\Debug\Final_Project.a(isr_TIMER.o)
 .ARM.attributes
                0x00000593       0x33 .\CortexM3\ARM_GCC_541\Debug\Final_Project.a(isr_Button.o)
 .ARM.attributes
                0x000005c6       0x33 .\CortexM3\ARM_GCC_541\Debug\Final_Project.a(Timer_Button.o)
 .ARM.attributes
                0x000005f9       0x33 .\CortexM3\ARM_GCC_541\Debug\Final_Project.a(UART_Debug_IntClock.o)
 .ARM.attributes
                0x0000062c       0x33 .\CortexM3\ARM_GCC_541\Debug\Final_Project.a(SPIM_1_IntClock.o)
 .ARM.attributes
                0x0000065f       0x33 .\CortexM3\ARM_GCC_541\Debug\Final_Project.a(CyLib.o)
 .ARM.attributes
                0x00000692       0x33 .\CortexM3\ARM_GCC_541\Debug\Final_Project.a(cyPm.o)
 .ARM.attributes
                0x000006c5       0x21 .\CortexM3\ARM_GCC_541\Debug\Final_Project.a(CyBootAsmGnu.o)
 .ARM.attributes
                0x000006e6       0x33 .\CortexM3\ARM_GCC_541\Debug\Final_Project.a(CyFlash.o)
 .ARM.attributes
                0x00000719       0x33 .\CortexM3\ARM_GCC_541\Debug\Final_Project.a(CySpc.o)
 .ARM.attributes
                0x0000074c       0x1d c:/program files (x86)/cypress/psoc creator/4.3/psoc creator/import/gnu/arm/5.4.1/bin/../lib/gcc/arm-none-eabi/5.4.1/armv7-m\libgcc.a(_arm_addsubdf3.o)
 .ARM.attributes
                0x00000769       0x1d c:/program files (x86)/cypress/psoc creator/4.3/psoc creator/import/gnu/arm/5.4.1/bin/../lib/gcc/arm-none-eabi/5.4.1/armv7-m\libgcc.a(_arm_muldivdf3.o)
 .ARM.attributes
                0x00000786       0x1d c:/program files (x86)/cypress/psoc creator/4.3/psoc creator/import/gnu/arm/5.4.1/bin/../lib/gcc/arm-none-eabi/5.4.1/armv7-m\libgcc.a(_arm_fixunsdfsi.o)
 .ARM.attributes
                0x000007a3       0x2d c:/program files (x86)/cypress/psoc creator/4.3/psoc creator/import/gnu/arm/5.4.1/bin/../lib/gcc/arm-none-eabi/5.4.1/../../../../arm-none-eabi/lib/armv7-m\libg_nano.a(lib_a-errno.o)
 .ARM.attributes
                0x000007d0       0x2d c:/program files (x86)/cypress/psoc creator/4.3/psoc creator/import/gnu/arm/5.4.1/bin/../lib/gcc/arm-none-eabi/5.4.1/../../../../arm-none-eabi/lib/armv7-m\libg_nano.a(lib_a-exit.o)
 .ARM.attributes
                0x000007fd       0x2d c:/program files (x86)/cypress/psoc creator/4.3/psoc creator/import/gnu/arm/5.4.1/bin/../lib/gcc/arm-none-eabi/5.4.1/../../../../arm-none-eabi/lib/armv7-m\libg_nano.a(lib_a-impure.o)
 .ARM.attributes
                0x0000082a       0x2d c:/program files (x86)/cypress/psoc creator/4.3/psoc creator/import/gnu/arm/5.4.1/bin/../lib/gcc/arm-none-eabi/5.4.1/../../../../arm-none-eabi/lib/armv7-m\libg_nano.a(lib_a-init.o)
 .ARM.attributes
                0x00000857       0x2d c:/program files (x86)/cypress/psoc creator/4.3/psoc creator/import/gnu/arm/5.4.1/bin/../lib/gcc/arm-none-eabi/5.4.1/../../../../arm-none-eabi/lib/armv7-m\libg_nano.a(lib_a-memcpy-stub.o)
 .ARM.attributes
                0x00000884       0x2d c:/program files (x86)/cypress/psoc creator/4.3/psoc creator/import/gnu/arm/5.4.1/bin/../lib/gcc/arm-none-eabi/5.4.1/../../../../arm-none-eabi/lib/armv7-m\libg_nano.a(lib_a-memset.o)
 .ARM.attributes
                0x000008b1       0x2d c:/program files (x86)/cypress/psoc creator/4.3/psoc creator/import/gnu/arm/5.4.1/bin/../lib/gcc/arm-none-eabi/5.4.1/../../../../arm-none-eabi/lib/armv7-m\libg_nano.a(lib_a-sprintf.o)
 .ARM.attributes
                0x000008de       0x2d c:/program files (x86)/cypress/psoc creator/4.3/psoc creator/import/gnu/arm/5.4.1/bin/../lib/gcc/arm-none-eabi/5.4.1/../../../../arm-none-eabi/lib/armv7-m\libg_nano.a(lib_a-nano-svfprintf.o)
 .ARM.attributes
                0x0000090b       0x2d c:/program files (x86)/cypress/psoc creator/4.3/psoc creator/import/gnu/arm/5.4.1/bin/../lib/gcc/arm-none-eabi/5.4.1/../../../../arm-none-eabi/lib/armv7-m\libg_nano.a(lib_a-nano-vfprintf_i.o)
 .ARM.attributes
                0x00000938       0x2d c:/program files (x86)/cypress/psoc creator/4.3/psoc creator/import/gnu/arm/5.4.1/bin/../lib/gcc/arm-none-eabi/5.4.1/../../../../arm-none-eabi/lib/armv7-m\libg_nano.a(lib_a-memchr-stub.o)
 .ARM.attributes
                0x00000965       0x2d c:/program files (x86)/cypress/psoc creator/4.3/psoc creator/import/gnu/arm/5.4.1/bin/../lib/gcc/arm-none-eabi/5.4.1/../../../../arm-none-eabi/lib/armv7-m\libg_nano.a(lib_a-memmove.o)
 .ARM.attributes
                0x00000992       0x2d c:/program files (x86)/cypress/psoc creator/4.3/psoc creator/import/gnu/arm/5.4.1/bin/../lib/gcc/arm-none-eabi/5.4.1/../../../../arm-none-eabi/lib/armv7-m\libg_nano.a(lib_a-nano-freer.o)
 .ARM.attributes
                0x000009bf       0x2d c:/program files (x86)/cypress/psoc creator/4.3/psoc creator/import/gnu/arm/5.4.1/bin/../lib/gcc/arm-none-eabi/5.4.1/../../../../arm-none-eabi/lib/armv7-m\libg_nano.a(lib_a-nano-mallocr.o)
 .ARM.attributes
                0x000009ec       0x2d c:/program files (x86)/cypress/psoc creator/4.3/psoc creator/import/gnu/arm/5.4.1/bin/../lib/gcc/arm-none-eabi/5.4.1/../../../../arm-none-eabi/lib/armv7-m\libg_nano.a(lib_a-nano-reallocr.o)
 .ARM.attributes
                0x00000a19       0x2d c:/program files (x86)/cypress/psoc creator/4.3/psoc creator/import/gnu/arm/5.4.1/bin/../lib/gcc/arm-none-eabi/5.4.1/../../../../arm-none-eabi/lib/armv7-m\libg_nano.a(lib_a-sbrkr.o)
 .ARM.attributes
                0x00000a46       0x2d c:/program files (x86)/cypress/psoc creator/4.3/psoc creator/import/gnu/arm/5.4.1/bin/../lib/gcc/arm-none-eabi/5.4.1/../../../../arm-none-eabi/lib/armv7-m\libg_nano.a(lib_a-mlock.o)
 .ARM.attributes
                0x00000a73       0x2d c:/program files (x86)/cypress/psoc creator/4.3/psoc creator/import/gnu/arm/5.4.1/bin/../lib/gcc/arm-none-eabi/5.4.1/../../../../arm-none-eabi/lib/armv7-m\libg_nano.a(lib_a-nano-msizer.o)
 .ARM.attributes
                0x00000aa0       0x2d c:/program files (x86)/cypress/psoc creator/4.3/psoc creator/import/gnu/arm/5.4.1/bin/../lib/gcc/arm-none-eabi/5.4.1/../../../../arm-none-eabi/lib/armv7-m\libg_nano.a(lib_a-reent.o)
 .ARM.attributes
                0x00000acd       0x2d c:/program files (x86)/cypress/psoc creator/4.3/psoc creator/import/gnu/arm/5.4.1/bin/../lib/gcc/arm-none-eabi/5.4.1/armv7-m/crtend.o
 .ARM.attributes
                0x00000afa       0x1d c:/program files (x86)/cypress/psoc creator/4.3/psoc creator/import/gnu/arm/5.4.1/bin/../lib/gcc/arm-none-eabi/5.4.1/armv7-m/crtn.o

/DISCARD/
 *(.note.GNU-stack)
OUTPUT(C:\Users\Simone\Desktop\PSOC_final-project\Final_Project.cydsn\CortexM3\ARM_GCC_541\Debug\Final_Project.elf elf32-littlearm)