Archive member included to satisfy reference by file (symbol)

.\CortexM3\ARM_GCC_541\Debug\Final_Project.a(INT_Led.o)
                              .\CortexM3\ARM_GCC_541\Debug\main.o (INT_Led_Write)
.\CortexM3\ARM_GCC_541\Debug\Final_Project.a(RED_Led.o)
                              .\CortexM3\ARM_GCC_541\Debug\Interrupt_Routines.o (RED_Led_Write)
.\CortexM3\ARM_GCC_541\Debug\Final_Project.a(GREEN_Led.o)
                              .\CortexM3\ARM_GCC_541\Debug\Interrupt_Routines.o (GREEN_Led_Write)
.\CortexM3\ARM_GCC_541\Debug\Final_Project.a(BLUE_Led.o)
                              .\CortexM3\ARM_GCC_541\Debug\Interrupt_Routines.o (BLUE_Led_Write)
.\CortexM3\ARM_GCC_541\Debug\Final_Project.a(ADC_DelSig.o)
                              .\CortexM3\ARM_GCC_541\Debug\Initialization.o (ADC_DelSig_Start)
.\CortexM3\ARM_GCC_541\Debug\Final_Project.a(ADC_DelSig_INT.o)
                              .\CortexM3\ARM_GCC_541\Debug\Final_Project.a(ADC_DelSig.o) (ADC_DelSig_ISR1)
.\CortexM3\ARM_GCC_541\Debug\Final_Project.a(isr_LIS3DH.o)
                              .\CortexM3\ARM_GCC_541\Debug\main.o (isr_LIS3DH_StartEx)
.\CortexM3\ARM_GCC_541\Debug\Final_Project.a(SDO_LIS3DH.o)
                              .\CortexM3\ARM_GCC_541\Debug\main.o (SDO_LIS3DH_Write)
.\CortexM3\ARM_GCC_541\Debug\Final_Project.a(CS_LIS3DH.o)
                              .\CortexM3\ARM_GCC_541\Debug\main.o (CS_LIS3DH_Write)
.\CortexM3\ARM_GCC_541\Debug\Final_Project.a(I2C_Master.o)
                              .\CortexM3\ARM_GCC_541\Debug\I2C_interface.o (I2C_Master_Start)
.\CortexM3\ARM_GCC_541\Debug\Final_Project.a(I2C_Master_INT.o)
                              .\CortexM3\ARM_GCC_541\Debug\Final_Project.a(I2C_Master.o) (I2C_Master_ISR)
.\CortexM3\ARM_GCC_541\Debug\Final_Project.a(I2C_Master_PM.o)
                              .\CortexM3\ARM_GCC_541\Debug\Final_Project.a(I2C_Master.o) (I2C_Master_backup)
.\CortexM3\ARM_GCC_541\Debug\Final_Project.a(I2C_Master_MASTER.o)
                              .\CortexM3\ARM_GCC_541\Debug\Final_Project.a(I2C_Master.o) (I2C_Master_mstrStatus)
.\CortexM3\ARM_GCC_541\Debug\Final_Project.a(UART_Debug.o)
                              .\CortexM3\ARM_GCC_541\Debug\main.o (UART_Debug_Start)
.\CortexM3\ARM_GCC_541\Debug\Final_Project.a(CS_1.o)
                              .\CortexM3\ARM_GCC_541\Debug\SPI_Interface.o (CS_1_Write)
.\CortexM3\ARM_GCC_541\Debug\Final_Project.a(SPIM_1.o)
                              .\CortexM3\ARM_GCC_541\Debug\Initialization.o (SPIM_1_Stop)
.\CortexM3\ARM_GCC_541\Debug\Final_Project.a(SPIM_1_INT.o)
                              .\CortexM3\ARM_GCC_541\Debug\Final_Project.a(SPIM_1.o) (SPIM_1_TX_ISR)
.\CortexM3\ARM_GCC_541\Debug\Final_Project.a(Timer.o)
                              .\CortexM3\ARM_GCC_541\Debug\Interrupt_Routines.o (Timer_ReadStatusRegister)
.\CortexM3\ARM_GCC_541\Debug\Final_Project.a(isr_TIMER.o)
                              .\CortexM3\ARM_GCC_541\Debug\main.o (isr_TIMER_StartEx)
.\CortexM3\ARM_GCC_541\Debug\Final_Project.a(isr_Button.o)
                              .\CortexM3\ARM_GCC_541\Debug\main.o (isr_Button_StartEx)
.\CortexM3\ARM_GCC_541\Debug\Final_Project.a(Timer_Button.o)
                              .\CortexM3\ARM_GCC_541\Debug\Interrupt_Routines.o (Timer_Button_ReadStatusRegister)
.\CortexM3\ARM_GCC_541\Debug\Final_Project.a(ADC_DelSig_AMux.o)
                              .\CortexM3\ARM_GCC_541\Debug\Final_Project.a(ADC_DelSig.o) (ADC_DelSig_AMux_Select)
.\CortexM3\ARM_GCC_541\Debug\Final_Project.a(ADC_DelSig_Ext_CP_Clk.o)
                              .\CortexM3\ARM_GCC_541\Debug\Final_Project.a(ADC_DelSig.o) (ADC_DelSig_Ext_CP_Clk_SetModeRegister)
.\CortexM3\ARM_GCC_541\Debug\Final_Project.a(ADC_DelSig_theACLK.o)
                              .\CortexM3\ARM_GCC_541\Debug\Final_Project.a(ADC_DelSig.o) (ADC_DelSig_theACLK_SetModeRegister)
.\CortexM3\ARM_GCC_541\Debug\Final_Project.a(UART_Debug_IntClock.o)
                              .\CortexM3\ARM_GCC_541\Debug\Final_Project.a(UART_Debug.o) (UART_Debug_IntClock_Start)
.\CortexM3\ARM_GCC_541\Debug\Final_Project.a(SPIM_1_IntClock.o)
                              .\CortexM3\ARM_GCC_541\Debug\Final_Project.a(SPIM_1.o) (SPIM_1_IntClock_Start)
.\CortexM3\ARM_GCC_541\Debug\Final_Project.a(CyLib.o)
                              .\CortexM3\ARM_GCC_541\Debug\Cm3Start.o (CyHalt)
.\CortexM3\ARM_GCC_541\Debug\Final_Project.a(cyPm.o)
                              .\CortexM3\ARM_GCC_541\Debug\Final_Project.a(CyLib.o) (CyPmReadStatus)
.\CortexM3\ARM_GCC_541\Debug\Final_Project.a(isr_Debouncer.o)
                              .\CortexM3\ARM_GCC_541\Debug\main.o (isr_Debouncer_StartEx)
.\CortexM3\ARM_GCC_541\Debug\Final_Project.a(CyBootAsmGnu.o)
                              .\CortexM3\ARM_GCC_541\Debug\cyfitter_cfg.o (CyDelayCycles)
.\CortexM3\ARM_GCC_541\Debug\Final_Project.a(CyFlash.o)
                              .\CortexM3\ARM_GCC_541\Debug\Final_Project.a(cyPm.o) (CyFlash_SetWaitCycles)
[...]
Memory Configuration

Name             Origin             Length             Attributes
rom              0x00000000         0x00040000         xr
ram              0x1fff8000         0x00010000         xrw
*default*        0x00000000         0xffffffff

Linker script and memory map

LOAD c:/program files (x86)/cypress/psoc creator/4.3/psoc creator/import/gnu/arm/5.4.1/bin/../lib/gcc/arm-none-eabi/5.4.1/armv7-m/crti.o
LOAD c:/program files (x86)/cypress/psoc creator/4.3/psoc creator/import/gnu/arm/5.4.1/bin/../lib/gcc/arm-none-eabi/5.4.1/armv7-m/crtbegin.o
LOAD c:/program files (x86)/cypress/psoc creator/4.3/psoc creator/import/gnu/arm/5.4.1/bin/../lib/gcc/arm-none-eabi/5.4.1/../../../../arm-none-eabi/lib/armv7-m/crt0.o
START GROUP
LOAD .\CortexM3\ARM_GCC_541\Debug\main.o
LOAD .\CortexM3\ARM_GCC_541\Debug\I2C_interface.o
LOAD .\CortexM3\ARM_GCC_541\Debug\Ctrl_Reg_Functions.o
LOAD .\CortexM3\ARM_GCC_541\Debug\Interrupt_Routines.o
LOAD .\CortexM3\ARM_GCC_541\Debug\SPI_Interface.o
LOAD .\CortexM3\ARM_GCC_541\Debug\EEPROM_Interface.o
LOAD .\CortexM3\ARM_GCC_541\Debug\Initialization.o
LOAD .\CortexM3\ARM_GCC_541\Debug\cyfitter_cfg.o
LOAD .\CortexM3\ARM_GCC_541\Debug\cymetadata.o
LOAD .\CortexM3\ARM_GCC_541\Debug\Cm3Start.o
LOAD .\CortexM3\ARM_GCC_541\Debug\Final_Project.a
LOAD C:\Program Files (x86)\Cypress\PSoC Creator\4.3\PSoC Creator\psoc\content\cycomponentlibrary\CyComponentLibrary.cylib\CortexM3\ARM_GCC_541\Debug\CyComponentLibrary.a
LOAD c:/program files (x86)/cypress/psoc creator/4.3/psoc creator/import/gnu/arm/5.4.1/bin/../lib/gcc/arm-none-eabi/5.4.1/../../../../arm-none-eabi/lib/armv7-m\libm.a
END GROUP
START GROUP
LOAD c:/program files (x86)/cypress/psoc creator/4.3/psoc creator/import/gnu/arm/5.4.1/bin/../lib/gcc/arm-none-eabi/5.4.1/armv7-m\libgcc.a
LOAD c:/program files (x86)/cypress/psoc creator/4.3/psoc creator/import/gnu/arm/5.4.1/bin/../lib/gcc/arm-none-eabi/5.4.1/../../../../arm-none-eabi/lib/armv7-m\libg_nano.a
LOAD c:/program files (x86)/cypress/psoc creator/4.3/psoc creator/import/gnu/arm/5.4.1/bin/../lib/gcc/arm-none-eabi/5.4.1/../../../../arm-none-eabi/lib/armv7-m\libc_nano.a
END GROUP
START GROUP
LOAD c:/program files (x86)/cypress/psoc creator/4.3/psoc creator/import/gnu/arm/5.4.1/bin/../lib/gcc/arm-none-eabi/5.4.1/armv7-m\libgcc.a
LOAD c:/program files (x86)/cypress/psoc creator/4.3/psoc creator/import/gnu/arm/5.4.1/bin/../lib/gcc/arm-none-eabi/5.4.1/../../../../arm-none-eabi/lib/armv7-m\libc_nano.a
END GROUP
LOAD c:/program files (x86)/cypress/psoc creator/4.3/psoc creator/import/gnu/arm/5.4.1/bin/../lib/gcc/arm-none-eabi/5.4.1/armv7-m/crtend.o
LOAD c:/program files (x86)/cypress/psoc creator/4.3/psoc creator/import/gnu/arm/5.4.1/bin/../lib/gcc/arm-none-eabi/5.4.1/armv7-m/crtn.o
START GROUP
LOAD c:/program files (x86)/cypress/psoc creator/4.3/psoc creator/import/gnu/arm/5.4.1/bin/../lib/gcc/arm-none-eabi/5.4.1/armv7-m\libgcc.a
LOAD c:/program files (x86)/cypress/psoc creator/4.3/psoc creator/import/gnu/arm/5.4.1/bin/../lib/gcc/arm-none-eabi/5.4.1/../../../../arm-none-eabi/lib/armv7-m\libc.a
LOAD c:/program files (x86)/cypress/psoc creator/4.3/psoc creator/import/gnu/arm/5.4.1/bin/../lib/gcc/arm-none-eabi/5.4.1/../../../../arm-none-eabi/lib/armv7-m\libnosys.a
END GROUP
                0x00000000                CY_APPL_ORIGIN = 0x0
                0x00000100                CY_FLASH_ROW_SIZE = 0x100
                0x00000020                CY_ECC_ROW_SIZE = 0x20
                0x00000000                CY_EE_IN_BTLDR = 0x0
                0x00000000                CY_APPL_LOADABLE = 0x0
                0x00000800                CY_EE_SIZE = 0x800
                0x00000001                CY_APPL_NUM = 0x1
                0x00000001                CY_APPL_MAX = 0x1
                0x00000040                CY_METADATA_SIZE = 0x40
                0x00000000                CY_APPL_LOADABLE = 0x0
                0x00000000                CY_CHECKSUM_EXCLUDE_SIZE = ALIGN (0x0, CY_FLASH_ROW_SIZE)
                [!provide]                PROVIDE (__cy_heap_start, _end)
                0x00000001                PROVIDE (__cy_region_num, ((__cy_regions_end - __cy_regions) / 0x10))
                0x20008000                PROVIDE (__cy_stack, (ORIGIN (ram) + LENGTH (ram)))
                [!provide]                PROVIDE (__cy_heap_end, (__cy_stack - 0x800))

.cybootloader   0x00000000        0x0
 *(.cybootloader)
                0x00000000                appl1_start = CY_APPL_ORIGIN?CY_APPL_ORIGIN:ALIGN (CY_FLASH_ROW_SIZE)
                0x0001ff00                appl2_start = (appl1_start + ALIGN ((((LENGTH (rom) - appl1_start) - (0x2 * CY_FLASH_ROW_SIZE)) / 0x2), CY_FLASH_ROW_SIZE))
                0x00000000                appl_start = (CY_APPL_NUM == 0x1)?appl1_start:appl2_start
                0x00000000                ecc_offset = ((appl_start / CY_FLASH_ROW_SIZE) * CY_ECC_ROW_SIZE)
                0x00000000                ee_offset = (CY_APPL_LOADABLE && ! (CY_EE_IN_BTLDR))?((CY_EE_SIZE / CY_APPL_MAX) * (CY_APPL_NUM - 0x1)):0x0
                0x00000800                ee_size = (CY_APPL_LOADABLE && ! (CY_EE_IN_BTLDR))?(CY_EE_SIZE / CY_APPL_MAX):CY_EE_SIZE
                [!provide]                PROVIDE (CY_ECC_OFFSET, ecc_offset)

.text           0x00000000     0x3ef4
 CREATE_OBJECT_SYMBOLS
                0x00000000                PROVIDE (__cy_interrupt_vector, RomVectors)
 *(.romvectors)
 .romvectors    0x00000000       0x10 .\CortexM3\ARM_GCC_541\Debug\Cm3Start.o
                0x00000000                RomVectors
                0x00000001                ASSERT ((. != __cy_interrupt_vector), No interrupt vector)
                0x00000001                ASSERT (CY_APPL_ORIGIN?(SIZEOF (.cybootloader) <= CY_APPL_ORIGIN):0x1, Wrong image location)
                0x00000010                PROVIDE (__cy_reset, Reset)
 *(.text.Reset)
 .text.Reset    0x00000010       0x18 .\CortexM3\ARM_GCC_541\Debug\Cm3Start.o
                0x00000010                Reset
                0x00000001                ASSERT ((. != __cy_reset), No reset code)
 *(.dma_init)
                0x00000001                ASSERT ((((appl_start + .) <= 0x10000) || 0x1), DMA Init must be within the first 64k of flash)
 *(.text .text.* .gnu.linkonce.t.*)
 .text          0x00000028       0x5c c:/program files (x86)/cypress/psoc creator/4.3/psoc creator/import/gnu/arm/5.4.1/bin/../lib/gcc/arm-none-eabi/5.4.1/armv7-m/crtbegin.o
 *fill*         0x00000084        0x4 
 .text.main     0x00000088      0x918 .\CortexM3\ARM_GCC_541\Debug\main.o
                0x00000088                main
 .text.I2C_Peripheral_Start
                0x000009a0        0xc .\CortexM3\ARM_GCC_541\Debug\I2C_interface.o
                0x000009a0                I2C_Peripheral_Start
 .text.I2C_Peripheral_Stop
                0x000009ac        0xc .\CortexM3\ARM_GCC_541\Debug\I2C_interface.o
                0x000009ac                I2C_Peripheral_Stop
 .text.I2C_Peripheral_ReadRegister
                0x000009b8       0x40 .\CortexM3\ARM_GCC_541\Debug\I2C_interface.o
                0x000009b8                I2C_Peripheral_ReadRegister
 .text.I2C_Peripheral_ReadRegisterMulti
                0x000009f8       0x64 .\CortexM3\ARM_GCC_541\Debug\I2C_interface.o
                0x000009f8                I2C_Peripheral_ReadRegisterMulti
 .text.I2C_Peripheral_WriteRegister
                0x00000a5c       0x30 .\CortexM3\ARM_GCC_541\Debug\I2C_interface.o
                0x00000a5c                I2C_Peripheral_WriteRegister
 .text.I2C_Peripheral_IsDeviceConnected
                0x00000a8c       0x18 .\CortexM3\ARM_GCC_541\Debug\I2C_interface.o
                0x00000a8c                I2C_Peripheral_IsDeviceConnected
 .text.ISR_LIS3DH_FIFO_WATERMARK
                0x00000aa4       0x60 .\CortexM3\ARM_GCC_541\Debug\Interrupt_Routines.o
                0x00000aa4                ISR_LIS3DH_FIFO_WATERMARK
 .text.ISR_TIMER
                0x00000b04      0x2b4 .\CortexM3\ARM_GCC_541\Debug\Interrupt_Routines.o
                0x00000b04                ISR_TIMER
 .text.ISR_COUNTER_BUTTON
                0x00000db8       0x3c .\CortexM3\ARM_GCC_541\Debug\Interrupt_Routines.o
                0x00000db8                ISR_COUNTER_BUTTON
 .text.ISR_DEBOUNCER
                0x00000df4       0x48 .\CortexM3\ARM_GCC_541\Debug\Interrupt_Routines.o
                0x00000df4                ISR_DEBOUNCER
 .text.SPI_Interface_tradeByte
                0x00000e3c       0x2c .\CortexM3\ARM_GCC_541\Debug\SPI_Interface.o
                0x00000e3c                SPI_Interface_tradeByte
 .text.SPI_Interface_ReadByte
                0x00000e68       0x34 .\CortexM3\ARM_GCC_541\Debug\SPI_Interface.o
                0x00000e68                SPI_Interface_ReadByte
 .text.SPI_Interface_Multi_RW
                0x00000e9c       0xb8 .\CortexM3\ARM_GCC_541\Debug\SPI_Interface.o
                0x00000e9c                SPI_Interface_Multi_RW
 .text.EEPROM_readStatus
                0x00000f54        0xc .\CortexM3\ARM_GCC_541\Debug\EEPROM_Interface.o
                0x00000f54                EEPROM_readStatus
 .text.EEPROM_writeEnable
                0x00000f60        0xc .\CortexM3\ARM_GCC_541\Debug\EEPROM_Interface.o
                0x00000f60                EEPROM_writeEnable
 .text.EEPROM_readByte
                0x00000f6c       0x30 .\CortexM3\ARM_GCC_541\Debug\EEPROM_Interface.o
                0x00000f6c                EEPROM_readByte
 .text.EEPROM_writeByte
                0x00000f9c       0x38 .\CortexM3\ARM_GCC_541\Debug\EEPROM_Interface.o
                0x00000f9c                EEPROM_writeByte
 .text.EEPROM_readPage
                0x00000fd4       0x24 .\CortexM3\ARM_GCC_541\Debug\EEPROM_Interface.o
                0x00000fd4                EEPROM_readPage
 .text.EEPROM_writePage
                0x00000ff8       0x5c .\CortexM3\ARM_GCC_541\Debug\EEPROM_Interface.o
                0x00000ff8                EEPROM_writePage
 .text.EEPROM_waitForWriteComplete
                0x00001054       0x10 .\CortexM3\ARM_GCC_541\Debug\EEPROM_Interface.o
                0x00001054                EEPROM_waitForWriteComplete
 .text.INIT_ON  0x00001064       0x40 .\CortexM3\ARM_GCC_541\Debug\Initialization.o
                0x00001064                INIT_ON
 .text.INIT_OFF
                0x000010a4       0x4c .\CortexM3\ARM_GCC_541\Debug\Initialization.o
                0x000010a4                INIT_OFF
 .text.INIT_CONF
                0x000010f0       0x44 .\CortexM3\ARM_GCC_541\Debug\Initialization.o
                0x000010f0                INIT_CONF
 .text.CyClockStartupError
                0x00001134        0x4 .\CortexM3\ARM_GCC_541\Debug\cyfitter_cfg.o
 .text.cfg_write_bytes32
                0x00001138       0x34 .\CortexM3\ARM_GCC_541\Debug\cyfitter_cfg.o
 .text.AnalogSetDefault
                0x0000116c       0x40 .\CortexM3\ARM_GCC_541\Debug\cyfitter_cfg.o
 .text.CYMEMZERO
                0x000011ac        0xc .\CortexM3\ARM_GCC_541\Debug\cyfitter_cfg.o
 .text.CYCONFIGCPY
                0x000011b8        0x8 .\CortexM3\ARM_GCC_541\Debug\cyfitter_cfg.o
 .text.ClockSetup
                0x000011c0      0x120 .\CortexM3\ARM_GCC_541\Debug\cyfitter_cfg.o
 .text.ADC_DelSig_AMux_Set
                0x000012e0       0x1c .\CortexM3\ARM_GCC_541\Debug\cyfitter_cfg.o
                0x000012e0                ADC_DelSig_AMux_Set
 .text.ADC_DelSig_AMux_Unset
                0x000012fc       0x1c .\CortexM3\ARM_GCC_541\Debug\cyfitter_cfg.o
                0x000012fc                ADC_DelSig_AMux_Unset
 .text.cyfitter_cfg
                0x00001318      0x13c .\CortexM3\ARM_GCC_541\Debug\cyfitter_cfg.o
                0x00001318                cyfitter_cfg
 .text.IntDefaultHandler
                0x00001454       0x10 .\CortexM3\ARM_GCC_541\Debug\Cm3Start.o
                0x00001454                IntDefaultHandler
 .text._sbrk    0x00001464       0x30 .\CortexM3\ARM_GCC_541\Debug\Cm3Start.o
                0x00001464                _sbrk
 .text.Start_c  0x00001494       0x4c .\CortexM3\ARM_GCC_541\Debug\Cm3Start.o
                0x00001494                Start_c
 .text.initialize_psoc
                0x000014e0       0x68 .\CortexM3\ARM_GCC_541\Debug\Cm3Start.o
                0x000014e0                initialize_psoc
 .text.INT_Led_Write
                0x00001548       0x18 .\CortexM3\ARM_GCC_541\Debug\Final_Project.a(INT_Led.o)
                0x00001548                INT_Led_Write
 .text.INT_Led_Read
                0x00001560       0x10 .\CortexM3\ARM_GCC_541\Debug\Final_Project.a(INT_Led.o)
                0x00001560                INT_Led_Read
 .text.RED_Led_Write
                0x00001570       0x18 .\CortexM3\ARM_GCC_541\Debug\Final_Project.a(RED_Led.o)
                0x00001570                RED_Led_Write
 .text.RED_Led_Read
                0x00001588        0xc .\CortexM3\ARM_GCC_541\Debug\Final_Project.a(RED_Led.o)
                0x00001588                RED_Led_Read
 .text.GREEN_Led_Write
                0x00001594       0x18 .\CortexM3\ARM_GCC_541\Debug\Final_Project.a(GREEN_Led.o)
                0x00001594                GREEN_Led_Write
 .text.GREEN_Led_Read
                0x000015ac       0x10 .\CortexM3\ARM_GCC_541\Debug\Final_Project.a(GREEN_Led.o)
                0x000015ac                GREEN_Led_Read
 .text.BLUE_Led_Write
                0x000015bc       0x18 .\CortexM3\ARM_GCC_541\Debug\Final_Project.a(BLUE_Led.o)
                0x000015bc                BLUE_Led_Write
 .text.BLUE_Led_Read
                0x000015d4       0x10 .\CortexM3\ARM_GCC_541\Debug\Final_Project.a(BLUE_Led.o)
                0x000015d4                BLUE_Led_Read
 .text.ADC_DelSig_GainCompensation
                0x000015e4       0xdc .\CortexM3\ARM_GCC_541\Debug\Final_Project.a(ADC_DelSig.o)
 .text.ADC_DelSig_SetDSMRef0Reg
                0x000016c0       0x4c .\CortexM3\ARM_GCC_541\Debug\Final_Project.a(ADC_DelSig.o)
 .text.ADC_DelSig_InitConfig
                0x0000170c       0xe0 .\CortexM3\ARM_GCC_541\Debug\Final_Project.a(ADC_DelSig.o)
 .text.ADC_DelSig_Init
                0x000017ec       0xc4 .\CortexM3\ARM_GCC_541\Debug\Final_Project.a(ADC_DelSig.o)
                0x000017ec                ADC_DelSig_Init
 .text.ADC_DelSig_Enable
                0x000018b0       0xd8 .\CortexM3\ARM_GCC_541\Debug\Final_Project.a(ADC_DelSig.o)
                0x000018b0                ADC_DelSig_Enable
 .text.ADC_DelSig_Start
                0x00001988       0x28 .\CortexM3\ARM_GCC_541\Debug\Final_Project.a(ADC_DelSig.o)
                0x00001988                ADC_DelSig_Start
 .text.ADC_DelSig_Stop
                0x000019b0       0xe4 .\CortexM3\ARM_GCC_541\Debug\Final_Project.a(ADC_DelSig.o)
                0x000019b0                ADC_DelSig_Stop
 .text.ADC_DelSig_StartConvert
                0x00001a94       0x10 .\CortexM3\ARM_GCC_541\Debug\Final_Project.a(ADC_DelSig.o)
                0x00001a94                ADC_DelSig_StartConvert
 .text.ADC_DelSig_StopConvert
                0x00001aa4       0x10 .\CortexM3\ARM_GCC_541\Debug\Final_Project.a(ADC_DelSig.o)
                0x00001aa4                ADC_DelSig_StopConvert
 .text.ADC_DelSig_IsEndConversion
                0x00001ab4       0x30 .\CortexM3\ARM_GCC_541\Debug\Final_Project.a(ADC_DelSig.o)
                0x00001ab4                ADC_DelSig_IsEndConversion
 .text.ADC_DelSig_GetResult32
                0x00001ae4       0x6c .\CortexM3\ARM_GCC_541\Debug\Final_Project.a(ADC_DelSig.o)
                0x00001ae4                ADC_DelSig_GetResult32
 .text.ADC_DelSig_CountsTo_mVolts
                0x00001b50       0x24 .\CortexM3\ARM_GCC_541\Debug\Final_Project.a(ADC_DelSig.o)
                0x00001b50                ADC_DelSig_CountsTo_mVolts
 .text.ADC_DelSig_Read32
                0x00001b74       0x28 .\CortexM3\ARM_GCC_541\Debug\Final_Project.a(ADC_DelSig.o)
                0x00001b74                ADC_DelSig_Read32
 .text.ADC_DelSig_ISR1
                0x00001b9c        0x4 .\CortexM3\ARM_GCC_541\Debug\Final_Project.a(ADC_DelSig_INT.o)
                0x00001b9c                ADC_DelSig_ISR1
 .text.isr_LIS3DH_SetVector
                0x00001ba0        0xc .\CortexM3\ARM_GCC_541\Debug\Final_Project.a(isr_LIS3DH.o)
                0x00001ba0                isr_LIS3DH_SetVector
 .text.isr_LIS3DH_SetPriority
                0x00001bac       0x10 .\CortexM3\ARM_GCC_541\Debug\Final_Project.a(isr_LIS3DH.o)
                0x00001bac                isr_LIS3DH_SetPriority
 .text.isr_LIS3DH_Enable
                0x00001bbc        0xc .\CortexM3\ARM_GCC_541\Debug\Final_Project.a(isr_LIS3DH.o)
                0x00001bbc                isr_LIS3DH_Enable
 .text.isr_LIS3DH_Disable
                0x00001bc8        0xc .\CortexM3\ARM_GCC_541\Debug\Final_Project.a(isr_LIS3DH.o)
                0x00001bc8                isr_LIS3DH_Disable
 .text.isr_LIS3DH_StartEx
                0x00001bd4       0x1c .\CortexM3\ARM_GCC_541\Debug\Final_Project.a(isr_LIS3DH.o)
                0x00001bd4                isr_LIS3DH_StartEx
 .text.isr_LIS3DH_Stop
                0x00001bf0       0x14 .\CortexM3\ARM_GCC_541\Debug\Final_Project.a(isr_LIS3DH.o)
                0x00001bf0                isr_LIS3DH_Stop
 .text.SDO_LIS3DH_Write
                0x00001c04       0x18 .\CortexM3\ARM_GCC_541\Debug\Final_Project.a(SDO_LIS3DH.o)
                0x00001c04                SDO_LIS3DH_Write
 .text.CS_LIS3DH_Write
                0x00001c1c       0x18 .\CortexM3\ARM_GCC_541\Debug\Final_Project.a(CS_LIS3DH.o)
                0x00001c1c                CS_LIS3DH_Write
 .text.I2C_Master_Init
                0x00001c34       0x68 .\CortexM3\ARM_GCC_541\Debug\Final_Project.a(I2C_Master.o)
                0x00001c34                I2C_Master_Init
 .text.I2C_Master_Enable
                0x00001c9c       0x24 .\CortexM3\ARM_GCC_541\Debug\Final_Project.a(I2C_Master.o)
                0x00001c9c                I2C_Master_Enable
 .text.I2C_Master_Start
                0x00001cc0       0x28 .\CortexM3\ARM_GCC_541\Debug\Final_Project.a(I2C_Master.o)
                0x00001cc0                I2C_Master_Start
 .text.I2C_Master_Stop
                0x00001ce8       0xb4 .\CortexM3\ARM_GCC_541\Debug\Final_Project.a(I2C_Master.o)
                0x00001ce8                I2C_Master_Stop
 .text.I2C_Master_ISR
                0x00001d9c      0x2d0 .\CortexM3\ARM_GCC_541\Debug\Final_Project.a(I2C_Master_INT.o)
                0x00001d9c                I2C_Master_ISR
 .text.I2C_Master_MasterSendStart
                0x0000206c       0x80 .\CortexM3\ARM_GCC_541\Debug\Final_Project.a(I2C_Master_MASTER.o)
                0x0000206c                I2C_Master_MasterSendStart
 .text.I2C_Master_MasterSendRestart
                0x000020ec       0x6c .\CortexM3\ARM_GCC_541\Debug\Final_Project.a(I2C_Master_MASTER.o)
                0x000020ec                I2C_Master_MasterSendRestart
 .text.I2C_Master_MasterSendStop
                0x00002158       0x38 .\CortexM3\ARM_GCC_541\Debug\Final_Project.a(I2C_Master_MASTER.o)
                0x00002158                I2C_Master_MasterSendStop
 .text.I2C_Master_MasterWriteByte
                0x00002190       0x58 .\CortexM3\ARM_GCC_541\Debug\Final_Project.a(I2C_Master_MASTER.o)
                0x00002190                I2C_Master_MasterWriteByte
 .text.I2C_Master_MasterReadByte
                0x000021e8       0x58 .\CortexM3\ARM_GCC_541\Debug\Final_Project.a(I2C_Master_MASTER.o)
                0x000021e8                I2C_Master_MasterReadByte
 .text.UART_Debug_Init
                0x00002240       0x28 .\CortexM3\ARM_GCC_541\Debug\Final_Project.a(UART_Debug.o)
                0x00002240                UART_Debug_Init
 .text.UART_Debug_Enable
                0x00002268       0x38 .\CortexM3\ARM_GCC_541\Debug\Final_Project.a(UART_Debug.o)
                0x00002268                UART_Debug_Enable
 .text.UART_Debug_Start
                0x000022a0       0x1c .\CortexM3\ARM_GCC_541\Debug\Final_Project.a(UART_Debug.o)
                0x000022a0                UART_Debug_Start
 .text.UART_Debug_PutChar
                0x000022bc       0x18 .\CortexM3\ARM_GCC_541\Debug\Final_Project.a(UART_Debug.o)
                0x000022bc                UART_Debug_PutChar
 .text.UART_Debug_PutString
                0x000022d4       0x24 .\CortexM3\ARM_GCC_541\Debug\Final_Project.a(UART_Debug.o)
                0x000022d4                UART_Debug_PutString
 .text.CS_1_Write
                0x000022f8       0x18 .\CortexM3\ARM_GCC_541\Debug\Final_Project.a(CS_1.o)
                0x000022f8                CS_1_Write
 .text.SPIM_1_EnableTxInt
                0x00002310        0xc .\CortexM3\ARM_GCC_541\Debug\Final_Project.a(SPIM_1.o)
                0x00002310                SPIM_1_EnableTxInt
 .text.SPIM_1_EnableRxInt
                0x0000231c        0xc .\CortexM3\ARM_GCC_541\Debug\Final_Project.a(SPIM_1.o)
                0x0000231c                SPIM_1_EnableRxInt
 .text.SPIM_1_Enable
                0x00002328       0x3c .\CortexM3\ARM_GCC_541\Debug\Final_Project.a(SPIM_1.o)
                0x00002328                SPIM_1_Enable
 .text.SPIM_1_DisableTxInt
                0x00002364        0xc .\CortexM3\ARM_GCC_541\Debug\Final_Project.a(SPIM_1.o)
                0x00002364                SPIM_1_DisableTxInt
 .text.SPIM_1_DisableRxInt
                0x00002370        0xc .\CortexM3\ARM_GCC_541\Debug\Final_Project.a(SPIM_1.o)
                0x00002370                SPIM_1_DisableRxInt
 .text.SPIM_1_Stop
                0x0000237c       0x30 .\CortexM3\ARM_GCC_541\Debug\Final_Project.a(SPIM_1.o)
                0x0000237c                SPIM_1_Stop
 .text.SPIM_1_ReadTxStatus
                0x000023ac       0x28 .\CortexM3\ARM_GCC_541\Debug\Final_Project.a(SPIM_1.o)
                0x000023ac                SPIM_1_ReadTxStatus
 .text.SPIM_1_ReadRxStatus
                0x000023d4       0x28 .\CortexM3\ARM_GCC_541\Debug\Final_Project.a(SPIM_1.o)
                0x000023d4                SPIM_1_ReadRxStatus
 .text.SPIM_1_WriteTxData
                0x000023fc       0xd4 .\CortexM3\ARM_GCC_541\Debug\Final_Project.a(SPIM_1.o)
                0x000023fc                SPIM_1_WriteTxData
 .text.SPIM_1_ReadRxData
                0x000024d0       0x64 .\CortexM3\ARM_GCC_541\Debug\Final_Project.a(SPIM_1.o)
                0x000024d0                SPIM_1_ReadRxData
 .text.SPIM_1_ClearRxBuffer
                0x00002534       0x40 .\CortexM3\ARM_GCC_541\Debug\Final_Project.a(SPIM_1.o)
                0x00002534                SPIM_1_ClearRxBuffer
 .text.SPIM_1_ClearTxBuffer
                0x00002574       0x54 .\CortexM3\ARM_GCC_541\Debug\Final_Project.a(SPIM_1.o)
                0x00002574                SPIM_1_ClearTxBuffer
 .text.SPIM_1_PutArray
                0x000025c8       0x20 .\CortexM3\ARM_GCC_541\Debug\Final_Project.a(SPIM_1.o)
                0x000025c8                SPIM_1_PutArray
 .text.SPIM_1_ClearFIFO
                0x000025e8       0x3c .\CortexM3\ARM_GCC_541\Debug\Final_Project.a(SPIM_1.o)
                0x000025e8                SPIM_1_ClearFIFO
 .text.SPIM_1_Init
                0x00002624       0x90 .\CortexM3\ARM_GCC_541\Debug\Final_Project.a(SPIM_1.o)
                0x00002624                SPIM_1_Init
 .text.SPIM_1_Start
                0x000026b4       0x1c .\CortexM3\ARM_GCC_541\Debug\Final_Project.a(SPIM_1.o)
                0x000026b4                SPIM_1_Start
 .text.SPIM_1_TX_ISR
                0x000026d0       0xa0 .\CortexM3\ARM_GCC_541\Debug\Final_Project.a(SPIM_1_INT.o)
                0x000026d0                SPIM_1_TX_ISR
 .text.SPIM_1_RX_ISR
                0x00002770       0xa0 .\CortexM3\ARM_GCC_541\Debug\Final_Project.a(SPIM_1_INT.o)
                0x00002770                SPIM_1_RX_ISR
 .text.Timer_Enable
                0x00002810       0x28 .\CortexM3\ARM_GCC_541\Debug\Final_Project.a(Timer.o)
                0x00002810                Timer_Enable
 .text.Timer_SetInterruptMode
                0x00002838        0xc .\CortexM3\ARM_GCC_541\Debug\Final_Project.a(Timer.o)
                0x00002838                Timer_SetInterruptMode
 .text.Timer_ReadStatusRegister
                0x00002844        0xc .\CortexM3\ARM_GCC_541\Debug\Final_Project.a(Timer.o)
                0x00002844                Timer_ReadStatusRegister
 .text.Timer_WritePeriod
                0x00002850        0xc .\CortexM3\ARM_GCC_541\Debug\Final_Project.a(Timer.o)
                0x00002850                Timer_WritePeriod
 .text.Timer_WriteCounter
                0x0000285c        0xc .\CortexM3\ARM_GCC_541\Debug\Final_Project.a(Timer.o)
                0x0000285c                Timer_WriteCounter
 .text.Timer_Init
                0x00002868       0x64 .\CortexM3\ARM_GCC_541\Debug\Final_Project.a(Timer.o)
                0x00002868                Timer_Init
 .text.Timer_Start
                0x000028cc       0x1c .\CortexM3\ARM_GCC_541\Debug\Final_Project.a(Timer.o)
                0x000028cc                Timer_Start
 .text.isr_TIMER_SetVector
                0x000028e8       0x10 .\CortexM3\ARM_GCC_541\Debug\Final_Project.a(isr_TIMER.o)
                0x000028e8                isr_TIMER_SetVector
 .text.isr_TIMER_SetPriority
                0x000028f8       0x10 .\CortexM3\ARM_GCC_541\Debug\Final_Project.a(isr_TIMER.o)
                0x000028f8                isr_TIMER_SetPriority
 .text.isr_TIMER_Enable
                0x00002908       0x10 .\CortexM3\ARM_GCC_541\Debug\Final_Project.a(isr_TIMER.o)
                0x00002908                isr_TIMER_Enable
 .text.isr_TIMER_Disable
                0x00002918       0x10 .\CortexM3\ARM_GCC_541\Debug\Final_Project.a(isr_TIMER.o)
                0x00002918                isr_TIMER_Disable
 .text.isr_TIMER_StartEx
                0x00002928       0x1c .\CortexM3\ARM_GCC_541\Debug\Final_Project.a(isr_TIMER.o)
                0x00002928                isr_TIMER_StartEx
 .text.isr_TIMER_Stop
                0x00002944       0x14 .\CortexM3\ARM_GCC_541\Debug\Final_Project.a(isr_TIMER.o)
                0x00002944                isr_TIMER_Stop
 .text.isr_Button_SetVector
                0x00002958       0x10 .\CortexM3\ARM_GCC_541\Debug\Final_Project.a(isr_Button.o)
                0x00002958                isr_Button_SetVector
 .text.isr_Button_SetPriority
                0x00002968       0x10 .\CortexM3\ARM_GCC_541\Debug\Final_Project.a(isr_Button.o)
                0x00002968                isr_Button_SetPriority
 .text.isr_Button_Enable
                0x00002978       0x10 .\CortexM3\ARM_GCC_541\Debug\Final_Project.a(isr_Button.o)
                0x00002978                isr_Button_Enable
 .text.isr_Button_Disable
                0x00002988       0x10 .\CortexM3\ARM_GCC_541\Debug\Final_Project.a(isr_Button.o)
                0x00002988                isr_Button_Disable
 .text.isr_Button_StartEx
                0x00002998       0x1c .\CortexM3\ARM_GCC_541\Debug\Final_Project.a(isr_Button.o)
                0x00002998                isr_Button_StartEx
 .text.Timer_Button_Enable
                0x000029b4       0x28 .\CortexM3\ARM_GCC_541\Debug\Final_Project.a(Timer_Button.o)
                0x000029b4                Timer_Button_Enable
 .text.Timer_Button_SetInterruptMode
                0x000029dc        0xc .\CortexM3\ARM_GCC_541\Debug\Final_Project.a(Timer_Button.o)
                0x000029dc                Timer_Button_SetInterruptMode
 .text.Timer_Button_ReadStatusRegister
                0x000029e8        0xc .\CortexM3\ARM_GCC_541\Debug\Final_Project.a(Timer_Button.o)
                0x000029e8                Timer_Button_ReadStatusRegister
 .text.Timer_Button_WritePeriod
                0x000029f4        0xc .\CortexM3\ARM_GCC_541\Debug\Final_Project.a(Timer_Button.o)
                0x000029f4                Timer_Button_WritePeriod
 .text.Timer_Button_WriteCounter
                0x00002a00        0xc .\CortexM3\ARM_GCC_541\Debug\Final_Project.a(Timer_Button.o)
                0x00002a00                Timer_Button_WriteCounter
 .text.Timer_Button_Init
                0x00002a0c       0x88 .\CortexM3\ARM_GCC_541\Debug\Final_Project.a(Timer_Button.o)
                0x00002a0c                Timer_Button_Init
 .text.Timer_Button_Start
                0x00002a94       0x1c .\CortexM3\ARM_GCC_541\Debug\Final_Project.a(Timer_Button.o)
                0x00002a94                Timer_Button_Start
 .text.ADC_DelSig_AMux_Start
                0x00002ab0       0x20 .\CortexM3\ARM_GCC_541\Debug\Final_Project.a(ADC_DelSig_AMux.o)
                0x00002ab0                ADC_DelSig_AMux_Start
 .text.ADC_DelSig_AMux_Select
                0x00002ad0       0x18 .\CortexM3\ARM_GCC_541\Debug\Final_Project.a(ADC_DelSig_AMux.o)
                0x00002ad0                ADC_DelSig_AMux_Select
 .text.ADC_DelSig_Ext_CP_Clk_GetDividerRegister
                0x00002ae8        0xc .\CortexM3\ARM_GCC_541\Debug\Final_Project.a(ADC_DelSig_Ext_CP_Clk.o)
                0x00002ae8                ADC_DelSig_Ext_CP_Clk_GetDividerRegister
 .text.ADC_DelSig_Ext_CP_Clk_SetModeRegister
                0x00002af4       0x14 .\CortexM3\ARM_GCC_541\Debug\Final_Project.a(ADC_DelSig_Ext_CP_Clk.o)
                0x00002af4                ADC_DelSig_Ext_CP_Clk_SetModeRegister
 .text.ADC_DelSig_Ext_CP_Clk_GetSourceRegister
                0x00002b08       0x10 .\CortexM3\ARM_GCC_541\Debug\Final_Project.a(ADC_DelSig_Ext_CP_Clk.o)
                0x00002b08                ADC_DelSig_Ext_CP_Clk_GetSourceRegister
 .text.ADC_DelSig_Ext_CP_Clk_SetDividerRegister
                0x00002b18       0xd8 .\CortexM3\ARM_GCC_541\Debug\Final_Project.a(ADC_DelSig_Ext_CP_Clk.o)
                0x00002b18                ADC_DelSig_Ext_CP_Clk_SetDividerRegister
 .text.ADC_DelSig_theACLK_GetDividerRegister
                0x00002bf0        0xc .\CortexM3\ARM_GCC_541\Debug\Final_Project.a(ADC_DelSig_theACLK.o)
                0x00002bf0                ADC_DelSig_theACLK_GetDividerRegister
 .text.ADC_DelSig_theACLK_SetModeRegister
                0x00002bfc       0x14 .\CortexM3\ARM_GCC_541\Debug\Final_Project.a(ADC_DelSig_theACLK.o)
                0x00002bfc                ADC_DelSig_theACLK_SetModeRegister
 .text.ADC_DelSig_theACLK_GetSourceRegister
                0x00002c10       0x10 .\CortexM3\ARM_GCC_541\Debug\Final_Project.a(ADC_DelSig_theACLK.o)
                0x00002c10                ADC_DelSig_theACLK_GetSourceRegister
 .text.ADC_DelSig_theACLK_SetDividerRegister
                0x00002c20       0xd8 .\CortexM3\ARM_GCC_541\Debug\Final_Project.a(ADC_DelSig_theACLK.o)
                0x00002c20                ADC_DelSig_theACLK_SetDividerRegister
 .text.UART_Debug_IntClock_Start
                0x00002cf8       0x1c .\CortexM3\ARM_GCC_541\Debug\Final_Project.a(UART_Debug_IntClock.o)
                0x00002cf8                UART_Debug_IntClock_Start
 .text.SPIM_1_IntClock_Start
                0x00002d14       0x1c .\CortexM3\ARM_GCC_541\Debug\Final_Project.a(SPIM_1_IntClock.o)
                0x00002d14                SPIM_1_IntClock_Start
 .text.SPIM_1_IntClock_Stop
                0x00002d30       0x1c .\CortexM3\ARM_GCC_541\Debug\Final_Project.a(SPIM_1_IntClock.o)
                0x00002d30                SPIM_1_IntClock_Stop
 .text.CyHalt   0x00002d4c        0x4 .\CortexM3\ARM_GCC_541\Debug\Final_Project.a(CyLib.o)
                0x00002d4c                CyHalt
 .text.CyDelay  0x00002d50       0x2c .\CortexM3\ARM_GCC_541\Debug\Final_Project.a(CyLib.o)
                0x00002d50                CyDelay
 .text.CyDelayUs
                0x00002d7c       0x14 .\CortexM3\ARM_GCC_541\Debug\Final_Project.a(CyLib.o)
                0x00002d7c                CyDelayUs
 .text.CyIntSetVector
                0x00002d90       0x28 .\CortexM3\ARM_GCC_541\Debug\Final_Project.a(CyLib.o)
                0x00002d90                CyIntSetVector
 .text.CyIntSetPriority
                0x00002db8       0x30 .\CortexM3\ARM_GCC_541\Debug\Final_Project.a(CyLib.o)
                0x00002db8                CyIntSetPriority
 .text.isr_Debouncer_SetVector
                0x00002de8        0xc .\CortexM3\ARM_GCC_541\Debug\Final_Project.a(isr_Debouncer.o)
                0x00002de8                isr_Debouncer_SetVector
 .text.isr_Debouncer_SetPriority
                0x00002df4       0x10 .\CortexM3\ARM_GCC_541\Debug\Final_Project.a(isr_Debouncer.o)
                0x00002df4                isr_Debouncer_SetPriority
 .text.isr_Debouncer_Enable
                0x00002e04        0xc .\CortexM3\ARM_GCC_541\Debug\Final_Project.a(isr_Debouncer.o)
                0x00002e04                isr_Debouncer_Enable
 .text.isr_Debouncer_Disable
                0x00002e10        0xc .\CortexM3\ARM_GCC_541\Debug\Final_Project.a(isr_Debouncer.o)
                0x00002e10                isr_Debouncer_Disable
 .text.isr_Debouncer_StartEx
                0x00002e1c       0x1c .\CortexM3\ARM_GCC_541\Debug\Final_Project.a(isr_Debouncer.o)
                0x00002e1c                isr_Debouncer_StartEx
 .text          0x00002e38       0x20 .\CortexM3\ARM_GCC_541\Debug\Final_Project.a(CyBootAsmGnu.o)
                0x00002e38                CyDelayCycles
                0x00002e48                CyEnterCriticalSection
                0x00002e50                CyExitCriticalSection
 .text          0x00002e58      0x370 c:/program files (x86)/cypress/psoc creator/4.3/psoc creator/import/gnu/arm/5.4.1/bin/../lib/gcc/arm-none-eabi/5.4.1/armv7-m\libgcc.a(_arm_addsubdf3.o)
                0x00002e58                __aeabi_drsub
                0x00002e60                __aeabi_dsub
                0x00002e60                __subdf3
                0x00002e64                __aeabi_dadd
                0x00002e64                __adddf3
                0x000030dc                __floatunsidf
                0x000030dc                __aeabi_ui2d
                0x000030fc                __floatsidf
                0x000030fc                __aeabi_i2d
                0x00003120                __aeabi_f2d
                0x00003120                __extendsfdf2
                0x0000315c                __floatundidf
                0x0000315c                __aeabi_ul2d
                0x0000316c                __floatdidf
                0x0000316c                __aeabi_l2d
 .text          0x000031c8      0x424 c:/program files (x86)/cypress/psoc creator/4.3/psoc creator/import/gnu/arm/5.4.1/bin/../lib/gcc/arm-none-eabi/5.4.1/armv7-m\libgcc.a(_arm_muldivdf3.o)
                0x000031c8                __aeabi_dmul
                0x000031c8                __muldf3
                0x0000341c                __divdf3
                0x0000341c                __aeabi_ddiv
 .text          0x000035ec       0x40 c:/program files (x86)/cypress/psoc creator/4.3/psoc creator/import/gnu/arm/5.4.1/bin/../lib/gcc/arm-none-eabi/5.4.1/armv7-m\libgcc.a(_arm_fixunsdfsi.o)
                0x000035ec                __aeabi_d2uiz
                0x000035ec                __fixunsdfsi
 .text.__errno  0x0000362c        0xc c:/program files (x86)/cypress/psoc creator/4.3/psoc creator/import/gnu/arm/5.4.1/bin/../lib/gcc/arm-none-eabi/5.4.1/../../../../arm-none-eabi/lib/armv7-m\libg_nano.a(lib_a-errno.o)
                0x0000362c                __errno
 .text.__libc_init_array
                0x00003638       0x4c c:/program files (x86)/cypress/psoc creator/4.3/psoc creator/import/gnu/arm/5.4.1/bin/../lib/gcc/arm-none-eabi/5.4.1/../../../../arm-none-eabi/lib/armv7-m\libg_nano.a(lib_a-init.o)
                0x00003638                __libc_init_array
 .text.memcpy   0x00003684       0x16 c:/program files (x86)/cypress/psoc creator/4.3/psoc creator/import/gnu/arm/5.4.1/bin/../lib/gcc/arm-none-eabi/5.4.1/../../../../arm-none-eabi/lib/armv7-m\libg_nano.a(lib_a-memcpy-stub.o)
                0x00003684                memcpy
 .text.memset   0x0000369a       0x10 c:/program files (x86)/cypress/psoc creator/4.3/psoc creator/import/gnu/arm/5.4.1/bin/../lib/gcc/arm-none-eabi/5.4.1/../../../../arm-none-eabi/lib/armv7-m\libg_nano.a(lib_a-memset.o)
                0x0000369a                memset
 *fill*         0x000036aa        0x2 
 .text.sprintf  0x000036ac       0x48 c:/program files (x86)/cypress/psoc creator/4.3/psoc creator/import/gnu/arm/5.4.1/bin/../lib/gcc/arm-none-eabi/5.4.1/../../../../arm-none-eabi/lib/armv7-m\libg_nano.a(lib_a-sprintf.o)
                0x000036ac                siprintf
                0x000036ac                sprintf
 .text.__ssputs_r
                0x000036f4       0xb2 c:/program files (x86)/cypress/psoc creator/4.3/psoc creator/import/gnu/arm/5.4.1/bin/../lib/gcc/arm-none-eabi/5.4.1/../../../../arm-none-eabi/lib/armv7-m\libg_nano.a(lib_a-nano-svfprintf.o)
                0x000036f4                __ssputs_r
 *fill*         0x000037a6        0x2 
 .text._svfprintf_r
                0x000037a8      0x1e8 c:/program files (x86)/cypress/psoc creator/4.3/psoc creator/import/gnu/arm/5.4.1/bin/../lib/gcc/arm-none-eabi/5.4.1/../../../../arm-none-eabi/lib/armv7-m\libg_nano.a(lib_a-nano-svfprintf.o)
                0x000037a8                _svfiprintf_r
                0x000037a8                _svfprintf_r
 .text._printf_common
                0x00003990       0xec c:/program files (x86)/cypress/psoc creator/4.3/psoc creator/import/gnu/arm/5.4.1/bin/../lib/gcc/arm-none-eabi/5.4.1/../../../../arm-none-eabi/lib/armv7-m\libg_nano.a(lib_a-nano-vfprintf_i.o)
                0x00003990                _printf_common
 .text._printf_i
                0x00003a7c      0x24c c:/program files (x86)/cypress/psoc creator/4.3/psoc creator/import/gnu/arm/5.4.1/bin/../lib/gcc/arm-none-eabi/5.4.1/../../../../arm-none-eabi/lib/armv7-m\libg_nano.a(lib_a-nano-vfprintf_i.o)
                0x00003a7c                _printf_i
 .text.memchr   0x00003cc8       0x1c c:/program files (x86)/cypress/psoc creator/4.3/psoc creator/import/gnu/arm/5.4.1/bin/../lib/gcc/arm-none-eabi/5.4.1/../../../../arm-none-eabi/lib/armv7-m\libg_nano.a(lib_a-memchr-stub.o)
                0x00003cc8                memchr
 .text.memmove  0x00003ce4       0x36 c:/program files (x86)/cypress/psoc creator/4.3/psoc creator/import/gnu/arm/5.4.1/bin/../lib/gcc/arm-none-eabi/5.4.1/../../../../arm-none-eabi/lib/armv7-m\libg_nano.a(lib_a-memmove.o)
                0x00003ce4                memmove
 *fill*         0x00003d1a        0x2 
 .text._free_r  0x00003d1c       0x98 c:/program files (x86)/cypress/psoc creator/4.3/psoc creator/import/gnu/arm/5.4.1/bin/../lib/gcc/arm-none-eabi/5.4.1/../../../../arm-none-eabi/lib/armv7-m\libg_nano.a(lib_a-nano-freer.o)
                0x00003d1c                _free_r
 .text._malloc_r
                0x00003db4       0xbc c:/program files (x86)/cypress/psoc creator/4.3/psoc creator/import/gnu/arm/5.4.1/bin/../lib/gcc/arm-none-eabi/5.4.1/../../../../arm-none-eabi/lib/armv7-m\libg_nano.a(lib_a-nano-mallocr.o)
                0x00003db4                _malloc_r
 .text._realloc_r
                0x00003e70       0x4c c:/program files (x86)/cypress/psoc creator/4.3/psoc creator/import/gnu/arm/5.4.1/bin/../lib/gcc/arm-none-eabi/5.4.1/../../../../arm-none-eabi/lib/armv7-m\libg_nano.a(lib_a-nano-reallocr.o)
                0x00003e70                _realloc_r
 .text._sbrk_r  0x00003ebc       0x20 c:/program files (x86)/cypress/psoc creator/4.3/psoc creator/import/gnu/arm/5.4.1/bin/../lib/gcc/arm-none-eabi/5.4.1/../../../../arm-none-eabi/lib/armv7-m\libg_nano.a(lib_a-sbrkr.o)
                0x00003ebc                _sbrk_r
 .text.__malloc_lock
                0x00003edc        0x2 c:/program files (x86)/cypress/psoc creator/4.3/psoc creator/import/gnu/arm/5.4.1/bin/../lib/gcc/arm-none-eabi/5.4.1/../../../../arm-none-eabi/lib/armv7-m\libg_nano.a(lib_a-mlock.o)
                0x00003edc                __malloc_lock
 .text.__malloc_unlock
                0x00003ede        0x2 c:/program files (x86)/cypress/psoc creator/4.3/psoc creator/import/gnu/arm/5.4.1/bin/../lib/gcc/arm-none-eabi/5.4.1/../../../../arm-none-eabi/lib/armv7-m\libg_nano.a(lib_a-mlock.o)
                0x00003ede                __malloc_unlock
 .text._malloc_usable_size_r
                0x00003ee0       0x14 c:/program files (x86)/cypress/psoc creator/4.3/psoc creator/import/gnu/arm/5.4.1/bin/../lib/gcc/arm-none-eabi/5.4.1/../../../../arm-none-eabi/lib/armv7-m\libg_nano.a(lib_a-nano-msizer.o)
                0x00003ee0                _malloc_usable_size_r
 *(.plt)
 *(.gnu.warning)
 *(.glue_7t)
 .glue_7t       0x00003ef4        0x0 linker stubs
 *(.glue_7)
 .glue_7        0x00003ef4        0x0 linker stubs
 *(.vfp11_veneer)
 .vfp11_veneer  0x00003ef4        0x0 linker stubs
 *(.bootloader)
 *(.ARM.extab* .gnu.linkonce.armextab.*)
 *(.gcc_except_table)

.v4_bx          0x00003ef4        0x0
 .v4_bx         0x00003ef4        0x0 linker stubs

.iplt           0x00003ef4        0x0
 .iplt          0x00003ef4        0x0 c:/program files (x86)/cypress/psoc creator/4.3/psoc creator/import/gnu/arm/5.4.1/bin/../lib/gcc/arm-none-eabi/5.4.1/armv7-m/crtbegin.o

.eh_frame_hdr
 *(.eh_frame_hdr)

.eh_frame       0x00003ef4        0x4
 *(.eh_frame)
 .eh_frame      0x00003ef4        0x0 c:/program files (x86)/cypress/psoc creator/4.3/psoc creator/import/gnu/arm/5.4.1/bin/../lib/gcc/arm-none-eabi/5.4.1/armv7-m/crtbegin.o
 .eh_frame      0x00003ef4        0x4 c:/program files (x86)/cypress/psoc creator/4.3/psoc creator/import/gnu/arm/5.4.1/bin/../lib/gcc/arm-none-eabi/5.4.1/armv7-m/crtend.o
                [!provide]                PROVIDE (__exidx_start, .)

.ARM.exidx
 *(.ARM.exidx* .gnu.linkonce.armexidx.*)
                0x00003ef8                __exidx_end = .

.rodata         0x00003ef8      0x6f8
 *(.rodata .rodata.* .gnu.linkonce.r.*)
 .rodata.str1.4
                0x00003ef8      0x575 .\CortexM3\ARM_GCC_541\Debug\main.o
 *fill*         0x0000446d        0x3 
 .rodata.str1.4
                0x00004470       0xb4 .\CortexM3\ARM_GCC_541\Debug\Interrupt_Routines.o
                                 0xb2 (size before relaxing)
 .rodata        0x00004524       0x5c .\CortexM3\ARM_GCC_541\Debug\cyfitter_cfg.o
                0x00004524                ADC_DelSig_AMux__addrTable
                0x0000452c                ADC_DelSig_AMux__maskTable
 .rodata.str1.1
                0x00004580        0x2 c:/program files (x86)/cypress/psoc creator/4.3/psoc creator/import/gnu/arm/5.4.1/bin/../lib/gcc/arm-none-eabi/5.4.1/../../../../arm-none-eabi/lib/armv7-m\libg_nano.a(lib_a-impure.o)
 .rodata.str1.1
                0x00004582       0x11 c:/program files (x86)/cypress/psoc creator/4.3/psoc creator/import/gnu/arm/5.4.1/bin/../lib/gcc/arm-none-eabi/5.4.1/../../../../arm-none-eabi/lib/armv7-m\libg_nano.a(lib_a-nano-svfprintf.o)
 .rodata.str1.1
                0x00004593       0x22 c:/program files (x86)/cypress/psoc creator/4.3/psoc creator/import/gnu/arm/5.4.1/bin/../lib/gcc/arm-none-eabi/5.4.1/../../../../arm-none-eabi/lib/armv7-m\libg_nano.a(lib_a-nano-vfprintf_i.o)
                0x000045b8                . = ALIGN (0x4)
 *fill*         0x000045b5        0x3 
 *(.init)
 .init          0x000045b8        0x4 c:/program files (x86)/cypress/psoc creator/4.3/psoc creator/import/gnu/arm/5.4.1/bin/../lib/gcc/arm-none-eabi/5.4.1/armv7-m/crti.o
                0x000045b8                _init
 .init          0x000045bc        0x8 c:/program files (x86)/cypress/psoc creator/4.3/psoc creator/import/gnu/arm/5.4.1/bin/../lib/gcc/arm-none-eabi/5.4.1/armv7-m/crtn.o
                0x000045c4                . = ALIGN (0x4)
                0x000045c4                __preinit_array_start = .
 *(.preinit_array)
                0x000045c4                __preinit_array_end = .
                0x000045c4                . = ALIGN (0x4)
                0x000045c4                __init_array_start = .
 *(SORT(.init_array.*))
 *(.init_array)
 .init_array    0x000045c4        0x4 c:/program files (x86)/cypress/psoc creator/4.3/psoc creator/import/gnu/arm/5.4.1/bin/../lib/gcc/arm-none-eabi/5.4.1/armv7-m/crtbegin.o
 .init_array    0x000045c8        0x4 .\CortexM3\ARM_GCC_541\Debug\Cm3Start.o
                0x000045cc                __init_array_end = .
                0x000045cc                . = ALIGN (0x4)
 *(.fini)
 .fini          0x000045cc        0x4 c:/program files (x86)/cypress/psoc creator/4.3/psoc creator/import/gnu/arm/5.4.1/bin/../lib/gcc/arm-none-eabi/5.4.1/armv7-m/crti.o
                0x000045cc                _fini
 .fini          0x000045d0        0x8 c:/program files (x86)/cypress/psoc creator/4.3/psoc creator/import/gnu/arm/5.4.1/bin/../lib/gcc/arm-none-eabi/5.4.1/armv7-m/crtn.o
                0x000045d8                . = ALIGN (0x4)
                0x000045d8                __fini_array_start = .
 *(.fini_array)
 .fini_array    0x000045d8        0x4 c:/program files (x86)/cypress/psoc creator/4.3/psoc creator/import/gnu/arm/5.4.1/bin/../lib/gcc/arm-none-eabi/5.4.1/armv7-m/crtbegin.o
 *(SORT(.fini_array.*))
                0x000045dc                __fini_array_end = .
                0x000045dc                . = ALIGN (0x4)
 *crtbegin.o(.ctors)
 *(EXCLUDE_FILE(*crtend.o) .ctors)
 *(SORT(.ctors.*))
 *crtend.o(.ctors)
                0x000045dc                . = ALIGN (0x4)
 *crtbegin.o(.dtors)
 *(EXCLUDE_FILE(*crtend.o) .dtors)
 *(SORT(.dtors.*))
 *crtend.o(.dtors)
                0x000045dc                . = ALIGN (0x4)
                0x000045dc                __cy_regions = .
                0x000045dc        0x4 LONG 0x45f0 __cy_region_init_ram
                0x000045e0        0x4 LONG 0x1fff80c8 __cy_region_start_data
                0x000045e4        0x4 LONG 0x88 __cy_region_init_size_ram
                0x000045e8        0x4 LONG 0x120 __cy_region_zero_size_ram
                0x000045ec                __cy_regions_end = .
                0x000045f0                . = ALIGN (0x8)
 *fill*         0x000045ec        0x4 
                0x000045f0                _etext = .

.cy_checksum_exclude
                0x000045f0        0x0
 *(.cy_checksum_exclude)

.ramvectors     0x1fff8000       0xc0
                0x1fff8000                __cy_region_start_ram = .
 *(.ramvectors)
 .ramvectors    0x1fff8000       0xc0 .\CortexM3\ARM_GCC_541\Debug\Cm3Start.o
                0x1fff8000                CyRamVectors

.noinit         0x1fff80c0        0x1
 *(.noinit)
 .noinit        0x1fff80c0        0x1 .\CortexM3\ARM_GCC_541\Debug\Final_Project.a(CyLib.o)
                0x1fff80c0                CyResetStatus

.data           0x1fff80c8       0x88 load address 0x000045f0
                0x1fff80c8                __cy_region_start_data = .
 *(.jcr)
 .jcr           0x1fff80c8        0x0 c:/program files (x86)/cypress/psoc creator/4.3/psoc creator/import/gnu/arm/5.4.1/bin/../lib/gcc/arm-none-eabi/5.4.1/armv7-m/crtbegin.o
 .jcr           0x1fff80c8        0x4 c:/program files (x86)/cypress/psoc creator/4.3/psoc creator/import/gnu/arm/5.4.1/bin/../lib/gcc/arm-none-eabi/5.4.1/armv7-m/crtend.o
 *(.got.plt)
 *(.got)
 *(.shdata)
 *(.data .data.* .gnu.linkonce.d.*)
 .data          0x1fff80cc        0x4 .\CortexM3\ARM_GCC_541\Debug\Cm3Start.o
 .data          0x1fff80d0        0x1 .\CortexM3\ARM_GCC_541\Debug\Final_Project.a(ADC_DelSig.o)
                0x1fff80d0                ADC_DelSig_Config
 *fill*         0x1fff80d1        0x3 
 .data          0x1fff80d4        0x6 .\CortexM3\ARM_GCC_541\Debug\Final_Project.a(I2C_Master_PM.o)
                0x1fff80d4                I2C_Master_backup
 .data          0x1fff80da        0x1 .\CortexM3\ARM_GCC_541\Debug\Final_Project.a(ADC_DelSig_AMux.o)
 *fill*         0x1fff80db        0x1 
 .data          0x1fff80dc       0x10 .\CortexM3\ARM_GCC_541\Debug\Final_Project.a(CyLib.o)
                0x1fff80dc                cydelay_32k_ms
                0x1fff80e0                cydelay_freq_khz
                0x1fff80e4                cydelay_freq_mhz
                0x1fff80e8                cydelay_freq_hz
 .data.impure_data
                0x1fff80ec       0x60 c:/program files (x86)/cypress/psoc creator/4.3/psoc creator/import/gnu/arm/5.4.1/bin/../lib/gcc/arm-none-eabi/5.4.1/../../../../arm-none-eabi/lib/armv7-m\libg_nano.a(lib_a-impure.o)
 .data._impure_ptr
                0x1fff814c        0x4 c:/program files (x86)/cypress/psoc creator/4.3/psoc creator/import/gnu/arm/5.4.1/bin/../lib/gcc/arm-none-eabi/5.4.1/../../../../arm-none-eabi/lib/armv7-m\libg_nano.a(lib_a-impure.o)
                0x1fff814c                _impure_ptr
                0x1fff8150                . = ALIGN (0x8)
 *(.ram)
                0x1fff8150                _edata = .

.igot.plt       0x1fff8150        0x0 load address 0x00004678
 .igot.plt      0x1fff8150        0x0 c:/program files (x86)/cypress/psoc creator/4.3/psoc creator/import/gnu/arm/5.4.1/bin/../lib/gcc/arm-none-eabi/5.4.1/armv7-m/crtbegin.o

.bss            0x1fff8150      0x120 load address 0x00004678
                0x1fff8150                PROVIDE (__bss_start__, .)
 *(.shbss)
 *(.bss .bss.* .gnu.linkonce.b.*)
 .bss           0x1fff8150       0x1c c:/program files (x86)/cypress/psoc creator/4.3/psoc creator/import/gnu/arm/5.4.1/bin/../lib/gcc/arm-none-eabi/5.4.1/armv7-m/crtbegin.o
 .bss           0x1fff816c        0x8 .\CortexM3\ARM_GCC_541\Debug\Interrupt_Routines.o
                0x1fff816c                short_press
                0x1fff816d                long_press
                0x1fff816e                timer_counter
                0x1fff8170                prev_state
                0x1fff8172                counter_button
 .bss           0x1fff8174        0xc .\CortexM3\ARM_GCC_541\Debug\Final_Project.a(ADC_DelSig.o)
                0x1fff8178                ADC_DelSig_stopConversion
                0x1fff8179                ADC_DelSig_convDone
                0x1fff817a                ADC_DelSig_initVar
                0x1fff817b                ADC_DelSig_started
                0x1fff817c                ADC_DelSig_Offset
 .bss           0x1fff8180        0x1 .\CortexM3\ARM_GCC_541\Debug\Final_Project.a(I2C_Master.o)
                0x1fff8180                I2C_Master_initVar
 .bss           0x1fff8181        0x2 .\CortexM3\ARM_GCC_541\Debug\Final_Project.a(UART_Debug.o)
                0x1fff8181                UART_Debug_initVar
 .bss           0x1fff8183        0x1 .\CortexM3\ARM_GCC_541\Debug\Final_Project.a(SPIM_1.o)
                0x1fff8183                SPIM_1_initVar
 .bss           0x1fff8184        0x1 .\CortexM3\ARM_GCC_541\Debug\Final_Project.a(Timer.o)
                0x1fff8184                Timer_initVar
 .bss           0x1fff8185        0x1 .\CortexM3\ARM_GCC_541\Debug\Final_Project.a(Timer_Button.o)
                0x1fff8185                Timer_Button_initVar
 *fill*         0x1fff8186        0x2 
 .bss.__malloc_sbrk_start
                0x1fff8188        0x4 c:/program files (x86)/cypress/psoc creator/4.3/psoc creator/import/gnu/arm/5.4.1/bin/../lib/gcc/arm-none-eabi/5.4.1/../../../../arm-none-eabi/lib/armv7-m\libg_nano.a(lib_a-nano-mallocr.o)
                0x1fff8188                __malloc_sbrk_start
 .bss.__malloc_free_list
                0x1fff818c        0x4 c:/program files (x86)/cypress/psoc creator/4.3/psoc creator/import/gnu/arm/5.4.1/bin/../lib/gcc/arm-none-eabi/5.4.1/../../../../arm-none-eabi/lib/armv7-m\libg_nano.a(lib_a-nano-mallocr.o)
                0x1fff818c                __malloc_free_list
 *(COMMON)
 COMMON         0x1fff8190       0x18 .\CortexM3\ARM_GCC_541\Debug\main.o
                0x1fff8190                counter_blue
                0x1fff8192                counter_red
                0x1fff8194                period_red
                0x1fff8198                timestamp
                0x1fff819c                period_blue
                0x1fff819e                counter_int_led
                0x1fff81a0                counter_green
                0x1fff81a2                period_green
                0x1fff81a4                flag_eeprom
                0x1fff81a5                OVR_FLAG
                0x1fff81a6                period_int_led
                0x1fff81a7                status
 COMMON         0x1fff81a8       0x35 .\CortexM3\ARM_GCC_541\Debug\Interrupt_Routines.o
                0x1fff81a8                mex
                0x1fff81da                int1_src_reg
                0x1fff81db                watermark
                0x1fff81dc                error
 COMMON         0x1fff81dd        0x1 .\CortexM3\ARM_GCC_541\Debug\Initialization.o
                0x1fff81dd                fifo_ctrl_reg
 *fill*         0x1fff81de        0x2 
 COMMON         0x1fff81e0        0x4 .\CortexM3\ARM_GCC_541\Debug\Final_Project.a(ADC_DelSig.o)
                0x1fff81e0                ADC_DelSig_CountsPerVolt
 COMMON         0x1fff81e4        0x1 .\CortexM3\ARM_GCC_541\Debug\Final_Project.a(I2C_Master.o)
                0x1fff81e4                I2C_Master_state
 *fill*         0x1fff81e5        0x3 
 COMMON         0x1fff81e8        0xf .\CortexM3\ARM_GCC_541\Debug\Final_Project.a(I2C_Master_MASTER.o)
                0x1fff81e8                I2C_Master_mstrRdBufIndex
                0x1fff81e9                I2C_Master_mstrWrBufIndex
                0x1fff81ea                I2C_Master_mstrWrBufSize
                0x1fff81ec                I2C_Master_mstrWrBufPtr
                0x1fff81f0                I2C_Master_mstrRdBufPtr
                0x1fff81f4                I2C_Master_mstrControl
                0x1fff81f5                I2C_Master_mstrStatus
                0x1fff81f6                I2C_Master_mstrRdBufSize
 *fill*         0x1fff81f7        0x1 
 COMMON         0x1fff81f8       0x72 .\CortexM3\ARM_GCC_541\Debug\Final_Project.a(SPIM_1.o)
                0x1fff81f8                SPIM_1_swStatusTx
                0x1fff81fc                SPIM_1_txBuffer
                0x1fff822e                SPIM_1_txBufferFull
                0x1fff822f                SPIM_1_rxBufferWrite
                0x1fff8230                SPIM_1_rxBufferFull
                0x1fff8231                SPIM_1_rxBufferRead
                0x1fff8232                SPIM_1_txBufferWrite
                0x1fff8233                SPIM_1_swStatusRx
                0x1fff8234                SPIM_1_txBufferRead
                0x1fff8238                SPIM_1_rxBuffer
 *fill*         0x1fff826a        0x2 
 COMMON         0x1fff826c        0x4 c:/program files (x86)/cypress/psoc creator/4.3/psoc creator/import/gnu/arm/5.4.1/bin/../lib/gcc/arm-none-eabi/5.4.1/../../../../arm-none-eabi/lib/armv7-m\libg_nano.a(lib_a-reent.o)
                0x1fff826c                errno
                0x1fff8270                . = ALIGN (0x8)
 *(.ram.b)
                0x1fff8270                _end = .
                0x1fff8270                __end = .
                0x1fff8270                PROVIDE (end, .)
                0x1fff8270                PROVIDE (__bss_end__, .)
                0x000045f0                __cy_region_init_ram = LOADADDR (.data)
                0x00000088                __cy_region_init_size_ram = (_edata - ADDR (.data))
                0x00000120                __cy_region_zero_size_ram = (_end - _edata)

.heap           0x1fff8270       0x80 load address 0x00004678
                0x1fff8270                . = _end
                0x1fff82f0                . = (. + 0x80)
 *fill*         0x1fff8270       0x80 
                0x1fff82f0                __cy_heap_limit = .

.stack          0x20007800      0x800
                0x20007800                __cy_stack_limit = .
                0x20008000                . = (. + 0x800)
 *fill*         0x20007800      0x800 
                0x00000001                ASSERT ((__cy_stack_limit >= __cy_heap_limit), region RAM overflowed with stack)
                0x00000000                cy_checksum_exclude_size = (CY_APPL_LOADABLE == 0x1)?SIZEOF (.cy_checksum_exclude):0x0
                0x00000001                ASSERT ((cy_checksum_exclude_size <= CY_CHECKSUM_EXCLUDE_SIZE), CY_BOOT: Section .cy_checksum_exclude size exceedes specified limit.)

.cyloadermeta
 *(.cyloadermeta)

.cyloadablemeta
 *(.cyloadablemeta)

.cyconfigecc    0x80000000      0x6e4
 *(.cyconfigecc)
 .cyconfigecc   0x80000000      0x6e4 .\CortexM3\ARM_GCC_541\Debug\cymetadata.o
                0x80000000                cy_meta_configecc

.cycustnvl      0x90000000        0x4
 *(.cycustnvl)
 .cycustnvl     0x90000000        0x4 .\CortexM3\ARM_GCC_541\Debug\cymetadata.o
                0x90000000                cy_meta_custnvl

.cywolatch      0x90100000        0x4
 *(.cywolatch)
 .cywolatch     0x90100000        0x4 .\CortexM3\ARM_GCC_541\Debug\cymetadata.o
                0x90100000                cy_meta_wonvl

.cyeeprom       0x90200000        0x0
 *(.cyeeprom)
                0x00000001                ASSERT ((. <= ((0x90200000 + ee_offset) + ee_size)), .cyeeprom data will not fit in EEPROM)

.cyflashprotect
                0x90400000      0x100
 *(.cyflashprotect)
 .cyflashprotect
                0x90400000      0x100 .\CortexM3\ARM_GCC_541\Debug\cymetadata.o
                0x90400000                cy_meta_flashprotect

.cymeta         0x90500000        0xc
 *(.cymeta)
 .cymeta        0x90500000        0xc .\CortexM3\ARM_GCC_541\Debug\cymetadata.o
                0x90500000                cy_metadata

.rel.dyn        0x00004678        0x0 load address 0x9050000c
 .rel.iplt      0x00004678        0x0 c:/program files (x86)/cypress/psoc creator/4.3/psoc creator/import/gnu/arm/5.4.1/bin/../lib/gcc/arm-none-eabi/5.4.1/armv7-m/crtbegin.o

.stab
 *(.stab)

.stabstr
 *(.stabstr)

.debug
 *(.debug)

.line
 *(.line)

.debug_srcinfo
 *(.debug_srcinfo)

.debug_sfnames
 *(.debug_sfnames)

.debug_aranges  0x00000000     0x1158
 *(.debug_aranges)
 .debug_aranges
                0x00000000       0x20 .\CortexM3\ARM_GCC_541\Debug\main.o
 .debug_aranges
                0x00000020       0x50 .\CortexM3\ARM_GCC_541\Debug\I2C_interface.o
 .debug_aranges
                0x00000070       0x18 .\CortexM3\ARM_GCC_541\Debug\Ctrl_Reg_Functions.o
 .debug_aranges
                0x00000088       0x38 .\CortexM3\ARM_GCC_541\Debug\Interrupt_Routines.o
 .debug_aranges
                0x000000c0       0x38 .\CortexM3\ARM_GCC_541\Debug\SPI_Interface.o
 .debug_aranges
                0x000000f8       0x50 .\CortexM3\ARM_GCC_541\Debug\EEPROM_Interface.o
 .debug_aranges
                0x00000148       0x30 .\CortexM3\ARM_GCC_541\Debug\Initialization.o
 .debug_aranges
                0x00000178       0x68 .\CortexM3\ARM_GCC_541\Debug\cyfitter_cfg.o
 .debug_aranges
                0x000001e0       0x18 .\CortexM3\ARM_GCC_541\Debug\cymetadata.o
 .debug_aranges
                0x000001f8       0x48 .\CortexM3\ARM_GCC_541\Debug\Cm3Start.o
 .debug_aranges
                0x00000240       0x38 .\CortexM3\ARM_GCC_541\Debug\Final_Project.a(INT_Led.o)
 .debug_aranges
                0x00000278       0x38 .\CortexM3\ARM_GCC_541\Debug\Final_Project.a(RED_Led.o)
 .debug_aranges
                0x000002b0       0x38 .\CortexM3\ARM_GCC_541\Debug\Final_Project.a(GREEN_Led.o)
 .debug_aranges
                0x000002e8       0x38 .\CortexM3\ARM_GCC_541\Debug\Final_Project.a(BLUE_Led.o)
 .debug_aranges
                0x00000320       0xe8 .\CortexM3\ARM_GCC_541\Debug\Final_Project.a(ADC_DelSig.o)
 .debug_aranges
                0x00000408       0x38 .\CortexM3\ARM_GCC_541\Debug\Final_Project.a(ADC_DelSig_INT.o)
 .debug_aranges
                0x00000440       0x80 .\CortexM3\ARM_GCC_541\Debug\Final_Project.a(isr_LIS3DH.o)
 .debug_aranges
                0x000004c0       0x38 .\CortexM3\ARM_GCC_541\Debug\Final_Project.a(SDO_LIS3DH.o)
 .debug_aranges
                0x000004f8       0x38 .\CortexM3\ARM_GCC_541\Debug\Final_Project.a(CS_LIS3DH.o)
 .debug_aranges
                0x00000530       0x38 .\CortexM3\ARM_GCC_541\Debug\Final_Project.a(I2C_Master.o)
 .debug_aranges
                0x00000568       0x20 .\CortexM3\ARM_GCC_541\Debug\Final_Project.a(I2C_Master_INT.o)
 .debug_aranges
                0x00000588       0x38 .\CortexM3\ARM_GCC_541\Debug\Final_Project.a(I2C_Master_PM.o)
 .debug_aranges
                0x000005c0       0x80 .\CortexM3\ARM_GCC_541\Debug\Final_Project.a(I2C_Master_MASTER.o)
 .debug_aranges
                0x00000640       0xf0 .\CortexM3\ARM_GCC_541\Debug\Final_Project.a(UART_Debug.o)
 .debug_aranges
                0x00000730       0x38 .\CortexM3\ARM_GCC_541\Debug\Final_Project.a(CS_1.o)
 .debug_aranges
                0x00000768       0xd8 .\CortexM3\ARM_GCC_541\Debug\Final_Project.a(SPIM_1.o)
 .debug_aranges
                0x00000840       0x28 .\CortexM3\ARM_GCC_541\Debug\Final_Project.a(SPIM_1_INT.o)
 .debug_aranges
                0x00000868       0x88 .\CortexM3\ARM_GCC_541\Debug\Final_Project.a(Timer.o)
 .debug_aranges
                0x000008f0       0x80 .\CortexM3\ARM_GCC_541\Debug\Final_Project.a(isr_TIMER.o)
 .debug_aranges
                0x00000970       0x80 .\CortexM3\ARM_GCC_541\Debug\Final_Project.a(isr_Button.o)
 .debug_aranges
                0x000009f0       0x88 .\CortexM3\ARM_GCC_541\Debug\Final_Project.a(Timer_Button.o)
 .debug_aranges
                0x00000a78       0x30 .\CortexM3\ARM_GCC_541\Debug\Final_Project.a(ADC_DelSig_AMux.o)
 .debug_aranges
                0x00000aa8       0x70 .\CortexM3\ARM_GCC_541\Debug\Final_Project.a(ADC_DelSig_Ext_CP_Clk.o)
 .debug_aranges
                0x00000b18       0x80 .\CortexM3\ARM_GCC_541\Debug\Final_Project.a(ADC_DelSig_theACLK.o)
 .debug_aranges
                0x00000b98       0x70 .\CortexM3\ARM_GCC_541\Debug\Final_Project.a(UART_Debug_IntClock.o)
 .debug_aranges
                0x00000c08       0x70 .\CortexM3\ARM_GCC_541\Debug\Final_Project.a(SPIM_1_IntClock.o)
 .debug_aranges
                0x00000c78      0x2a0 .\CortexM3\ARM_GCC_541\Debug\Final_Project.a(CyLib.o)
 .debug_aranges
                0x00000f18       0x98 .\CortexM3\ARM_GCC_541\Debug\Final_Project.a(cyPm.o)
 .debug_aranges
                0x00000fb0       0x80 .\CortexM3\ARM_GCC_541\Debug\Final_Project.a(isr_Debouncer.o)
 .debug_aranges
                0x00001030       0x20 .\CortexM3\ARM_GCC_541\Debug\Final_Project.a(CyBootAsmGnu.o)
 .debug_aranges
                0x00001050       0x88 .\CortexM3\ARM_GCC_541\Debug\Final_Project.a(CyFlash.o)
 .debug_aranges
                0x000010d8       0x80 .\CortexM3\ARM_GCC_541\Debug\Final_Project.a(CySpc.o)

.debug_pubnames
 *(.debug_pubnames)

.debug_info     0x00000000     0xa621
 *(.debug_info .gnu.linkonce.wi.*)
 .debug_info    0x00000000     0x1262 .\CortexM3\ARM_GCC_541\Debug\main.o
 .debug_info    0x00001262      0x4c6 .\CortexM3\ARM_GCC_541\Debug\I2C_interface.o
 .debug_info    0x00001728       0xae .\CortexM3\ARM_GCC_541\Debug\Ctrl_Reg_Functions.o
 .debug_info    0x000017d6      0x4f3 .\CortexM3\ARM_GCC_541\Debug\Interrupt_Routines.o
 .debug_info    0x00001cc9      0x3d4 .\CortexM3\ARM_GCC_541\Debug\SPI_Interface.o
 .debug_info    0x0000209d      0x3b4 .\CortexM3\ARM_GCC_541\Debug\EEPROM_Interface.o
 .debug_info    0x00002451      0x47e .\CortexM3\ARM_GCC_541\Debug\Initialization.o
 .debug_info    0x000028cf      0x6c7 .\CortexM3\ARM_GCC_541\Debug\cyfitter_cfg.o
 .debug_info    0x00002f96      0x139 .\CortexM3\ARM_GCC_541\Debug\cymetadata.o
 .debug_info    0x000030cf      0x3bb .\CortexM3\ARM_GCC_541\Debug\Cm3Start.o
 .debug_info    0x0000348a      0x11f .\CortexM3\ARM_GCC_541\Debug\Final_Project.a(INT_Led.o)
 .debug_info    0x000035a9      0x11f .\CortexM3\ARM_GCC_541\Debug\Final_Project.a(RED_Led.o)
 .debug_info    0x000036c8      0x11f .\CortexM3\ARM_GCC_541\Debug\Final_Project.a(GREEN_Led.o)
 .debug_info    0x000037e7      0x11f .\CortexM3\ARM_GCC_541\Debug\Final_Project.a(BLUE_Led.o)
 .debug_info    0x00003906      0xa19 .\CortexM3\ARM_GCC_541\Debug\Final_Project.a(ADC_DelSig.o)
 .debug_info    0x0000431f       0xd3 .\CortexM3\ARM_GCC_541\Debug\Final_Project.a(ADC_DelSig_INT.o)
 .debug_info    0x000043f2      0x2d2 .\CortexM3\ARM_GCC_541\Debug\Final_Project.a(isr_LIS3DH.o)
 .debug_info    0x000046c4      0x11f .\CortexM3\ARM_GCC_541\Debug\Final_Project.a(SDO_LIS3DH.o)
 .debug_info    0x000047e3      0x11f .\CortexM3\ARM_GCC_541\Debug\Final_Project.a(CS_LIS3DH.o)
 .debug_info    0x00004902      0x2ab .\CortexM3\ARM_GCC_541\Debug\Final_Project.a(I2C_Master.o)
 .debug_info    0x00004bad      0x184 .\CortexM3\ARM_GCC_541\Debug\Final_Project.a(I2C_Master_INT.o)
 .debug_info    0x00004d31      0x207 .\CortexM3\ARM_GCC_541\Debug\Final_Project.a(I2C_Master_PM.o)
 .debug_info    0x00004f38      0x407 .\CortexM3\ARM_GCC_541\Debug\Final_Project.a(I2C_Master_MASTER.o)
 .debug_info    0x0000533f      0x60c .\CortexM3\ARM_GCC_541\Debug\Final_Project.a(UART_Debug.o)
 .debug_info    0x0000594b      0x11f .\CortexM3\ARM_GCC_541\Debug\Final_Project.a(CS_1.o)
 .debug_info    0x00005a6a      0x709 .\CortexM3\ARM_GCC_541\Debug\Final_Project.a(SPIM_1.o)
 .debug_info    0x00006173      0x18d .\CortexM3\ARM_GCC_541\Debug\Final_Project.a(SPIM_1_INT.o)
 .debug_info    0x00006300      0x293 .\CortexM3\ARM_GCC_541\Debug\Final_Project.a(Timer.o)
 .debug_info    0x00006593      0x2d2 .\CortexM3\ARM_GCC_541\Debug\Final_Project.a(isr_TIMER.o)
 .debug_info    0x00006865      0x2d2 .\CortexM3\ARM_GCC_541\Debug\Final_Project.a(isr_Button.o)
 .debug_info    0x00006b37      0x293 .\CortexM3\ARM_GCC_541\Debug\Final_Project.a(Timer_Button.o)
 .debug_info    0x00006dca      0x165 .\CortexM3\ARM_GCC_541\Debug\Final_Project.a(ADC_DelSig_AMux.o)
 .debug_info    0x00006f2f      0x283 .\CortexM3\ARM_GCC_541\Debug\Final_Project.a(ADC_DelSig_Ext_CP_Clk.o)
 .debug_info    0x000071b2      0x2c4 .\CortexM3\ARM_GCC_541\Debug\Final_Project.a(ADC_DelSig_theACLK.o)
 .debug_info    0x00007476      0x283 .\CortexM3\ARM_GCC_541\Debug\Final_Project.a(UART_Debug_IntClock.o)
 .debug_info    0x000076f9      0x283 .\CortexM3\ARM_GCC_541\Debug\Final_Project.a(SPIM_1_IntClock.o)
 .debug_info    0x0000797c     0x1374 .\CortexM3\ARM_GCC_541\Debug\Final_Project.a(CyLib.o)
 .debug_info    0x00008cf0      0xa2a .\CortexM3\ARM_GCC_541\Debug\Final_Project.a(cyPm.o)
 .debug_info    0x0000971a      0x2d2 .\CortexM3\ARM_GCC_541\Debug\Final_Project.a(isr_Debouncer.o)
 .debug_info    0x000099ec       0x98 .\CortexM3\ARM_GCC_541\Debug\Final_Project.a(CyBootAsmGnu.o)
 .debug_info    0x00009a84      0x64d .\CortexM3\ARM_GCC_541\Debug\Final_Project.a(CyFlash.o)
 .debug_info    0x0000a0d1      0x550 .\CortexM3\ARM_GCC_541\Debug\Final_Project.a(CySpc.o)

.debug_abbrev   0x00000000     0x2dce
 *(.debug_abbrev)
 .debug_abbrev  0x00000000      0x197 .\CortexM3\ARM_GCC_541\Debug\main.o
 .debug_abbrev  0x00000197       0xf5 .\CortexM3\ARM_GCC_541\Debug\I2C_interface.o
 .debug_abbrev  0x0000028c       0x4b .\CortexM3\ARM_GCC_541\Debug\Ctrl_Reg_Functions.o
 .debug_abbrev  0x000002d7      0x10f .\CortexM3\ARM_GCC_541\Debug\Interrupt_Routines.o
 .debug_abbrev  0x000003e6      0x12b .\CortexM3\ARM_GCC_541\Debug\SPI_Interface.o
 .debug_abbrev  0x00000511      0x11c .\CortexM3\ARM_GCC_541\Debug\EEPROM_Interface.o
 .debug_abbrev  0x0000062d       0xd2 .\CortexM3\ARM_GCC_541\Debug\Initialization.o
 .debug_abbrev  0x000006ff      0x22d .\CortexM3\ARM_GCC_541\Debug\cyfitter_cfg.o
 .debug_abbrev  0x0000092c       0x77 .\CortexM3\ARM_GCC_541\Debug\cymetadata.o
 .debug_abbrev  0x000009a3      0x1e8 .\CortexM3\ARM_GCC_541\Debug\Cm3Start.o
 .debug_abbrev  0x00000b8b       0x90 .\CortexM3\ARM_GCC_541\Debug\Final_Project.a(INT_Led.o)
 .debug_abbrev  0x00000c1b       0x90 .\CortexM3\ARM_GCC_541\Debug\Final_Project.a(RED_Led.o)
 .debug_abbrev  0x00000cab       0x90 .\CortexM3\ARM_GCC_541\Debug\Final_Project.a(GREEN_Led.o)
 .debug_abbrev  0x00000d3b       0x90 .\CortexM3\ARM_GCC_541\Debug\Final_Project.a(BLUE_Led.o)
 .debug_abbrev  0x00000dcb      0x1eb .\CortexM3\ARM_GCC_541\Debug\Final_Project.a(ADC_DelSig.o)
 .debug_abbrev  0x00000fb6       0x42 .\CortexM3\ARM_GCC_541\Debug\Final_Project.a(ADC_DelSig_INT.o)
 .debug_abbrev  0x00000ff8      0x173 .\CortexM3\ARM_GCC_541\Debug\Final_Project.a(isr_LIS3DH.o)
 .debug_abbrev  0x0000116b       0x90 .\CortexM3\ARM_GCC_541\Debug\Final_Project.a(SDO_LIS3DH.o)
 .debug_abbrev  0x000011fb       0x90 .\CortexM3\ARM_GCC_541\Debug\Final_Project.a(CS_LIS3DH.o)
 .debug_abbrev  0x0000128b      0x10a .\CortexM3\ARM_GCC_541\Debug\Final_Project.a(I2C_Master.o)
 .debug_abbrev  0x00001395       0xb6 .\CortexM3\ARM_GCC_541\Debug\Final_Project.a(I2C_Master_INT.o)
 .debug_abbrev  0x0000144b       0xfe .\CortexM3\ARM_GCC_541\Debug\Final_Project.a(I2C_Master_PM.o)
 .debug_abbrev  0x00001549      0x13c .\CortexM3\ARM_GCC_541\Debug\Final_Project.a(I2C_Master_MASTER.o)
 .debug_abbrev  0x00001685      0x175 .\CortexM3\ARM_GCC_541\Debug\Final_Project.a(UART_Debug.o)
 .debug_abbrev  0x000017fa       0x90 .\CortexM3\ARM_GCC_541\Debug\Final_Project.a(CS_1.o)
 .debug_abbrev  0x0000188a      0x162 .\CortexM3\ARM_GCC_541\Debug\Final_Project.a(SPIM_1.o)
 .debug_abbrev  0x000019ec       0x8a .\CortexM3\ARM_GCC_541\Debug\Final_Project.a(SPIM_1_INT.o)
 .debug_abbrev  0x00001a76      0x11a .\CortexM3\ARM_GCC_541\Debug\Final_Project.a(Timer.o)
 .debug_abbrev  0x00001b90      0x173 .\CortexM3\ARM_GCC_541\Debug\Final_Project.a(isr_TIMER.o)
 .debug_abbrev  0x00001d03      0x173 .\CortexM3\ARM_GCC_541\Debug\Final_Project.a(isr_Button.o)
 .debug_abbrev  0x00001e76      0x11a .\CortexM3\ARM_GCC_541\Debug\Final_Project.a(Timer_Button.o)
 .debug_abbrev  0x00001f90       0xb1 .\CortexM3\ARM_GCC_541\Debug\Final_Project.a(ADC_DelSig_AMux.o)
 .debug_abbrev  0x00002041      0x139 .\CortexM3\ARM_GCC_541\Debug\Final_Project.a(ADC_DelSig_Ext_CP_Clk.o)
 .debug_abbrev  0x0000217a      0x121 .\CortexM3\ARM_GCC_541\Debug\Final_Project.a(ADC_DelSig_theACLK.o)
 .debug_abbrev  0x0000229b      0x139 .\CortexM3\ARM_GCC_541\Debug\Final_Project.a(UART_Debug_IntClock.o)
 .debug_abbrev  0x000023d4      0x139 .\CortexM3\ARM_GCC_541\Debug\Final_Project.a(SPIM_1_IntClock.o)
 .debug_abbrev  0x0000250d      0x254 .\CortexM3\ARM_GCC_541\Debug\Final_Project.a(CyLib.o)
 .debug_abbrev  0x00002761      0x1ab .\CortexM3\ARM_GCC_541\Debug\Final_Project.a(cyPm.o)
 .debug_abbrev  0x0000290c      0x173 .\CortexM3\ARM_GCC_541\Debug\Final_Project.a(isr_Debouncer.o)
 .debug_abbrev  0x00002a7f       0x14 .\CortexM3\ARM_GCC_541\Debug\Final_Project.a(CyBootAsmGnu.o)
 .debug_abbrev  0x00002a93      0x1a7 .\CortexM3\ARM_GCC_541\Debug\Final_Project.a(CyFlash.o)
 .debug_abbrev  0x00002c3a      0x194 .\CortexM3\ARM_GCC_541\Debug\Final_Project.a(CySpc.o)

.debug_line     0x00000000     0x485e
 *(.debug_line)
 .debug_line    0x00000000      0x47e .\CortexM3\ARM_GCC_541\Debug\main.o
 .debug_line    0x0000047e      0x209 .\CortexM3\ARM_GCC_541\Debug\I2C_interface.o
 .debug_line    0x00000687      0x13f .\CortexM3\ARM_GCC_541\Debug\Ctrl_Reg_Functions.o
 .debug_line    0x000007c6      0x308 .\CortexM3\ARM_GCC_541\Debug\Interrupt_Routines.o
 .debug_line    0x00000ace      0x1f4 .\CortexM3\ARM_GCC_541\Debug\SPI_Interface.o
 .debug_line    0x00000cc2      0x1ef .\CortexM3\ARM_GCC_541\Debug\EEPROM_Interface.o
 .debug_line    0x00000eb1      0x246 .\CortexM3\ARM_GCC_541\Debug\Initialization.o
 .debug_line    0x000010f7      0x22b .\CortexM3\ARM_GCC_541\Debug\cyfitter_cfg.o
 .debug_line    0x00001322      0x141 .\CortexM3\ARM_GCC_541\Debug\cymetadata.o
 .debug_line    0x00001463      0x234 .\CortexM3\ARM_GCC_541\Debug\Cm3Start.o
 .debug_line    0x00001697       0x94 .\CortexM3\ARM_GCC_541\Debug\Final_Project.a(INT_Led.o)
 .debug_line    0x0000172b       0x94 .\CortexM3\ARM_GCC_541\Debug\Final_Project.a(RED_Led.o)
 .debug_line    0x000017bf       0x96 .\CortexM3\ARM_GCC_541\Debug\Final_Project.a(GREEN_Led.o)
 .debug_line    0x00001855       0x95 .\CortexM3\ARM_GCC_541\Debug\Final_Project.a(BLUE_Led.o)
 .debug_line    0x000018ea      0x373 .\CortexM3\ARM_GCC_541\Debug\Final_Project.a(ADC_DelSig.o)
 .debug_line    0x00001c5d       0x87 .\CortexM3\ARM_GCC_541\Debug\Final_Project.a(ADC_DelSig_INT.o)
 .debug_line    0x00001ce4      0x137 .\CortexM3\ARM_GCC_541\Debug\Final_Project.a(isr_LIS3DH.o)
 .debug_line    0x00001e1b       0x97 .\CortexM3\ARM_GCC_541\Debug\Final_Project.a(SDO_LIS3DH.o)
 .debug_line    0x00001eb2       0x96 .\CortexM3\ARM_GCC_541\Debug\Final_Project.a(CS_LIS3DH.o)
 .debug_line    0x00001f48       0xee .\CortexM3\ARM_GCC_541\Debug\Final_Project.a(I2C_Master.o)
 .debug_line    0x00002036      0x122 .\CortexM3\ARM_GCC_541\Debug\Final_Project.a(I2C_Master_INT.o)
 .debug_line    0x00002158       0xc9 .\CortexM3\ARM_GCC_541\Debug\Final_Project.a(I2C_Master_PM.o)
 .debug_line    0x00002221      0x20b .\CortexM3\ARM_GCC_541\Debug\Final_Project.a(I2C_Master_MASTER.o)
 .debug_line    0x0000242c      0x2c8 .\CortexM3\ARM_GCC_541\Debug\Final_Project.a(UART_Debug.o)
 .debug_line    0x000026f4       0x91 .\CortexM3\ARM_GCC_541\Debug\Final_Project.a(CS_1.o)
 .debug_line    0x00002785      0x29e .\CortexM3\ARM_GCC_541\Debug\Final_Project.a(SPIM_1.o)
 .debug_line    0x00002a23       0xaa .\CortexM3\ARM_GCC_541\Debug\Final_Project.a(SPIM_1_INT.o)
 .debug_line    0x00002acd      0x153 .\CortexM3\ARM_GCC_541\Debug\Final_Project.a(Timer.o)
 .debug_line    0x00002c20      0x136 .\CortexM3\ARM_GCC_541\Debug\Final_Project.a(isr_TIMER.o)
 .debug_line    0x00002d56      0x137 .\CortexM3\ARM_GCC_541\Debug\Final_Project.a(isr_Button.o)
 .debug_line    0x00002e8d      0x15f .\CortexM3\ARM_GCC_541\Debug\Final_Project.a(Timer_Button.o)
 .debug_line    0x00002fec       0xb3 .\CortexM3\ARM_GCC_541\Debug\Final_Project.a(ADC_DelSig_AMux.o)
 .debug_line    0x0000309f      0x184 .\CortexM3\ARM_GCC_541\Debug\Final_Project.a(ADC_DelSig_Ext_CP_Clk.o)
 .debug_line    0x00003223      0x1a4 .\CortexM3\ARM_GCC_541\Debug\Final_Project.a(ADC_DelSig_theACLK.o)
 .debug_line    0x000033c7      0x182 .\CortexM3\ARM_GCC_541\Debug\Final_Project.a(UART_Debug_IntClock.o)
 .debug_line    0x00003549      0x17e .\CortexM3\ARM_GCC_541\Debug\Final_Project.a(SPIM_1_IntClock.o)
 .debug_line    0x000036c7      0x816 .\CortexM3\ARM_GCC_541\Debug\Final_Project.a(CyLib.o)
 .debug_line    0x00003edd      0x367 .\CortexM3\ARM_GCC_541\Debug\Final_Project.a(cyPm.o)
 .debug_line    0x00004244      0x13a .\CortexM3\ARM_GCC_541\Debug\Final_Project.a(isr_Debouncer.o)
 .debug_line    0x0000437e       0x66 .\CortexM3\ARM_GCC_541\Debug\Final_Project.a(CyBootAsmGnu.o)
 .debug_line    0x000043e4      0x21a .\CortexM3\ARM_GCC_541\Debug\Final_Project.a(CyFlash.o)
 .debug_line    0x000045fe      0x260 .\CortexM3\ARM_GCC_541\Debug\Final_Project.a(CySpc.o)

.debug_frame    0x00000000     0x2c0c
 *(.debug_frame)
 .debug_frame   0x00000000       0x44 .\CortexM3\ARM_GCC_541\Debug\main.o
 .debug_frame   0x00000044       0xfc .\CortexM3\ARM_GCC_541\Debug\I2C_interface.o
 .debug_frame   0x00000140       0x90 .\CortexM3\ARM_GCC_541\Debug\Interrupt_Routines.o
 .debug_frame   0x000001d0       0x88 .\CortexM3\ARM_GCC_541\Debug\SPI_Interface.o
 .debug_frame   0x00000258       0xf8 .\CortexM3\ARM_GCC_541\Debug\EEPROM_Interface.o
 .debug_frame   0x00000350       0x64 .\CortexM3\ARM_GCC_541\Debug\Initialization.o
 .debug_frame   0x000003b4      0x104 .\CortexM3\ARM_GCC_541\Debug\cyfitter_cfg.o
 .debug_frame   0x000004b8       0xb8 .\CortexM3\ARM_GCC_541\Debug\Cm3Start.o
 .debug_frame   0x00000570       0x50 .\CortexM3\ARM_GCC_541\Debug\Final_Project.a(INT_Led.o)
 .debug_frame   0x000005c0       0x50 .\CortexM3\ARM_GCC_541\Debug\Final_Project.a(RED_Led.o)
 .debug_frame   0x00000610       0x50 .\CortexM3\ARM_GCC_541\Debug\Final_Project.a(GREEN_Led.o)
 .debug_frame   0x00000660       0x50 .\CortexM3\ARM_GCC_541\Debug\Final_Project.a(BLUE_Led.o)
 .debug_frame   0x000006b0      0x284 .\CortexM3\ARM_GCC_541\Debug\Final_Project.a(ADC_DelSig.o)
 .debug_frame   0x00000934       0x50 .\CortexM3\ARM_GCC_541\Debug\Final_Project.a(ADC_DelSig_INT.o)
 .debug_frame   0x00000984      0x104 .\CortexM3\ARM_GCC_541\Debug\Final_Project.a(isr_LIS3DH.o)
 .debug_frame   0x00000a88       0x50 .\CortexM3\ARM_GCC_541\Debug\Final_Project.a(SDO_LIS3DH.o)
 .debug_frame   0x00000ad8       0x50 .\CortexM3\ARM_GCC_541\Debug\Final_Project.a(CS_LIS3DH.o)
 .debug_frame   0x00000b28       0x90 .\CortexM3\ARM_GCC_541\Debug\Final_Project.a(I2C_Master.o)
 .debug_frame   0x00000bb8       0x30 .\CortexM3\ARM_GCC_541\Debug\Final_Project.a(I2C_Master_INT.o)
 .debug_frame   0x00000be8       0x74 .\CortexM3\ARM_GCC_541\Debug\Final_Project.a(I2C_Master_PM.o)
 .debug_frame   0x00000c5c      0x138 .\CortexM3\ARM_GCC_541\Debug\Final_Project.a(I2C_Master_MASTER.o)
 .debug_frame   0x00000d94      0x250 .\CortexM3\ARM_GCC_541\Debug\Final_Project.a(UART_Debug.o)
 .debug_frame   0x00000fe4       0x50 .\CortexM3\ARM_GCC_541\Debug\Final_Project.a(CS_1.o)
 .debug_frame   0x00001034      0x260 .\CortexM3\ARM_GCC_541\Debug\Final_Project.a(SPIM_1.o)
 .debug_frame   0x00001294       0x30 .\CortexM3\ARM_GCC_541\Debug\Final_Project.a(SPIM_1_INT.o)
 .debug_frame   0x000012c4      0x108 .\CortexM3\ARM_GCC_541\Debug\Final_Project.a(Timer.o)
 .debug_frame   0x000013cc      0x104 .\CortexM3\ARM_GCC_541\Debug\Final_Project.a(isr_TIMER.o)
 .debug_frame   0x000014d0      0x104 .\CortexM3\ARM_GCC_541\Debug\Final_Project.a(isr_Button.o)
 .debug_frame   0x000015d4      0x108 .\CortexM3\ARM_GCC_541\Debug\Final_Project.a(Timer_Button.o)
 .debug_frame   0x000016dc       0x64 .\CortexM3\ARM_GCC_541\Debug\Final_Project.a(ADC_DelSig_AMux.o)
 .debug_frame   0x00001740       0xe0 .\CortexM3\ARM_GCC_541\Debug\Final_Project.a(ADC_DelSig_Ext_CP_Clk.o)
 .debug_frame   0x00001820      0x100 .\CortexM3\ARM_GCC_541\Debug\Final_Project.a(ADC_DelSig_theACLK.o)
 .debug_frame   0x00001920       0xe0 .\CortexM3\ARM_GCC_541\Debug\Final_Project.a(UART_Debug_IntClock.o)
 .debug_frame   0x00001a00       0xe0 .\CortexM3\ARM_GCC_541\Debug\Final_Project.a(SPIM_1_IntClock.o)
 .debug_frame   0x00001ae0      0x738 .\CortexM3\ARM_GCC_541\Debug\Final_Project.a(CyLib.o)
 .debug_frame   0x00002218      0x1f8 .\CortexM3\ARM_GCC_541\Debug\Final_Project.a(cyPm.o)
 .debug_frame   0x00002410      0x104 .\CortexM3\ARM_GCC_541\Debug\Final_Project.a(isr_Debouncer.o)
 .debug_frame   0x00002514      0x194 .\CortexM3\ARM_GCC_541\Debug\Final_Project.a(CyFlash.o)
 .debug_frame   0x000026a8      0x180 .\CortexM3\ARM_GCC_541\Debug\Final_Project.a(CySpc.o)
 .debug_frame   0x00002828       0x20 c:/program files (x86)/cypress/psoc creator/4.3/psoc creator/import/gnu/arm/5.4.1/bin/../lib/gcc/arm-none-eabi/5.4.1/../../../../arm-none-eabi/lib/armv7-m\libg_nano.a(lib_a-errno.o)
 .debug_frame   0x00002848       0x28 c:/program files (x86)/cypress/psoc creator/4.3/psoc creator/import/gnu/arm/5.4.1/bin/../lib/gcc/arm-none-eabi/5.4.1/../../../../arm-none-eabi/lib/armv7-m\libg_nano.a(lib_a-exit.o)
 .debug_frame   0x00002870       0x2c c:/program files (x86)/cypress/psoc creator/4.3/psoc creator/import/gnu/arm/5.4.1/bin/../lib/gcc/arm-none-eabi/5.4.1/../../../../arm-none-eabi/lib/armv7-m\libg_nano.a(lib_a-init.o)
 .debug_frame   0x0000289c       0x28 c:/program files (x86)/cypress/psoc creator/4.3/psoc creator/import/gnu/arm/5.4.1/bin/../lib/gcc/arm-none-eabi/5.4.1/../../../../arm-none-eabi/lib/armv7-m\libg_nano.a(lib_a-memcpy-stub.o)
 .debug_frame   0x000028c4       0x20 c:/program files (x86)/cypress/psoc creator/4.3/psoc creator/import/gnu/arm/5.4.1/bin/../lib/gcc/arm-none-eabi/5.4.1/../../../../arm-none-eabi/lib/armv7-m\libg_nano.a(lib_a-memset.o)
 .debug_frame   0x000028e4       0x70 c:/program files (x86)/cypress/psoc creator/4.3/psoc creator/import/gnu/arm/5.4.1/bin/../lib/gcc/arm-none-eabi/5.4.1/../../../../arm-none-eabi/lib/armv7-m\libg_nano.a(lib_a-sprintf.o)
 .debug_frame   0x00002954       0x90 c:/program files (x86)/cypress/psoc creator/4.3/psoc creator/import/gnu/arm/5.4.1/bin/../lib/gcc/arm-none-eabi/5.4.1/../../../../arm-none-eabi/lib/armv7-m\libg_nano.a(lib_a-nano-svfprintf.o)
 .debug_frame   0x000029e4       0x60 c:/program files (x86)/cypress/psoc creator/4.3/psoc creator/import/gnu/arm/5.4.1/bin/../lib/gcc/arm-none-eabi/5.4.1/../../../../arm-none-eabi/lib/armv7-m\libg_nano.a(lib_a-nano-vfprintf_i.o)
 .debug_frame   0x00002a44       0x28 c:/program files (x86)/cypress/psoc creator/4.3/psoc creator/import/gnu/arm/5.4.1/bin/../lib/gcc/arm-none-eabi/5.4.1/../../../../arm-none-eabi/lib/armv7-m\libg_nano.a(lib_a-memchr-stub.o)
 .debug_frame   0x00002a6c       0x28 c:/program files (x86)/cypress/psoc creator/4.3/psoc creator/import/gnu/arm/5.4.1/bin/../lib/gcc/arm-none-eabi/5.4.1/../../../../arm-none-eabi/lib/armv7-m\libg_nano.a(lib_a-memmove.o)
 .debug_frame   0x00002a94       0x38 c:/program files (x86)/cypress/psoc creator/4.3/psoc creator/import/gnu/arm/5.4.1/bin/../lib/gcc/arm-none-eabi/5.4.1/../../../../arm-none-eabi/lib/armv7-m\libg_nano.a(lib_a-nano-freer.o)
 .debug_frame   0x00002acc       0x2c c:/program files (x86)/cypress/psoc creator/4.3/psoc creator/import/gnu/arm/5.4.1/bin/../lib/gcc/arm-none-eabi/5.4.1/../../../../arm-none-eabi/lib/armv7-m\libg_nano.a(lib_a-nano-mallocr.o)
 .debug_frame   0x00002af8       0x3c c:/program files (x86)/cypress/psoc creator/4.3/psoc creator/import/gnu/arm/5.4.1/bin/../lib/gcc/arm-none-eabi/5.4.1/../../../../arm-none-eabi/lib/armv7-m\libg_nano.a(lib_a-nano-reallocr.o)
 .debug_frame   0x00002b34       0x2c c:/program files (x86)/cypress/psoc creator/4.3/psoc creator/import/gnu/arm/5.4.1/bin/../lib/gcc/arm-none-eabi/5.4.1/../../../../arm-none-eabi/lib/armv7-m\libg_nano.a(lib_a-sbrkr.o)
 .debug_frame   0x00002b60       0x30 c:/program files (x86)/cypress/psoc creator/4.3/psoc creator/import/gnu/arm/5.4.1/bin/../lib/gcc/arm-none-eabi/5.4.1/../../../../arm-none-eabi/lib/armv7-m\libg_nano.a(lib_a-mlock.o)
 .debug_frame   0x00002b90       0x20 c:/program files (x86)/cypress/psoc creator/4.3/psoc creator/import/gnu/arm/5.4.1/bin/../lib/gcc/arm-none-eabi/5.4.1/../../../../arm-none-eabi/lib/armv7-m\libg_nano.a(lib_a-nano-msizer.o)
 .debug_frame   0x00002bb0       0x5c c:/program files (x86)/cypress/psoc creator/4.3/psoc creator/import/gnu/arm/5.4.1/bin/../lib/gcc/arm-none-eabi/5.4.1/../../../../arm-none-eabi/lib/armv7-m\libg_nano.a(lib_a-reent.o)

.debug_str      0x00000000     0x3a28
 *(.debug_str)
 .debug_str     0x00000000      0x619 .\CortexM3\ARM_GCC_541\Debug\main.o
                                0x6b4 (size before relaxing)
 .debug_str     0x00000619      0x11d .\CortexM3\ARM_GCC_541\Debug\I2C_interface.o
                                0x36e (size before relaxing)
 .debug_str     0x00000736       0x15 .\CortexM3\ARM_GCC_541\Debug\Ctrl_Reg_Functions.o
                                0x1b7 (size before relaxing)
 .debug_str     0x0000074b      0x133 .\CortexM3\ARM_GCC_541\Debug\Interrupt_Routines.o
                                0x404 (size before relaxing)
 .debug_str     0x0000087e      0x14f .\CortexM3\ARM_GCC_541\Debug\SPI_Interface.o
                                0x2fb (size before relaxing)
 .debug_str     0x000009cd       0x65 .\CortexM3\ARM_GCC_541\Debug\EEPROM_Interface.o
                                0x2d1 (size before relaxing)
 .debug_str     0x00000a32       0x56 .\CortexM3\ARM_GCC_541\Debug\Initialization.o
                                0x3c3 (size before relaxing)
 .debug_str     0x00000a88      0x211 .\CortexM3\ARM_GCC_541\Debug\cyfitter_cfg.o
                                0x3b4 (size before relaxing)
 .debug_str     0x00000c99       0x75 .\CortexM3\ARM_GCC_541\Debug\cymetadata.o
                                0x1ec (size before relaxing)
 .debug_str     0x00000d0e      0x144 .\CortexM3\ARM_GCC_541\Debug\Cm3Start.o
                                0x312 (size before relaxing)
 .debug_str     0x00000e52       0x5a .\CortexM3\ARM_GCC_541\Debug\Final_Project.a(INT_Led.o)
                                0x1f4 (size before relaxing)
 .debug_str     0x00000eac       0x4a .\CortexM3\ARM_GCC_541\Debug\Final_Project.a(RED_Led.o)
                                0x1f4 (size before relaxing)
 .debug_str     0x00000ef6       0x50 .\CortexM3\ARM_GCC_541\Debug\Final_Project.a(GREEN_Led.o)
                                0x1fe (size before relaxing)
 .debug_str     0x00000f46       0x4d .\CortexM3\ARM_GCC_541\Debug\Final_Project.a(BLUE_Led.o)
                                0x1f9 (size before relaxing)
 .debug_str     0x00000f93      0x48c .\CortexM3\ARM_GCC_541\Debug\Final_Project.a(ADC_DelSig.o)
                                0x6f0 (size before relaxing)
 .debug_str     0x0000141f       0x68 .\CortexM3\ARM_GCC_541\Debug\Final_Project.a(ADC_DelSig_INT.o)
                                0x1eb (size before relaxing)
 .debug_str     0x00001487      0x121 .\CortexM3\ARM_GCC_541\Debug\Final_Project.a(isr_LIS3DH.o)
                                0x2f4 (size before relaxing)
 .debug_str     0x000015a8       0x63 .\CortexM3\ARM_GCC_541\Debug\Final_Project.a(SDO_LIS3DH.o)
                                0x203 (size before relaxing)
 .debug_str     0x0000160b       0x5f .\CortexM3\ARM_GCC_541\Debug\Final_Project.a(CS_LIS3DH.o)
                                0x1fe (size before relaxing)
 .debug_str     0x0000166a      0x11a .\CortexM3\ARM_GCC_541\Debug\Final_Project.a(I2C_Master.o)
                                0x33d (size before relaxing)
 .debug_str     0x00001784       0xb7 .\CortexM3\ARM_GCC_541\Debug\Final_Project.a(I2C_Master_INT.o)
                                0x2b4 (size before relaxing)
 .debug_str     0x0000183b       0x79 .\CortexM3\ARM_GCC_541\Debug\Final_Project.a(I2C_Master_PM.o)
                                0x2c4 (size before relaxing)
 .debug_str     0x000018b4      0x14b .\CortexM3\ARM_GCC_541\Debug\Final_Project.a(I2C_Master_MASTER.o)
                                0x44d (size before relaxing)
 .debug_str     0x000019ff      0x322 .\CortexM3\ARM_GCC_541\Debug\Final_Project.a(UART_Debug.o)
                                0x537 (size before relaxing)
 .debug_str     0x00001d21       0x4b .\CortexM3\ARM_GCC_541\Debug\Final_Project.a(CS_1.o)
                                0x1e5 (size before relaxing)
 .debug_str     0x00001d6c      0x276 .\CortexM3\ARM_GCC_541\Debug\Final_Project.a(SPIM_1.o)
                                0x532 (size before relaxing)
 .debug_str     0x00001fe2       0x40 .\CortexM3\ARM_GCC_541\Debug\Final_Project.a(SPIM_1_INT.o)
                                0x29d (size before relaxing)
 .debug_str     0x00002022      0x12d .\CortexM3\ARM_GCC_541\Debug\Final_Project.a(Timer.o)
                                0x2fd (size before relaxing)
 .debug_str     0x0000214f       0xfd .\CortexM3\ARM_GCC_541\Debug\Final_Project.a(isr_TIMER.o)
                                0x2e6 (size before relaxing)
 .debug_str     0x0000224c      0x119 .\CortexM3\ARM_GCC_541\Debug\Final_Project.a(isr_Button.o)
                                0x2f4 (size before relaxing)
 .debug_str     0x00002365      0x16e .\CortexM3\ARM_GCC_541\Debug\Final_Project.a(Timer_Button.o)
                                0x36d (size before relaxing)
 .debug_str     0x000024d3       0x7b .\CortexM3\ARM_GCC_541\Debug\Final_Project.a(ADC_DelSig_AMux.o)
                                0x238 (size before relaxing)
 .debug_str     0x0000254e      0x1b3 .\CortexM3\ARM_GCC_541\Debug\Final_Project.a(ADC_DelSig_Ext_CP_Clk.o)
                                0x39e (size before relaxing)
 .debug_str     0x00002701      0x1a3 .\CortexM3\ARM_GCC_541\Debug\Final_Project.a(ADC_DelSig_theACLK.o)
                                0x3cb (size before relaxing)
 .debug_str     0x000028a4      0x174 .\CortexM3\ARM_GCC_541\Debug\Final_Project.a(UART_Debug_IntClock.o)
                                0x386 (size before relaxing)
 .debug_str     0x00002a18      0x14c .\CortexM3\ARM_GCC_541\Debug\Final_Project.a(SPIM_1_IntClock.o)
                                0x356 (size before relaxing)
 .debug_str     0x00002b64      0x7bf .\CortexM3\ARM_GCC_541\Debug\Final_Project.a(CyLib.o)
                                0xa4f (size before relaxing)
 .debug_str     0x00003323      0x365 .\CortexM3\ARM_GCC_541\Debug\Final_Project.a(cyPm.o)
                                0x73b (size before relaxing)
 .debug_str     0x00003688      0x140 .\CortexM3\ARM_GCC_541\Debug\Final_Project.a(isr_Debouncer.o)
                                0x31e (size before relaxing)
 .debug_str     0x000037c8      0x1b4 .\CortexM3\ARM_GCC_541\Debug\Final_Project.a(CyFlash.o)
                                0x3c8 (size before relaxing)
 .debug_str     0x0000397c       0xac .\CortexM3\ARM_GCC_541\Debug\Final_Project.a(CySpc.o)
                                0x340 (size before relaxing)

.debug_loc      0x00000000     0x4121
 *(.debug_loc)
 .debug_loc     0x00000000      0x714 .\CortexM3\ARM_GCC_541\Debug\main.o
 .debug_loc     0x00000714      0x328 .\CortexM3\ARM_GCC_541\Debug\I2C_interface.o
 .debug_loc     0x00000a3c      0x16c .\CortexM3\ARM_GCC_541\Debug\SPI_Interface.o
 .debug_loc     0x00000ba8      0x15a .\CortexM3\ARM_GCC_541\Debug\EEPROM_Interface.o
 .debug_loc     0x00000d02      0x2cb .\CortexM3\ARM_GCC_541\Debug\cyfitter_cfg.o
 .debug_loc     0x00000fcd      0x144 .\CortexM3\ARM_GCC_541\Debug\Cm3Start.o
 .debug_loc     0x00001111       0x42 .\CortexM3\ARM_GCC_541\Debug\Final_Project.a(INT_Led.o)
 .debug_loc     0x00001153       0x42 .\CortexM3\ARM_GCC_541\Debug\Final_Project.a(RED_Led.o)
 .debug_loc     0x00001195       0x42 .\CortexM3\ARM_GCC_541\Debug\Final_Project.a(GREEN_Led.o)
 .debug_loc     0x000011d7       0x42 .\CortexM3\ARM_GCC_541\Debug\Final_Project.a(BLUE_Led.o)
 .debug_loc     0x00001219      0x68c .\CortexM3\ARM_GCC_541\Debug\Final_Project.a(ADC_DelSig.o)
 .debug_loc     0x000018a5       0x56 .\CortexM3\ARM_GCC_541\Debug\Final_Project.a(isr_LIS3DH.o)
 .debug_loc     0x000018fb       0x42 .\CortexM3\ARM_GCC_541\Debug\Final_Project.a(SDO_LIS3DH.o)
 .debug_loc     0x0000193d       0x42 .\CortexM3\ARM_GCC_541\Debug\Final_Project.a(CS_LIS3DH.o)
 .debug_loc     0x0000197f       0x39 .\CortexM3\ARM_GCC_541\Debug\Final_Project.a(I2C_Master.o)
 .debug_loc     0x000019b8       0x29 .\CortexM3\ARM_GCC_541\Debug\Final_Project.a(I2C_Master_INT.o)
 .debug_loc     0x000019e1       0x13 .\CortexM3\ARM_GCC_541\Debug\Final_Project.a(I2C_Master_PM.o)
 .debug_loc     0x000019f4      0x52f .\CortexM3\ARM_GCC_541\Debug\Final_Project.a(I2C_Master_MASTER.o)
 .debug_loc     0x00001f23      0x258 .\CortexM3\ARM_GCC_541\Debug\Final_Project.a(UART_Debug.o)
 .debug_loc     0x0000217b       0x42 .\CortexM3\ARM_GCC_541\Debug\Final_Project.a(CS_1.o)
 .debug_loc     0x000021bd      0x20d .\CortexM3\ARM_GCC_541\Debug\Final_Project.a(SPIM_1.o)
 .debug_loc     0x000023ca       0x74 .\CortexM3\ARM_GCC_541\Debug\Final_Project.a(SPIM_1_INT.o)
 .debug_loc     0x0000243e       0x56 .\CortexM3\ARM_GCC_541\Debug\Final_Project.a(isr_TIMER.o)
 .debug_loc     0x00002494       0x56 .\CortexM3\ARM_GCC_541\Debug\Final_Project.a(isr_Button.o)
 .debug_loc     0x000024ea       0x6c .\CortexM3\ARM_GCC_541\Debug\Final_Project.a(ADC_DelSig_AMux.o)
 .debug_loc     0x00002556      0x12c .\CortexM3\ARM_GCC_541\Debug\Final_Project.a(ADC_DelSig_Ext_CP_Clk.o)
 .debug_loc     0x00002682      0x14d .\CortexM3\ARM_GCC_541\Debug\Final_Project.a(ADC_DelSig_theACLK.o)
 .debug_loc     0x000027cf      0x128 .\CortexM3\ARM_GCC_541\Debug\Final_Project.a(UART_Debug_IntClock.o)
 .debug_loc     0x000028f7      0x128 .\CortexM3\ARM_GCC_541\Debug\Final_Project.a(SPIM_1_IntClock.o)
 .debug_loc     0x00002a1f      0xa11 .\CortexM3\ARM_GCC_541\Debug\Final_Project.a(CyLib.o)
 .debug_loc     0x00003430      0x1e4 .\CortexM3\ARM_GCC_541\Debug\Final_Project.a(cyPm.o)
 .debug_loc     0x00003614       0x56 .\CortexM3\ARM_GCC_541\Debug\Final_Project.a(isr_Debouncer.o)
 .debug_loc     0x0000366a      0x3b2 .\CortexM3\ARM_GCC_541\Debug\Final_Project.a(CyFlash.o)
 .debug_loc     0x00003a1c      0x705 .\CortexM3\ARM_GCC_541\Debug\Final_Project.a(CySpc.o)

.debug_macinfo
 *(.debug_macinfo)

.debug_ranges   0x00000000      0xeb0
 *(.debug_ranges)
 .debug_ranges  0x00000000       0x10 .\CortexM3\ARM_GCC_541\Debug\main.o
 .debug_ranges  0x00000010       0x58 .\CortexM3\ARM_GCC_541\Debug\I2C_interface.o
 .debug_ranges  0x00000068       0x28 .\CortexM3\ARM_GCC_541\Debug\Interrupt_Routines.o
 .debug_ranges  0x00000090       0x28 .\CortexM3\ARM_GCC_541\Debug\SPI_Interface.o
 .debug_ranges  0x000000b8       0x40 .\CortexM3\ARM_GCC_541\Debug\EEPROM_Interface.o
 .debug_ranges  0x000000f8       0x20 .\CortexM3\ARM_GCC_541\Debug\Initialization.o
 .debug_ranges  0x00000118       0x58 .\CortexM3\ARM_GCC_541\Debug\cyfitter_cfg.o
 .debug_ranges  0x00000170       0x38 .\CortexM3\ARM_GCC_541\Debug\Cm3Start.o
 .debug_ranges  0x000001a8       0x28 .\CortexM3\ARM_GCC_541\Debug\Final_Project.a(INT_Led.o)
 .debug_ranges  0x000001d0       0x28 .\CortexM3\ARM_GCC_541\Debug\Final_Project.a(RED_Led.o)
 .debug_ranges  0x000001f8       0x28 .\CortexM3\ARM_GCC_541\Debug\Final_Project.a(GREEN_Led.o)
 .debug_ranges  0x00000220       0x28 .\CortexM3\ARM_GCC_541\Debug\Final_Project.a(BLUE_Led.o)
 .debug_ranges  0x00000248       0xd8 .\CortexM3\ARM_GCC_541\Debug\Final_Project.a(ADC_DelSig.o)
 .debug_ranges  0x00000320       0x28 .\CortexM3\ARM_GCC_541\Debug\Final_Project.a(ADC_DelSig_INT.o)
 .debug_ranges  0x00000348       0x70 .\CortexM3\ARM_GCC_541\Debug\Final_Project.a(isr_LIS3DH.o)
 .debug_ranges  0x000003b8       0x28 .\CortexM3\ARM_GCC_541\Debug\Final_Project.a(SDO_LIS3DH.o)
 .debug_ranges  0x000003e0       0x28 .\CortexM3\ARM_GCC_541\Debug\Final_Project.a(CS_LIS3DH.o)
 .debug_ranges  0x00000408       0x28 .\CortexM3\ARM_GCC_541\Debug\Final_Project.a(I2C_Master.o)
 .debug_ranges  0x00000430       0x10 .\CortexM3\ARM_GCC_541\Debug\Final_Project.a(I2C_Master_INT.o)
 .debug_ranges  0x00000440       0x28 .\CortexM3\ARM_GCC_541\Debug\Final_Project.a(I2C_Master_PM.o)
 .debug_ranges  0x00000468       0x70 .\CortexM3\ARM_GCC_541\Debug\Final_Project.a(I2C_Master_MASTER.o)
 .debug_ranges  0x000004d8       0xe0 .\CortexM3\ARM_GCC_541\Debug\Final_Project.a(UART_Debug.o)
 .debug_ranges  0x000005b8       0x28 .\CortexM3\ARM_GCC_541\Debug\Final_Project.a(CS_1.o)
 .debug_ranges  0x000005e0       0xc8 .\CortexM3\ARM_GCC_541\Debug\Final_Project.a(SPIM_1.o)
 .debug_ranges  0x000006a8       0x18 .\CortexM3\ARM_GCC_541\Debug\Final_Project.a(SPIM_1_INT.o)
 .debug_ranges  0x000006c0       0x78 .\CortexM3\ARM_GCC_541\Debug\Final_Project.a(Timer.o)
 .debug_ranges  0x00000738       0x70 .\CortexM3\ARM_GCC_541\Debug\Final_Project.a(isr_TIMER.o)
 .debug_ranges  0x000007a8       0x70 .\CortexM3\ARM_GCC_541\Debug\Final_Project.a(isr_Button.o)
 .debug_ranges  0x00000818       0x78 .\CortexM3\ARM_GCC_541\Debug\Final_Project.a(Timer_Button.o)
 .debug_ranges  0x00000890       0x20 .\CortexM3\ARM_GCC_541\Debug\Final_Project.a(ADC_DelSig_AMux.o)
 .debug_ranges  0x000008b0       0x60 .\CortexM3\ARM_GCC_541\Debug\Final_Project.a(ADC_DelSig_Ext_CP_Clk.o)
 .debug_ranges  0x00000910       0x70 .\CortexM3\ARM_GCC_541\Debug\Final_Project.a(ADC_DelSig_theACLK.o)
 .debug_ranges  0x00000980       0x60 .\CortexM3\ARM_GCC_541\Debug\Final_Project.a(UART_Debug_IntClock.o)
 .debug_ranges  0x000009e0       0x60 .\CortexM3\ARM_GCC_541\Debug\Final_Project.a(SPIM_1_IntClock.o)